../Core/Src/main.c:91:6:HAL_GPIO_EXTI_Callback	16	static
../Core/Src/main.c:100:6:HAL_TIM_PeriodElapsedCallback	16	static
../Core/Src/main.c:112:5:main	16	static
../Core/Src/main.c:169:6:SystemClock_Config	88	static
../Core/Src/main.c:217:13:MX_ADC1_Init	24	static
../Core/Src/main.c:270:13:MX_CAN_Init	8	static
../Core/Src/main.c:307:13:MX_CRC_Init	8	static
../Core/Src/main.c:333:6:MX_RTC_Init	16	static
../Core/Src/main.c:390:13:MX_SPI2_Init	8	static
../Core/Src/main.c:428:13:MX_TIM2_Init	32	static
../Core/Src/main.c:473:13:MX_TIM3_Init	64	static
../Core/Src/main.c:532:13:MX_USART1_UART_Init	8	static
../Core/Src/main.c:565:13:MX_USART2_UART_Init	8	static
../Core/Src/main.c:598:13:MX_USART3_UART_Init	8	static
../Core/Src/main.c:631:13:MX_GPIO_Init	40	static
../Core/Src/main.c:704:6:Error_Handler	4	static,ignoring_inline_asm
