Archive member included to satisfy reference by file (symbol)

c:/st/stm32cubeide_1.8.0/stm32cubeide/plugins/com.st.stm32cube.ide.mcu.externaltools.gnu-tools-for-stm32.9-2020-q2-update.win32_2.0.0.202105311346/tools/bin/../lib/gcc/arm-none-eabi/9.3.1/../../../../arm-none-eabi/lib/thumb/v7-m/nofp\libc_nano.a(lib_a-errno.o)
                              ./Core/Src/syscalls.o (__errno)
c:/st/stm32cubeide_1.8.0/stm32cubeide/plugins/com.st.stm32cube.ide.mcu.externaltools.gnu-tools-for-stm32.9-2020-q2-update.win32_2.0.0.202105311346/tools/bin/../lib/gcc/arm-none-eabi/9.3.1/../../../../arm-none-eabi/lib/thumb/v7-m/nofp\libc_nano.a(lib_a-exit.o)
                              c:/st/stm32cubeide_1.8.0/stm32cubeide/plugins/com.st.stm32cube.ide.mcu.externaltools.gnu-tools-for-stm32.9-2020-q2-update.win32_2.0.0.202105311346/tools/bin/../lib/gcc/arm-none-eabi/9.3.1/../../../../arm-none-eabi/lib/thumb/v7-m/nofp/crt0.o (exit)
c:/st/stm32cubeide_1.8.0/stm32cubeide/plugins/com.st.stm32cube.ide.mcu.externaltools.gnu-tools-for-stm32.9-2020-q2-update.win32_2.0.0.202105311346/tools/bin/../lib/gcc/arm-none-eabi/9.3.1/../../../../arm-none-eabi/lib/thumb/v7-m/nofp\libc_nano.a(lib_a-impure.o)
                              c:/st/stm32cubeide_1.8.0/stm32cubeide/plugins/com.st.stm32cube.ide.mcu.externaltools.gnu-tools-for-stm32.9-2020-q2-update.win32_2.0.0.202105311346/tools/bin/../lib/gcc/arm-none-eabi/9.3.1/../../../../arm-none-eabi/lib/thumb/v7-m/nofp\libc_nano.a(lib_a-exit.o) (_global_impure_ptr)
c:/st/stm32cubeide_1.8.0/stm32cubeide/plugins/com.st.stm32cube.ide.mcu.externaltools.gnu-tools-for-stm32.9-2020-q2-update.win32_2.0.0.202105311346/tools/bin/../lib/gcc/arm-none-eabi/9.3.1/../../../../arm-none-eabi/lib/thumb/v7-m/nofp\libc_nano.a(lib_a-init.o)
                              c:/st/stm32cubeide_1.8.0/stm32cubeide/plugins/com.st.stm32cube.ide.mcu.externaltools.gnu-tools-for-stm32.9-2020-q2-update.win32_2.0.0.202105311346/tools/bin/../lib/gcc/arm-none-eabi/9.3.1/../../../../arm-none-eabi/lib/thumb/v7-m/nofp/crt0.o (__libc_init_array)
c:/st/stm32cubeide_1.8.0/stm32cubeide/plugins/com.st.stm32cube.ide.mcu.externaltools.gnu-tools-for-stm32.9-2020-q2-update.win32_2.0.0.202105311346/tools/bin/../lib/gcc/arm-none-eabi/9.3.1/../../../../arm-none-eabi/lib/thumb/v7-m/nofp\libc_nano.a(lib_a-memset.o)
                              c:/st/stm32cubeide_1.8.0/stm32cubeide/plugins/com.st.stm32cube.ide.mcu.externaltools.gnu-tools-for-stm32.9-2020-q2-update.win32_2.0.0.202105311346/tools/bin/../lib/gcc/arm-none-eabi/9.3.1/../../../../arm-none-eabi/lib/thumb/v7-m/nofp/crt0.o (memset)

Allocating common symbols
Common symbol       size              file

hspi2               0x58              ./Core/Src/main.o
huart3              0x44              ./Core/Src/main.o
hadc2               0x30              ./Core/Src/main.o
hcan                0x28              ./Core/Src/main.o
uwTick              0x4               ./Drivers/STM32F1xx_HAL_Driver/Src/stm32f1xx_hal.o
pFlash              0x20              ./Drivers/STM32F1xx_HAL_Driver/Src/stm32f1xx_hal_flash.o
hadc1               0x30              ./Core/Src/main.o
huart1              0x44              ./Core/Src/main.o
hrtc                0x14              ./Core/Src/main.o
huart2              0x44              ./Core/Src/main.o
hpcd_USB_FS         0x2ec             ./Core/Src/main.o

Discarded input sections

 .text          0x0000000000000000        0x0 c:/st/stm32cubeide_1.8.0/stm32cubeide/plugins/com.st.stm32cube.ide.mcu.externaltools.gnu-tools-for-stm32.9-2020-q2-update.win32_2.0.0.202105311346/tools/bin/../lib/gcc/arm-none-eabi/9.3.1/thumb/v7-m/nofp/crti.o
 .data          0x0000000000000000        0x0 c:/st/stm32cubeide_1.8.0/stm32cubeide/plugins/com.st.stm32cube.ide.mcu.externaltools.gnu-tools-for-stm32.9-2020-q2-update.win32_2.0.0.202105311346/tools/bin/../lib/gcc/arm-none-eabi/9.3.1/thumb/v7-m/nofp/crti.o
 .bss           0x0000000000000000        0x0 c:/st/stm32cubeide_1.8.0/stm32cubeide/plugins/com.st.stm32cube.ide.mcu.externaltools.gnu-tools-for-stm32.9-2020-q2-update.win32_2.0.0.202105311346/tools/bin/../lib/gcc/arm-none-eabi/9.3.1/thumb/v7-m/nofp/crti.o
 .data          0x0000000000000000        0x4 c:/st/stm32cubeide_1.8.0/stm32cubeide/plugins/com.st.stm32cube.ide.mcu.externaltools.gnu-tools-for-stm32.9-2020-q2-update.win32_2.0.0.202105311346/tools/bin/../lib/gcc/arm-none-eabi/9.3.1/thumb/v7-m/nofp/crtbegin.o
 .text          0x0000000000000000       0x7c c:/st/stm32cubeide_1.8.0/stm32cubeide/plugins/com.st.stm32cube.ide.mcu.externaltools.gnu-tools-for-stm32.9-2020-q2-update.win32_2.0.0.202105311346/tools/bin/../lib/gcc/arm-none-eabi/9.3.1/../../../../arm-none-eabi/lib/thumb/v7-m/nofp/crt0.o
 .data          0x0000000000000000        0x0 c:/st/stm32cubeide_1.8.0/stm32cubeide/plugins/com.st.stm32cube.ide.mcu.externaltools.gnu-tools-for-stm32.9-2020-q2-update.win32_2.0.0.202105311346/tools/bin/../lib/gcc/arm-none-eabi/9.3.1/../../../../arm-none-eabi/lib/thumb/v7-m/nofp/crt0.o
[...]
Memory Configuration

Name             Origin             Length             Attributes
RAM              0x0000000020000000 0x0000000000005000 xrw
FLASH            0x0000000008000000 0x0000000000010000 xr
*default*        0x0000000000000000 0xffffffffffffffff

Linker script and memory map

LOAD c:/st/stm32cubeide_1.8.0/stm32cubeide/plugins/com.st.stm32cube.ide.mcu.externaltools.gnu-tools-for-stm32.9-2020-q2-update.win32_2.0.0.202105311346/tools/bin/../lib/gcc/arm-none-eabi/9.3.1/thumb/v7-m/nofp/crti.o
LOAD c:/st/stm32cubeide_1.8.0/stm32cubeide/plugins/com.st.stm32cube.ide.mcu.externaltools.gnu-tools-for-stm32.9-2020-q2-update.win32_2.0.0.202105311346/tools/bin/../lib/gcc/arm-none-eabi/9.3.1/thumb/v7-m/nofp/crtbegin.o
LOAD c:/st/stm32cubeide_1.8.0/stm32cubeide/plugins/com.st.stm32cube.ide.mcu.externaltools.gnu-tools-for-stm32.9-2020-q2-update.win32_2.0.0.202105311346/tools/bin/../lib/gcc/arm-none-eabi/9.3.1/../../../../arm-none-eabi/lib/thumb/v7-m/nofp/crt0.o
LOAD ./Core/Src/main.o
LOAD ./Core/Src/stm32f1xx_hal_msp.o
LOAD ./Core/Src/stm32f1xx_it.o
LOAD ./Core/Src/syscalls.o
LOAD ./Core/Src/sysmem.o
LOAD ./Core/Src/system_stm32f1xx.o
LOAD ./Core/Startup/startup_stm32f103c8tx.o
LOAD ./Drivers/STM32F1xx_HAL_Driver/Src/stm32f1xx_hal.o
LOAD ./Drivers/STM32F1xx_HAL_Driver/Src/stm32f1xx_hal_adc.o
LOAD ./Drivers/STM32F1xx_HAL_Driver/Src/stm32f1xx_hal_adc_ex.o
LOAD ./Drivers/STM32F1xx_HAL_Driver/Src/stm32f1xx_hal_can.o
LOAD ./Drivers/STM32F1xx_HAL_Driver/Src/stm32f1xx_hal_cortex.o
LOAD ./Drivers/STM32F1xx_HAL_Driver/Src/stm32f1xx_hal_dma.o
LOAD ./Drivers/STM32F1xx_HAL_Driver/Src/stm32f1xx_hal_exti.o
LOAD ./Drivers/STM32F1xx_HAL_Driver/Src/stm32f1xx_hal_flash.o
LOAD ./Drivers/STM32F1xx_HAL_Driver/Src/stm32f1xx_hal_flash_ex.o
LOAD ./Drivers/STM32F1xx_HAL_Driver/Src/stm32f1xx_hal_gpio.o
LOAD ./Drivers/STM32F1xx_HAL_Driver/Src/stm32f1xx_hal_gpio_ex.o
LOAD ./Drivers/STM32F1xx_HAL_Driver/Src/stm32f1xx_hal_pcd.o
LOAD ./Drivers/STM32F1xx_HAL_Driver/Src/stm32f1xx_hal_pcd_ex.o
LOAD ./Drivers/STM32F1xx_HAL_Driver/Src/stm32f1xx_hal_pwr.o
LOAD ./Drivers/STM32F1xx_HAL_Driver/Src/stm32f1xx_hal_rcc.o
LOAD ./Drivers/STM32F1xx_HAL_Driver/Src/stm32f1xx_hal_rcc_ex.o
LOAD ./Drivers/STM32F1xx_HAL_Driver/Src/stm32f1xx_hal_rtc.o
LOAD ./Drivers/STM32F1xx_HAL_Driver/Src/stm32f1xx_hal_rtc_ex.o
LOAD ./Drivers/STM32F1xx_HAL_Driver/Src/stm32f1xx_hal_spi.o
LOAD ./Drivers/STM32F1xx_HAL_Driver/Src/stm32f1xx_hal_tim.o
LOAD ./Drivers/STM32F1xx_HAL_Driver/Src/stm32f1xx_hal_tim_ex.o
LOAD ./Drivers/STM32F1xx_HAL_Driver/Src/stm32f1xx_hal_uart.o
LOAD ./Drivers/STM32F1xx_HAL_Driver/Src/stm32f1xx_ll_usb.o
LOAD ./icode/key/key.o
LOAD ./icode/led/led.o
START GROUP
LOAD c:/st/stm32cubeide_1.8.0/stm32cubeide/plugins/com.st.stm32cube.ide.mcu.externaltools.gnu-tools-for-stm32.9-2020-q2-update.win32_2.0.0.202105311346/tools/bin/../lib/gcc/arm-none-eabi/9.3.1/../../../../arm-none-eabi/lib/thumb/v7-m/nofp\libc_nano.a
LOAD c:/st/stm32cubeide_1.8.0/stm32cubeide/plugins/com.st.stm32cube.ide.mcu.externaltools.gnu-tools-for-stm32.9-2020-q2-update.win32_2.0.0.202105311346/tools/bin/../lib/gcc/arm-none-eabi/9.3.1/../../../../arm-none-eabi/lib/thumb/v7-m/nofp\libm.a
END GROUP
START GROUP
LOAD c:/st/stm32cubeide_1.8.0/stm32cubeide/plugins/com.st.stm32cube.ide.mcu.externaltools.gnu-tools-for-stm32.9-2020-q2-update.win32_2.0.0.202105311346/tools/bin/../lib/gcc/arm-none-eabi/9.3.1/thumb/v7-m/nofp\libgcc.a
LOAD c:/st/stm32cubeide_1.8.0/stm32cubeide/plugins/com.st.stm32cube.ide.mcu.externaltools.gnu-tools-for-stm32.9-2020-q2-update.win32_2.0.0.202105311346/tools/bin/../lib/gcc/arm-none-eabi/9.3.1/../../../../arm-none-eabi/lib/thumb/v7-m/nofp\libc_nano.a
END GROUP
START GROUP
LOAD c:/st/stm32cubeide_1.8.0/stm32cubeide/plugins/com.st.stm32cube.ide.mcu.externaltools.gnu-tools-for-stm32.9-2020-q2-update.win32_2.0.0.202105311346/tools/bin/../lib/gcc/arm-none-eabi/9.3.1/thumb/v7-m/nofp\libgcc.a
LOAD c:/st/stm32cubeide_1.8.0/stm32cubeide/plugins/com.st.stm32cube.ide.mcu.externaltools.gnu-tools-for-stm32.9-2020-q2-update.win32_2.0.0.202105311346/tools/bin/../lib/gcc/arm-none-eabi/9.3.1/../../../../arm-none-eabi/lib/thumb/v7-m/nofp\libc_nano.a
LOAD c:/st/stm32cubeide_1.8.0/stm32cubeide/plugins/com.st.stm32cube.ide.mcu.externaltools.gnu-tools-for-stm32.9-2020-q2-update.win32_2.0.0.202105311346/tools/bin/../lib/gcc/arm-none-eabi/9.3.1/../../../../arm-none-eabi/lib/thumb/v7-m/nofp\libnosys.a
END GROUP
START GROUP
LOAD c:/st/stm32cubeide_1.8.0/stm32cubeide/plugins/com.st.stm32cube.ide.mcu.externaltools.gnu-tools-for-stm32.9-2020-q2-update.win32_2.0.0.202105311346/tools/bin/../lib/gcc/arm-none-eabi/9.3.1/thumb/v7-m/nofp\libgcc.a
LOAD c:/st/stm32cubeide_1.8.0/stm32cubeide/plugins/com.st.stm32cube.ide.mcu.externaltools.gnu-tools-for-stm32.9-2020-q2-update.win32_2.0.0.202105311346/tools/bin/../lib/gcc/arm-none-eabi/9.3.1/../../../../arm-none-eabi/lib/thumb/v7-m/nofp\libc_nano.a
LOAD c:/st/stm32cubeide_1.8.0/stm32cubeide/plugins/com.st.stm32cube.ide.mcu.externaltools.gnu-tools-for-stm32.9-2020-q2-update.win32_2.0.0.202105311346/tools/bin/../lib/gcc/arm-none-eabi/9.3.1/../../../../arm-none-eabi/lib/thumb/v7-m/nofp\libnosys.a
END GROUP
LOAD c:/st/stm32cubeide_1.8.0/stm32cubeide/plugins/com.st.stm32cube.ide.mcu.externaltools.gnu-tools-for-stm32.9-2020-q2-update.win32_2.0.0.202105311346/tools/bin/../lib/gcc/arm-none-eabi/9.3.1/thumb/v7-m/nofp/crtend.o
LOAD c:/st/stm32cubeide_1.8.0/stm32cubeide/plugins/com.st.stm32cube.ide.mcu.externaltools.gnu-tools-for-stm32.9-2020-q2-update.win32_2.0.0.202105311346/tools/bin/../lib/gcc/arm-none-eabi/9.3.1/thumb/v7-m/nofp/crtn.o
                0x0000000020005000                _estack = (ORIGIN (RAM) + LENGTH (RAM))
                0x0000000000000200                _Min_Heap_Size = 0x200
                0x0000000000000400                _Min_Stack_Size = 0x400

.isr_vector     0x0000000008000000      0x10c
                0x0000000008000000                . = ALIGN (0x4)
 *(.isr_vector)
 .isr_vector    0x0000000008000000      0x10c ./Core/Startup/startup_stm32f103c8tx.o
                0x0000000008000000                g_pfnVectors
                0x000000000800010c                . = ALIGN (0x4)

.text           0x000000000800010c     0x2be8
                0x000000000800010c                . = ALIGN (0x4)
 *(.text)
 .text          0x000000000800010c       0x40 c:/st/stm32cubeide_1.8.0/stm32cubeide/plugins/com.st.stm32cube.ide.mcu.externaltools.gnu-tools-for-stm32.9-2020-q2-update.win32_2.0.0.202105311346/tools/bin/../lib/gcc/arm-none-eabi/9.3.1/thumb/v7-m/nofp/crtbegin.o
 *(.text*)
 .text.main     0x000000000800014c       0x62 ./Core/Src/main.o
                0x000000000800014c                main
 .text.SystemClock_Config
                0x00000000080001ae       0xc4 ./Core/Src/main.o
                0x00000000080001ae                SystemClock_Config
 *fill*         0x0000000008000272        0x2 
 .text.MX_ADC1_Init
                0x0000000008000274       0x7c ./Core/Src/main.o
 .text.MX_ADC2_Init
                0x00000000080002f0       0x7c ./Core/Src/main.o
 .text.MX_CAN_Init
                0x000000000800036c       0x68 ./Core/Src/main.o
 .text.MX_RTC_Init
                0x00000000080003d4       0x38 ./Core/Src/main.o
 .text.MX_SPI2_Init
                0x000000000800040c       0x6c ./Core/Src/main.o
 .text.MX_USART1_UART_Init
                0x0000000008000478       0x54 ./Core/Src/main.o
 .text.MX_USART2_UART_Init
                0x00000000080004cc       0x54 ./Core/Src/main.o
 .text.MX_USART3_UART_Init
                0x0000000008000520       0x54 ./Core/Src/main.o
 .text.MX_USB_PCD_Init
                0x0000000008000574       0x44 ./Core/Src/main.o
 .text.MX_GPIO_Init
                0x00000000080005b8      0x140 ./Core/Src/main.o
 .text.Error_Handler
                0x00000000080006f8        0xa ./Core/Src/main.o
                0x00000000080006f8                Error_Handler
 *fill*         0x0000000008000702        0x2 
 .text.HAL_MspInit
                0x0000000008000704       0x5c ./Core/Src/stm32f1xx_hal_msp.o
                0x0000000008000704                HAL_MspInit
 .text.HAL_ADC_MspInit
                0x0000000008000760       0xcc ./Core/Src/stm32f1xx_hal_msp.o
                0x0000000008000760                HAL_ADC_MspInit
 .text.HAL_CAN_MspInit
                0x000000000800082c       0xc0 ./Core/Src/stm32f1xx_hal_msp.o
                0x000000000800082c                HAL_CAN_MspInit
 .text.HAL_RTC_MspInit
                0x00000000080008ec       0x48 ./Core/Src/stm32f1xx_hal_msp.o
                0x00000000080008ec                HAL_RTC_MspInit
 .text.HAL_SPI_MspInit
                0x0000000008000934       0x98 ./Core/Src/stm32f1xx_hal_msp.o
                0x0000000008000934                HAL_SPI_MspInit
 .text.HAL_UART_MspInit
                0x00000000080009cc      0x180 ./Core/Src/stm32f1xx_hal_msp.o
                0x00000000080009cc                HAL_UART_MspInit
 .text.HAL_PCD_MspInit
                0x0000000008000b4c       0x3c ./Core/Src/stm32f1xx_hal_msp.o
                0x0000000008000b4c                HAL_PCD_MspInit
 .text.NMI_Handler
                0x0000000008000b88        0x6 ./Core/Src/stm32f1xx_it.o
                0x0000000008000b88                NMI_Handler
 .text.HardFault_Handler
                0x0000000008000b8e        0x6 ./Core/Src/stm32f1xx_it.o
                0x0000000008000b8e                HardFault_Handler
 .text.MemManage_Handler
                0x0000000008000b94        0x6 ./Core/Src/stm32f1xx_it.o
                0x0000000008000b94                MemManage_Handler
 .text.BusFault_Handler
                0x0000000008000b9a        0x6 ./Core/Src/stm32f1xx_it.o
                0x0000000008000b9a                BusFault_Handler
 .text.UsageFault_Handler
                0x0000000008000ba0        0x6 ./Core/Src/stm32f1xx_it.o
                0x0000000008000ba0                UsageFault_Handler
 .text.SVC_Handler
                0x0000000008000ba6        0xc ./Core/Src/stm32f1xx_it.o
                0x0000000008000ba6                SVC_Handler
 .text.DebugMon_Handler
                0x0000000008000bb2        0xc ./Core/Src/stm32f1xx_it.o
                0x0000000008000bb2                DebugMon_Handler
 .text.PendSV_Handler
                0x0000000008000bbe        0xc ./Core/Src/stm32f1xx_it.o
                0x0000000008000bbe                PendSV_Handler
 .text.SysTick_Handler
                0x0000000008000bca        0xc ./Core/Src/stm32f1xx_it.o
                0x0000000008000bca                SysTick_Handler
 .text.SystemInit
                0x0000000008000bd6        0xc ./Core/Src/system_stm32f1xx.o
                0x0000000008000bd6                SystemInit
 *fill*         0x0000000008000be2        0x2 
 .text.Reset_Handler
                0x0000000008000be4       0x48 ./Core/Startup/startup_stm32f103c8tx.o
                0x0000000008000be4                Reset_Handler
 .text.Default_Handler
                0x0000000008000c2c        0x2 ./Core/Startup/startup_stm32f103c8tx.o
                0x0000000008000c2c                RTC_Alarm_IRQHandler
                0x0000000008000c2c                EXTI2_IRQHandler
                0x0000000008000c2c                TIM1_CC_IRQHandler
                0x0000000008000c2c                PVD_IRQHandler
                0x0000000008000c2c                EXTI3_IRQHandler
                0x0000000008000c2c                EXTI0_IRQHandler
                0x0000000008000c2c                I2C2_EV_IRQHandler
                0x0000000008000c2c                ADC1_2_IRQHandler
                0x0000000008000c2c                SPI1_IRQHandler
                0x0000000008000c2c                TAMPER_IRQHandler
                0x0000000008000c2c                DMA1_Channel4_IRQHandler
                0x0000000008000c2c                USART3_IRQHandler
                0x0000000008000c2c                RTC_IRQHandler
                0x0000000008000c2c                DMA1_Channel7_IRQHandler
                0x0000000008000c2c                CAN1_RX1_IRQHandler
                0x0000000008000c2c                TIM4_IRQHandler
                0x0000000008000c2c                I2C1_EV_IRQHandler
                0x0000000008000c2c                DMA1_Channel6_IRQHandler
                0x0000000008000c2c                TIM3_IRQHandler
                0x0000000008000c2c                RCC_IRQHandler
                0x0000000008000c2c                TIM1_TRG_COM_IRQHandler
                0x0000000008000c2c                DMA1_Channel1_IRQHandler
                0x0000000008000c2c                Default_Handler
                0x0000000008000c2c                EXTI15_10_IRQHandler
                0x0000000008000c2c                EXTI9_5_IRQHandler
                0x0000000008000c2c                SPI2_IRQHandler
                0x0000000008000c2c                DMA1_Channel5_IRQHandler
                0x0000000008000c2c                EXTI4_IRQHandler
                0x0000000008000c2c                USB_LP_CAN1_RX0_IRQHandler
                0x0000000008000c2c                USB_HP_CAN1_TX_IRQHandler
                0x0000000008000c2c                DMA1_Channel3_IRQHandler
                0x0000000008000c2c                TIM1_UP_IRQHandler
                0x0000000008000c2c                WWDG_IRQHandler
                0x0000000008000c2c                TIM2_IRQHandler
                0x0000000008000c2c                TIM1_BRK_IRQHandler
                0x0000000008000c2c                EXTI1_IRQHandler
                0x0000000008000c2c                USART2_IRQHandler
                0x0000000008000c2c                I2C2_ER_IRQHandler
                0x0000000008000c2c                DMA1_Channel2_IRQHandler
                0x0000000008000c2c                CAN1_SCE_IRQHandler
                0x0000000008000c2c                FLASH_IRQHandler
                0x0000000008000c2c                USART1_IRQHandler
                0x0000000008000c2c                I2C1_ER_IRQHandler
                0x0000000008000c2c                USBWakeUp_IRQHandler
 *fill*         0x0000000008000c2e        0x2 
 .text.HAL_Init
                0x0000000008000c30       0x2c ./Drivers/STM32F1xx_HAL_Driver/Src/stm32f1xx_hal.o
                0x0000000008000c30                HAL_Init
 .text.HAL_InitTick
                0x0000000008000c5c       0x60 ./Drivers/STM32F1xx_HAL_Driver/Src/stm32f1xx_hal.o
                0x0000000008000c5c                HAL_InitTick
 .text.HAL_IncTick
                0x0000000008000cbc       0x24 ./Drivers/STM32F1xx_HAL_Driver/Src/stm32f1xx_hal.o
                0x0000000008000cbc                HAL_IncTick
 .text.HAL_GetTick
                0x0000000008000ce0       0x14 ./Drivers/STM32F1xx_HAL_Driver/Src/stm32f1xx_hal.o
                0x0000000008000ce0                HAL_GetTick
 .text.HAL_Delay
                0x0000000008000cf4       0x48 ./Drivers/STM32F1xx_HAL_Driver/Src/stm32f1xx_hal.o
                0x0000000008000cf4                HAL_Delay
 .text.HAL_ADC_Init
                0x0000000008000d3c      0x1b0 ./Drivers/STM32F1xx_HAL_Driver/Src/stm32f1xx_hal_adc.o
                0x0000000008000d3c                HAL_ADC_Init
 .text.HAL_ADC_ConfigChannel
                0x0000000008000eec      0x1f0 ./Drivers/STM32F1xx_HAL_Driver/Src/stm32f1xx_hal_adc.o
                0x0000000008000eec                HAL_ADC_ConfigChannel
 .text.ADC_ConversionStop_Disable
                0x00000000080010dc       0x82 ./Drivers/STM32F1xx_HAL_Driver/Src/stm32f1xx_hal_adc.o
                0x00000000080010dc                ADC_ConversionStop_Disable
 .text.HAL_CAN_Init
                0x000000000800115e      0x1f6 ./Drivers/STM32F1xx_HAL_Driver/Src/stm32f1xx_hal_can.o
                0x000000000800115e                HAL_CAN_Init
 .text.__NVIC_SetPriorityGrouping
                0x0000000008001354       0x48 ./Drivers/STM32F1xx_HAL_Driver/Src/stm32f1xx_hal_cortex.o
 .text.__NVIC_GetPriorityGrouping
                0x000000000800139c       0x1c ./Drivers/STM32F1xx_HAL_Driver/Src/stm32f1xx_hal_cortex.o
 .text.__NVIC_SetPriority
                0x00000000080013b8       0x54 ./Drivers/STM32F1xx_HAL_Driver/Src/stm32f1xx_hal_cortex.o
 .text.NVIC_EncodePriority
                0x000000000800140c       0x64 ./Drivers/STM32F1xx_HAL_Driver/Src/stm32f1xx_hal_cortex.o
 .text.SysTick_Config
                0x0000000008001470       0x44 ./Drivers/STM32F1xx_HAL_Driver/Src/stm32f1xx_hal_cortex.o
 .text.HAL_NVIC_SetPriorityGrouping
                0x00000000080014b4       0x16 ./Drivers/STM32F1xx_HAL_Driver/Src/stm32f1xx_hal_cortex.o
                0x00000000080014b4                HAL_NVIC_SetPriorityGrouping
 .text.HAL_NVIC_SetPriority
                0x00000000080014ca       0x38 ./Drivers/STM32F1xx_HAL_Driver/Src/stm32f1xx_hal_cortex.o
                0x00000000080014ca                HAL_NVIC_SetPriority
 .text.HAL_SYSTICK_Config
                0x0000000008001502       0x18 ./Drivers/STM32F1xx_HAL_Driver/Src/stm32f1xx_hal_cortex.o
                0x0000000008001502                HAL_SYSTICK_Config
 *fill*         0x000000000800151a        0x2 
 .text.HAL_GPIO_Init
                0x000000000800151c      0x308 ./Drivers/STM32F1xx_HAL_Driver/Src/stm32f1xx_hal_gpio.o
                0x000000000800151c                HAL_GPIO_Init
 .text.HAL_GPIO_ReadPin
                0x0000000008001824       0x2e ./Drivers/STM32F1xx_HAL_Driver/Src/stm32f1xx_hal_gpio.o
                0x0000000008001824                HAL_GPIO_ReadPin
 .text.HAL_GPIO_WritePin
                0x0000000008001852       0x30 ./Drivers/STM32F1xx_HAL_Driver/Src/stm32f1xx_hal_gpio.o
                0x0000000008001852                HAL_GPIO_WritePin
 .text.HAL_PCD_Init
                0x0000000008001882      0x216 ./Drivers/STM32F1xx_HAL_Driver/Src/stm32f1xx_hal_pcd.o
                0x0000000008001882                HAL_PCD_Init
 .text.HAL_PWR_EnableBkUpAccess
                0x0000000008001a98       0x18 ./Drivers/STM32F1xx_HAL_Driver/Src/stm32f1xx_hal_pwr.o
                0x0000000008001a98                HAL_PWR_EnableBkUpAccess
 .text.HAL_RCC_OscConfig
                0x0000000008001ab0      0x500 ./Drivers/STM32F1xx_HAL_Driver/Src/stm32f1xx_hal_rcc.o
                0x0000000008001ab0                HAL_RCC_OscConfig
 .text.HAL_RCC_ClockConfig
                0x0000000008001fb0      0x1d4 ./Drivers/STM32F1xx_HAL_Driver/Src/stm32f1xx_hal_rcc.o
                0x0000000008001fb0                HAL_RCC_ClockConfig
 .text.HAL_RCC_GetSysClockFreq
                0x0000000008002184       0xc0 ./Drivers/STM32F1xx_HAL_Driver/Src/stm32f1xx_hal_rcc.o
                0x0000000008002184                HAL_RCC_GetSysClockFreq
 .text.HAL_RCC_GetHCLKFreq
                0x0000000008002244       0x14 ./Drivers/STM32F1xx_HAL_Driver/Src/stm32f1xx_hal_rcc.o
                0x0000000008002244                HAL_RCC_GetHCLKFreq
 .text.HAL_RCC_GetPCLK1Freq
                0x0000000008002258       0x28 ./Drivers/STM32F1xx_HAL_Driver/Src/stm32f1xx_hal_rcc.o
                0x0000000008002258                HAL_RCC_GetPCLK1Freq
 .text.HAL_RCC_GetPCLK2Freq
                0x0000000008002280       0x28 ./Drivers/STM32F1xx_HAL_Driver/Src/stm32f1xx_hal_rcc.o
                0x0000000008002280                HAL_RCC_GetPCLK2Freq
 .text.RCC_Delay
                0x00000000080022a8       0x3c ./Drivers/STM32F1xx_HAL_Driver/Src/stm32f1xx_hal_rcc.o
 .text.HAL_RCCEx_PeriphCLKConfig
                0x00000000080022e4      0x16c ./Drivers/STM32F1xx_HAL_Driver/Src/stm32f1xx_hal_rcc_ex.o
                0x00000000080022e4                HAL_RCCEx_PeriphCLKConfig
 .text.HAL_RCCEx_GetPeriphCLKFreq
                0x0000000008002450      0x188 ./Drivers/STM32F1xx_HAL_Driver/Src/stm32f1xx_hal_rcc_ex.o
                0x0000000008002450                HAL_RCCEx_GetPeriphCLKFreq
 .text.HAL_RTC_Init
                0x00000000080025d8      0x12c ./Drivers/STM32F1xx_HAL_Driver/Src/stm32f1xx_hal_rtc.o
                0x00000000080025d8                HAL_RTC_Init
 .text.HAL_RTC_WaitForSynchro
                0x0000000008002704       0x5a ./Drivers/STM32F1xx_HAL_Driver/Src/stm32f1xx_hal_rtc.o
                0x0000000008002704                HAL_RTC_WaitForSynchro
 .text.RTC_EnterInitMode
                0x000000000800275e       0x50 ./Drivers/STM32F1xx_HAL_Driver/Src/stm32f1xx_hal_rtc.o
 .text.RTC_ExitInitMode
                0x00000000080027ae       0x50 ./Drivers/STM32F1xx_HAL_Driver/Src/stm32f1xx_hal_rtc.o
 .text.HAL_SPI_Init
                0x00000000080027fe      0x108 ./Drivers/STM32F1xx_HAL_Driver/Src/stm32f1xx_hal_spi.o
                0x00000000080027fe                HAL_SPI_Init
 .text.HAL_UART_Init
                0x0000000008002906       0x9a ./Drivers/STM32F1xx_HAL_Driver/Src/stm32f1xx_hal_uart.o
                0x0000000008002906                HAL_UART_Init
 .text.UART_SetConfig
                0x00000000080029a0      0x11c ./Drivers/STM32F1xx_HAL_Driver/Src/stm32f1xx_hal_uart.o
 .text.USB_CoreInit
                0x0000000008002abc       0x20 ./Drivers/STM32F1xx_HAL_Driver/Src/stm32f1xx_ll_usb.o
                0x0000000008002abc                USB_CoreInit
 .text.USB_DisableGlobalInt
                0x0000000008002adc       0x34 ./Drivers/STM32F1xx_HAL_Driver/Src/stm32f1xx_ll_usb.o
                0x0000000008002adc                USB_DisableGlobalInt
 .text.USB_SetCurrentMode
                0x0000000008002b10       0x18 ./Drivers/STM32F1xx_HAL_Driver/Src/stm32f1xx_ll_usb.o
                0x0000000008002b10                USB_SetCurrentMode
 .text.USB_DevInit
                0x0000000008002b28       0x40 ./Drivers/STM32F1xx_HAL_Driver/Src/stm32f1xx_ll_usb.o
                0x0000000008002b28                USB_DevInit
 .text.USB_DevDisconnect
                0x0000000008002b68       0x14 ./Drivers/STM32F1xx_HAL_Driver/Src/stm32f1xx_ll_usb.o
                0x0000000008002b68                USB_DevDisconnect
 .text.KEY_1    0x0000000008002b7c       0x50 ./icode/key/key.o
                0x0000000008002b7c                KEY_1
 .text.KEY_2    0x0000000008002bcc       0x50 ./icode/key/key.o
                0x0000000008002bcc                KEY_2
 .text.LED_1    0x0000000008002c1c       0x34 ./icode/led/led.o
                0x0000000008002c1c                LED_1
 .text.LED_2    0x0000000008002c50       0x34 ./icode/led/led.o
                0x0000000008002c50                LED_2
 .text.__libc_init_array
                0x0000000008002c84       0x48 c:/st/stm32cubeide_1.8.0/stm32cubeide/plugins/com.st.stm32cube.ide.mcu.externaltools.gnu-tools-for-stm32.9-2020-q2-update.win32_2.0.0.202105311346/tools/bin/../lib/gcc/arm-none-eabi/9.3.1/../../../../arm-none-eabi/lib/thumb/v7-m/nofp\libc_nano.a(lib_a-init.o)
                0x0000000008002c84                __libc_init_array
 .text.memset   0x0000000008002ccc       0x10 c:/st/stm32cubeide_1.8.0/stm32cubeide/plugins/com.st.stm32cube.ide.mcu.externaltools.gnu-tools-for-stm32.9-2020-q2-update.win32_2.0.0.202105311346/tools/bin/../lib/gcc/arm-none-eabi/9.3.1/../../../../arm-none-eabi/lib/thumb/v7-m/nofp\libc_nano.a(lib_a-memset.o)
                0x0000000008002ccc                memset
 *(.glue_7)
 .glue_7        0x0000000008002cdc        0x0 linker stubs
 *(.glue_7t)
 .glue_7t       0x0000000008002cdc        0x0 linker stubs
 *(.eh_frame)
 .eh_frame      0x0000000008002cdc        0x0 c:/st/stm32cubeide_1.8.0/stm32cubeide/plugins/com.st.stm32cube.ide.mcu.externaltools.gnu-tools-for-stm32.9-2020-q2-update.win32_2.0.0.202105311346/tools/bin/../lib/gcc/arm-none-eabi/9.3.1/thumb/v7-m/nofp/crtbegin.o
 *(.init)
 .init          0x0000000008002cdc        0x4 c:/st/stm32cubeide_1.8.0/stm32cubeide/plugins/com.st.stm32cube.ide.mcu.externaltools.gnu-tools-for-stm32.9-2020-q2-update.win32_2.0.0.202105311346/tools/bin/../lib/gcc/arm-none-eabi/9.3.1/thumb/v7-m/nofp/crti.o
                0x0000000008002cdc                _init
 .init          0x0000000008002ce0        0x8 c:/st/stm32cubeide_1.8.0/stm32cubeide/plugins/com.st.stm32cube.ide.mcu.externaltools.gnu-tools-for-stm32.9-2020-q2-update.win32_2.0.0.202105311346/tools/bin/../lib/gcc/arm-none-eabi/9.3.1/thumb/v7-m/nofp/crtn.o
 *(.fini)
 .fini          0x0000000008002ce8        0x4 c:/st/stm32cubeide_1.8.0/stm32cubeide/plugins/com.st.stm32cube.ide.mcu.externaltools.gnu-tools-for-stm32.9-2020-q2-update.win32_2.0.0.202105311346/tools/bin/../lib/gcc/arm-none-eabi/9.3.1/thumb/v7-m/nofp/crti.o
                0x0000000008002ce8                _fini
 .fini          0x0000000008002cec        0x8 c:/st/stm32cubeide_1.8.0/stm32cubeide/plugins/com.st.stm32cube.ide.mcu.externaltools.gnu-tools-for-stm32.9-2020-q2-update.win32_2.0.0.202105311346/tools/bin/../lib/gcc/arm-none-eabi/9.3.1/thumb/v7-m/nofp/crtn.o
                0x0000000008002cf4                . = ALIGN (0x4)
                0x0000000008002cf4                _etext = .

.vfp11_veneer   0x0000000008002cf4        0x0
 .vfp11_veneer  0x0000000008002cf4        0x0 linker stubs

.v4_bx          0x0000000008002cf4        0x0
 .v4_bx         0x0000000008002cf4        0x0 linker stubs

.iplt           0x0000000008002cf4        0x0
 .iplt          0x0000000008002cf4        0x0 c:/st/stm32cubeide_1.8.0/stm32cubeide/plugins/com.st.stm32cube.ide.mcu.externaltools.gnu-tools-for-stm32.9-2020-q2-update.win32_2.0.0.202105311346/tools/bin/../lib/gcc/arm-none-eabi/9.3.1/thumb/v7-m/nofp/crtbegin.o

.rodata         0x0000000008002cf4       0x38
                0x0000000008002cf4                . = ALIGN (0x4)
 *(.rodata)
 .rodata        0x0000000008002cf4       0x10 ./Drivers/STM32F1xx_HAL_Driver/Src/stm32f1xx_hal_rcc.o
 .rodata        0x0000000008002d04       0x10 ./Drivers/STM32F1xx_HAL_Driver/Src/stm32f1xx_hal_rcc_ex.o
 *(.rodata*)
 .rodata.AHBPrescTable
                0x0000000008002d14       0x10 ./Core/Src/system_stm32f1xx.o
                0x0000000008002d14                AHBPrescTable
 .rodata.APBPrescTable
                0x0000000008002d24        0x8 ./Core/Src/system_stm32f1xx.o
                0x0000000008002d24                APBPrescTable
                0x0000000008002d2c                . = ALIGN (0x4)

.rel.dyn        0x0000000008002d2c        0x0
 .rel.iplt      0x0000000008002d2c        0x0 c:/st/stm32cubeide_1.8.0/stm32cubeide/plugins/com.st.stm32cube.ide.mcu.externaltools.gnu-tools-for-stm32.9-2020-q2-update.win32_2.0.0.202105311346/tools/bin/../lib/gcc/arm-none-eabi/9.3.1/thumb/v7-m/nofp/crtbegin.o

.ARM.extab      0x0000000008002d2c        0x0
                0x0000000008002d2c                . = ALIGN (0x4)
 *(.ARM.extab* .gnu.linkonce.armextab.*)
                0x0000000008002d2c                . = ALIGN (0x4)

.ARM            0x0000000008002d2c        0x0
                0x0000000008002d2c                . = ALIGN (0x4)
                0x0000000008002d2c                __exidx_start = .
 *(.ARM.exidx*)
                0x0000000008002d2c                __exidx_end = .
                0x0000000008002d2c                . = ALIGN (0x4)

.preinit_array  0x0000000008002d2c        0x0
                0x0000000008002d2c                . = ALIGN (0x4)
                0x0000000008002d2c                PROVIDE (__preinit_array_start = .)
 *(.preinit_array*)
                0x0000000008002d2c                PROVIDE (__preinit_array_end = .)
                0x0000000008002d2c                . = ALIGN (0x4)

.init_array     0x0000000008002d2c        0x4
                0x0000000008002d2c                . = ALIGN (0x4)
                0x0000000008002d2c                PROVIDE (__init_array_start = .)
 *(SORT_BY_NAME(.init_array.*))
 *(.init_array*)
 .init_array    0x0000000008002d2c        0x4 c:/st/stm32cubeide_1.8.0/stm32cubeide/plugins/com.st.stm32cube.ide.mcu.externaltools.gnu-tools-for-stm32.9-2020-q2-update.win32_2.0.0.202105311346/tools/bin/../lib/gcc/arm-none-eabi/9.3.1/thumb/v7-m/nofp/crtbegin.o
                0x0000000008002d30                PROVIDE (__init_array_end = .)
                0x0000000008002d30                . = ALIGN (0x4)

.fini_array     0x0000000008002d30        0x4
                0x0000000008002d30                . = ALIGN (0x4)
                [!provide]                        PROVIDE (__fini_array_start = .)
 *(SORT_BY_NAME(.fini_array.*))
 *(.fini_array*)
 .fini_array    0x0000000008002d30        0x4 c:/st/stm32cubeide_1.8.0/stm32cubeide/plugins/com.st.stm32cube.ide.mcu.externaltools.gnu-tools-for-stm32.9-2020-q2-update.win32_2.0.0.202105311346/tools/bin/../lib/gcc/arm-none-eabi/9.3.1/thumb/v7-m/nofp/crtbegin.o
                [!provide]                        PROVIDE (__fini_array_end = .)
                0x0000000008002d34                . = ALIGN (0x4)
                0x0000000008002d34                _sidata = LOADADDR (.data)

.data           0x0000000020000000        0xc load address 0x0000000008002d34
                0x0000000020000000                . = ALIGN (0x4)
                0x0000000020000000                _sdata = .
 *(.data)
 *(.data*)
 .data.SystemCoreClock
                0x0000000020000000        0x4 ./Core/Src/system_stm32f1xx.o
                0x0000000020000000                SystemCoreClock
 .data.uwTickPrio
                0x0000000020000004        0x4 ./Drivers/STM32F1xx_HAL_Driver/Src/stm32f1xx_hal.o
                0x0000000020000004                uwTickPrio
 .data.uwTickFreq
                0x0000000020000008        0x1 ./Drivers/STM32F1xx_HAL_Driver/Src/stm32f1xx_hal.o
                0x0000000020000008                uwTickFreq
 *(.RamFunc)
 *(.RamFunc*)
                0x000000002000000c                . = ALIGN (0x4)
 *fill*         0x0000000020000009        0x3 
                0x000000002000000c                _edata = .

.igot.plt       0x000000002000000c        0x0 load address 0x0000000008002d40
 .igot.plt      0x000000002000000c        0x0 c:/st/stm32cubeide_1.8.0/stm32cubeide/plugins/com.st.stm32cube.ide.mcu.externaltools.gnu-tools-for-stm32.9-2020-q2-update.win32_2.0.0.202105311346/tools/bin/../lib/gcc/arm-none-eabi/9.3.1/thumb/v7-m/nofp/crtbegin.o
                0x000000002000000c                . = ALIGN (0x4)

.bss            0x000000002000000c      0x4cc load address 0x0000000008002d40
                0x000000002000000c                _sbss = .
                0x000000002000000c                __bss_start__ = _sbss
 *(.bss)
 .bss           0x000000002000000c       0x1c c:/st/stm32cubeide_1.8.0/stm32cubeide/plugins/com.st.stm32cube.ide.mcu.externaltools.gnu-tools-for-stm32.9-2020-q2-update.win32_2.0.0.202105311346/tools/bin/../lib/gcc/arm-none-eabi/9.3.1/thumb/v7-m/nofp/crtbegin.o
 *(.bss*)
 *(COMMON)
 COMMON         0x0000000020000028      0x4ac ./Core/Src/main.o
                0x0000000020000028                hspi2
                0x0000000020000080                huart3
                0x00000000200000c4                hadc2
                0x00000000200000f4                hcan
                0x000000002000011c                hadc1
                0x000000002000014c                huart1
                0x0000000020000190                hrtc
                0x00000000200001a4                huart2
                0x00000000200001e8                hpcd_USB_FS
 COMMON         0x00000000200004d4        0x4 ./Drivers/STM32F1xx_HAL_Driver/Src/stm32f1xx_hal.o
                0x00000000200004d4                uwTick
                0x00000000200004d8                . = ALIGN (0x4)
                0x00000000200004d8                _ebss = .
                0x00000000200004d8                __bss_end__ = _ebss

._user_heap_stack
                0x00000000200004d8      0x600 load address 0x0000000008002d40
                0x00000000200004d8                . = ALIGN (0x8)
                [!provide]                        PROVIDE (end = .)
                0x00000000200004d8                PROVIDE (_end = .)
                0x00000000200006d8                . = (. + _Min_Heap_Size)
 *fill*         0x00000000200004d8      0x200 
                0x0000000020000ad8                . = (. + _Min_Stack_Size)
 *fill*         0x00000000200006d8      0x400 
                0x0000000020000ad8                . = ALIGN (0x8)

/DISCARD/
 libc.a(*)
 libm.a(*)
 libgcc.a(*)

.ARM.attributes
                0x0000000000000000       0x29
 *(.ARM.attributes)
 .ARM.attributes
                0x0000000000000000       0x1d c:/st/stm32cubeide_1.8.0/stm32cubeide/plugins/com.st.stm32cube.ide.mcu.externaltools.gnu-tools-for-stm32.9-2020-q2-update.win32_2.0.0.202105311346/tools/bin/../lib/gcc/arm-none-eabi/9.3.1/thumb/v7-m/nofp/crti.o
 .ARM.attributes
                0x000000000000001d       0x2d c:/st/stm32cubeide_1.8.0/stm32cubeide/plugins/com.st.stm32cube.ide.mcu.externaltools.gnu-tools-for-stm32.9-2020-q2-update.win32_2.0.0.202105311346/tools/bin/../lib/gcc/arm-none-eabi/9.3.1/thumb/v7-m/nofp/crtbegin.o
 .ARM.attributes
                0x000000000000004a       0x2d ./Core/Src/main.o
 .ARM.attributes
                0x0000000000000077       0x2d ./Core/Src/stm32f1xx_hal_msp.o
 .ARM.attributes
                0x00000000000000a4       0x2d ./Core/Src/stm32f1xx_it.o
 .ARM.attributes
                0x00000000000000d1       0x2d ./Core/Src/system_stm32f1xx.o
 .ARM.attributes
                0x00000000000000fe       0x21 ./Core/Startup/startup_stm32f103c8tx.o
 .ARM.attributes
                0x000000000000011f       0x2d ./Drivers/STM32F1xx_HAL_Driver/Src/stm32f1xx_hal.o
 .ARM.attributes
                0x000000000000014c       0x2d ./Drivers/STM32F1xx_HAL_Driver/Src/stm32f1xx_hal_adc.o
 .ARM.attributes
                0x0000000000000179       0x2d ./Drivers/STM32F1xx_HAL_Driver/Src/stm32f1xx_hal_can.o
 .ARM.attributes
                0x00000000000001a6       0x2d ./Drivers/STM32F1xx_HAL_Driver/Src/stm32f1xx_hal_cortex.o
 .ARM.attributes
                0x00000000000001d3       0x2d ./Drivers/STM32F1xx_HAL_Driver/Src/stm32f1xx_hal_gpio.o
 .ARM.attributes
                0x0000000000000200       0x2d ./Drivers/STM32F1xx_HAL_Driver/Src/stm32f1xx_hal_pcd.o
 .ARM.attributes
                0x000000000000022d       0x2d ./Drivers/STM32F1xx_HAL_Driver/Src/stm32f1xx_hal_pwr.o
 .ARM.attributes
                0x000000000000025a       0x2d ./Drivers/STM32F1xx_HAL_Driver/Src/stm32f1xx_hal_rcc.o
 .ARM.attributes
                0x0000000000000287       0x2d ./Drivers/STM32F1xx_HAL_Driver/Src/stm32f1xx_hal_rcc_ex.o
 .ARM.attributes
                0x00000000000002b4       0x2d ./Drivers/STM32F1xx_HAL_Driver/Src/stm32f1xx_hal_rtc.o
 .ARM.attributes
                0x00000000000002e1       0x2d ./Drivers/STM32F1xx_HAL_Driver/Src/stm32f1xx_hal_spi.o
 .ARM.attributes
                0x000000000000030e       0x2d ./Drivers/STM32F1xx_HAL_Driver/Src/stm32f1xx_hal_uart.o
 .ARM.attributes
                0x000000000000033b       0x2d ./Drivers/STM32F1xx_HAL_Driver/Src/stm32f1xx_ll_usb.o
 .ARM.attributes
                0x0000000000000368       0x2d ./icode/key/key.o
 .ARM.attributes
                0x0000000000000395       0x2d ./icode/led/led.o
 .ARM.attributes
                0x00000000000003c2       0x2d c:/st/stm32cubeide_1.8.0/stm32cubeide/plugins/com.st.stm32cube.ide.mcu.externaltools.gnu-tools-for-stm32.9-2020-q2-update.win32_2.0.0.202105311346/tools/bin/../lib/gcc/arm-none-eabi/9.3.1/../../../../arm-none-eabi/lib/thumb/v7-m/nofp\libc_nano.a(lib_a-init.o)
 .ARM.attributes
                0x00000000000003ef       0x2d c:/st/stm32cubeide_1.8.0/stm32cubeide/plugins/com.st.stm32cube.ide.mcu.externaltools.gnu-tools-for-stm32.9-2020-q2-update.win32_2.0.0.202105311346/tools/bin/../lib/gcc/arm-none-eabi/9.3.1/../../../../arm-none-eabi/lib/thumb/v7-m/nofp\libc_nano.a(lib_a-memset.o)
 .ARM.attributes
                0x000000000000041c       0x1d c:/st/stm32cubeide_1.8.0/stm32cubeide/plugins/com.st.stm32cube.ide.mcu.externaltools.gnu-tools-for-stm32.9-2020-q2-update.win32_2.0.0.202105311346/tools/bin/../lib/gcc/arm-none-eabi/9.3.1/thumb/v7-m/nofp/crtn.o
OUTPUT(QC_TEST.elf elf32-littlearm)
LOAD linker stubs
LOAD c:/st/stm32cubeide_1.8.0/stm32cubeide/plugins/com.st.stm32cube.ide.mcu.externaltools.gnu-tools-for-stm32.9-2020-q2-update.win32_2.0.0.202105311346/tools/bin/../lib/gcc/arm-none-eabi/9.3.1/../../../../arm-none-eabi/lib/thumb/v7-m/nofp\libc.a
LOAD c:/st/stm32cubeide_1.8.0/stm32cubeide/plugins/com.st.stm32cube.ide.mcu.externaltools.gnu-tools-for-stm32.9-2020-q2-update.win32_2.0.0.202105311346/tools/bin/../lib/gcc/arm-none-eabi/9.3.1/../../../../arm-none-eabi/lib/thumb/v7-m/nofp\libm.a
LOAD c:/st/stm32cubeide_1.8.0/stm32cubeide/plugins/com.st.stm32cube.ide.mcu.externaltools.gnu-tools-for-stm32.9-2020-q2-update.win32_2.0.0.202105311346/tools/bin/../lib/gcc/arm-none-eabi/9.3.1/thumb/v7-m/nofp\libgcc.a

.debug_info     0x0000000000000000     0xf53f
 .debug_info    0x0000000000000000     0x1a54 ./Core/Src/main.o
 .debug_info    0x0000000000001a54     0x1ac5 ./Core/Src/stm32f1xx_hal_msp.o
 .debug_info    0x0000000000003519      0x222 ./Core/Src/stm32f1xx_it.o
 .debug_info    0x000000000000373b      0x2be ./Core/Src/system_stm32f1xx.o
 .debug_info    0x00000000000039f9       0x22 ./Core/Startup/startup_stm32f103c8tx.o
 .debug_info    0x0000000000003a1b      0x76a ./Drivers/STM32F1xx_HAL_Driver/Src/stm32f1xx_hal.o
 .debug_info    0x0000000000004185      0xd2d ./Drivers/STM32F1xx_HAL_Driver/Src/stm32f1xx_hal_adc.o
 .debug_info    0x0000000000004eb2     0x107f ./Drivers/STM32F1xx_HAL_Driver/Src/stm32f1xx_hal_can.o
 .debug_info    0x0000000000005f31      0xbdc ./Drivers/STM32F1xx_HAL_Driver/Src/stm32f1xx_hal_cortex.o
 .debug_info    0x0000000000006b0d      0x701 ./Drivers/STM32F1xx_HAL_Driver/Src/stm32f1xx_hal_gpio.o
 .debug_info    0x000000000000720e     0x1509 ./Drivers/STM32F1xx_HAL_Driver/Src/stm32f1xx_hal_pcd.o
 .debug_info    0x0000000000008717      0x730 ./Drivers/STM32F1xx_HAL_Driver/Src/stm32f1xx_hal_pwr.o
 .debug_info    0x0000000000008e47      0x88e ./Drivers/STM32F1xx_HAL_Driver/Src/stm32f1xx_hal_rcc.o
 .debug_info    0x00000000000096d5      0x480 ./Drivers/STM32F1xx_HAL_Driver/Src/stm32f1xx_hal_rcc_ex.o
 .debug_info    0x0000000000009b55      0xdf9 ./Drivers/STM32F1xx_HAL_Driver/Src/stm32f1xx_hal_rtc.o
 .debug_info    0x000000000000a94e     0x16bf ./Drivers/STM32F1xx_HAL_Driver/Src/stm32f1xx_hal_spi.o
 .debug_info    0x000000000000c00d     0x161a ./Drivers/STM32F1xx_HAL_Driver/Src/stm32f1xx_hal_uart.o
 .debug_info    0x000000000000d627     0x19e6 ./Drivers/STM32F1xx_HAL_Driver/Src/stm32f1xx_ll_usb.o
 .debug_info    0x000000000000f00d      0x279 ./icode/key/key.o
 .debug_info    0x000000000000f286      0x2b9 ./icode/led/led.o

.debug_abbrev   0x0000000000000000     0x2667
 .debug_abbrev  0x0000000000000000      0x28d ./Core/Src/main.o
 .debug_abbrev  0x000000000000028d      0x248 ./Core/Src/stm32f1xx_hal_msp.o
 .debug_abbrev  0x00000000000004d5       0xd2 ./Core/Src/stm32f1xx_it.o
 .debug_abbrev  0x00000000000005a7      0x14e ./Core/Src/system_stm32f1xx.o
 .debug_abbrev  0x00000000000006f5       0x12 ./Core/Startup/startup_stm32f103c8tx.o
 .debug_abbrev  0x0000000000000707      0x1ed ./Drivers/STM32F1xx_HAL_Driver/Src/stm32f1xx_hal.o
 .debug_abbrev  0x00000000000008f4      0x1fb ./Drivers/STM32F1xx_HAL_Driver/Src/stm32f1xx_hal_adc.o
 .debug_abbrev  0x0000000000000aef      0x235 ./Drivers/STM32F1xx_HAL_Driver/Src/stm32f1xx_hal_can.o
 .debug_abbrev  0x0000000000000d24      0x313 ./Drivers/STM32F1xx_HAL_Driver/Src/stm32f1xx_hal_cortex.o
 .debug_abbrev  0x0000000000001037      0x1e8 ./Drivers/STM32F1xx_HAL_Driver/Src/stm32f1xx_hal_gpio.o
 .debug_abbrev  0x000000000000121f      0x29e ./Drivers/STM32F1xx_HAL_Driver/Src/stm32f1xx_hal_pcd.o
 .debug_abbrev  0x00000000000014bd      0x213 ./Drivers/STM32F1xx_HAL_Driver/Src/stm32f1xx_hal_pwr.o
 .debug_abbrev  0x00000000000016d0      0x273 ./Drivers/STM32F1xx_HAL_Driver/Src/stm32f1xx_hal_rcc.o
 .debug_abbrev  0x0000000000001943      0x193 ./Drivers/STM32F1xx_HAL_Driver/Src/stm32f1xx_hal_rcc_ex.o
 .debug_abbrev  0x0000000000001ad6      0x236 ./Drivers/STM32F1xx_HAL_Driver/Src/stm32f1xx_hal_rtc.o
 .debug_abbrev  0x0000000000001d0c      0x26e ./Drivers/STM32F1xx_HAL_Driver/Src/stm32f1xx_hal_spi.o
 .debug_abbrev  0x0000000000001f7a      0x28b ./Drivers/STM32F1xx_HAL_Driver/Src/stm32f1xx_hal_uart.o
 .debug_abbrev  0x0000000000002205      0x1fa ./Drivers/STM32F1xx_HAL_Driver/Src/stm32f1xx_ll_usb.o
 .debug_abbrev  0x00000000000023ff      0x129 ./icode/key/key.o
 .debug_abbrev  0x0000000000002528      0x13f ./icode/led/led.o

.debug_aranges  0x0000000000000000      0xed0
 .debug_aranges
                0x0000000000000000       0x80 ./Core/Src/main.o
 .debug_aranges
                0x0000000000000080       0x80 ./Core/Src/stm32f1xx_hal_msp.o
 .debug_aranges
                0x0000000000000100       0x60 ./Core/Src/stm32f1xx_it.o
 .debug_aranges
                0x0000000000000160       0x28 ./Core/Src/system_stm32f1xx.o
 .debug_aranges
                0x0000000000000188       0x28 ./Core/Startup/startup_stm32f103c8tx.o
 .debug_aranges
                0x00000000000001b0       0xe0 ./Drivers/STM32F1xx_HAL_Driver/Src/stm32f1xx_hal.o
 .debug_aranges
                0x0000000000000290       0xf0 ./Drivers/STM32F1xx_HAL_Driver/Src/stm32f1xx_hal_adc.o
 .debug_aranges
                0x0000000000000380      0x138 ./Drivers/STM32F1xx_HAL_Driver/Src/stm32f1xx_hal_can.o
 .debug_aranges
                0x00000000000004b8      0x100 ./Drivers/STM32F1xx_HAL_Driver/Src/stm32f1xx_hal_cortex.o
 .debug_aranges
                0x00000000000005b8       0x58 ./Drivers/STM32F1xx_HAL_Driver/Src/stm32f1xx_hal_gpio.o
 .debug_aranges
                0x0000000000000610      0x138 ./Drivers/STM32F1xx_HAL_Driver/Src/stm32f1xx_hal_pcd.o
 .debug_aranges
                0x0000000000000748       0xa8 ./Drivers/STM32F1xx_HAL_Driver/Src/stm32f1xx_hal_pwr.o
 .debug_aranges
                0x00000000000007f0       0x90 ./Drivers/STM32F1xx_HAL_Driver/Src/stm32f1xx_hal_rcc.o
 .debug_aranges
                0x0000000000000880       0x30 ./Drivers/STM32F1xx_HAL_Driver/Src/stm32f1xx_hal_rcc_ex.o
 .debug_aranges
                0x00000000000008b0       0xf8 ./Drivers/STM32F1xx_HAL_Driver/Src/stm32f1xx_hal_rtc.o
 .debug_aranges
                0x00000000000009a8      0x1d0 ./Drivers/STM32F1xx_HAL_Driver/Src/stm32f1xx_hal_spi.o
 .debug_aranges
                0x0000000000000b78      0x200 ./Drivers/STM32F1xx_HAL_Driver/Src/stm32f1xx_hal_uart.o
 .debug_aranges
                0x0000000000000d78       0xf0 ./Drivers/STM32F1xx_HAL_Driver/Src/stm32f1xx_ll_usb.o
 .debug_aranges
                0x0000000000000e68       0x28 ./icode/key/key.o
 .debug_aranges
                0x0000000000000e90       0x40 ./icode/led/led.o

.debug_ranges   0x0000000000000000      0xdc8
 .debug_ranges  0x0000000000000000       0x70 ./Core/Src/main.o
 .debug_ranges  0x0000000000000070       0x70 ./Core/Src/stm32f1xx_hal_msp.o
 .debug_ranges  0x00000000000000e0       0x50 ./Core/Src/stm32f1xx_it.o
 .debug_ranges  0x0000000000000130       0x18 ./Core/Src/system_stm32f1xx.o
 .debug_ranges  0x0000000000000148       0x20 ./Core/Startup/startup_stm32f103c8tx.o
 .debug_ranges  0x0000000000000168       0xd0 ./Drivers/STM32F1xx_HAL_Driver/Src/stm32f1xx_hal.o
 .debug_ranges  0x0000000000000238       0xe0 ./Drivers/STM32F1xx_HAL_Driver/Src/stm32f1xx_hal_adc.o
 .debug_ranges  0x0000000000000318      0x128 ./Drivers/STM32F1xx_HAL_Driver/Src/stm32f1xx_hal_can.o
 .debug_ranges  0x0000000000000440       0xf0 ./Drivers/STM32F1xx_HAL_Driver/Src/stm32f1xx_hal_cortex.o
 .debug_ranges  0x0000000000000530       0x48 ./Drivers/STM32F1xx_HAL_Driver/Src/stm32f1xx_hal_gpio.o
 .debug_ranges  0x0000000000000578      0x128 ./Drivers/STM32F1xx_HAL_Driver/Src/stm32f1xx_hal_pcd.o
 .debug_ranges  0x00000000000006a0       0x98 ./Drivers/STM32F1xx_HAL_Driver/Src/stm32f1xx_hal_pwr.o
 .debug_ranges  0x0000000000000738       0x80 ./Drivers/STM32F1xx_HAL_Driver/Src/stm32f1xx_hal_rcc.o
 .debug_ranges  0x00000000000007b8       0x20 ./Drivers/STM32F1xx_HAL_Driver/Src/stm32f1xx_hal_rcc_ex.o
 .debug_ranges  0x00000000000007d8       0xe8 ./Drivers/STM32F1xx_HAL_Driver/Src/stm32f1xx_hal_rtc.o
 .debug_ranges  0x00000000000008c0      0x1c0 ./Drivers/STM32F1xx_HAL_Driver/Src/stm32f1xx_hal_spi.o
 .debug_ranges  0x0000000000000a80      0x220 ./Drivers/STM32F1xx_HAL_Driver/Src/stm32f1xx_hal_uart.o
 .debug_ranges  0x0000000000000ca0       0xe0 ./Drivers/STM32F1xx_HAL_Driver/Src/stm32f1xx_ll_usb.o
 .debug_ranges  0x0000000000000d80       0x18 ./icode/key/key.o
 .debug_ranges  0x0000000000000d98       0x30 ./icode/led/led.o

.debug_macro    0x0000000000000000    0x187a3
 .debug_macro   0x0000000000000000      0x211 ./Core/Src/main.o
 .debug_macro   0x0000000000000211      0xa9c ./Core/Src/main.o
 .debug_macro   0x0000000000000cad      0x233 ./Core/Src/main.o
 .debug_macro   0x0000000000000ee0       0x2e ./Core/Src/main.o
 .debug_macro   0x0000000000000f0e       0x22 ./Core/Src/main.o
 .debug_macro   0x0000000000000f30       0x22 ./Core/Src/main.o
 .debug_macro   0x0000000000000f52       0x8e ./Core/Src/main.o
 .debug_macro   0x0000000000000fe0       0x51 ./Core/Src/main.o
 .debug_macro   0x0000000000001031      0x103 ./Core/Src/main.o
 .debug_macro   0x0000000000001134       0x6a ./Core/Src/main.o
 .debug_macro   0x000000000000119e      0x1df ./Core/Src/main.o
 .debug_macro   0x000000000000137d       0x1c ./Core/Src/main.o
 .debug_macro   0x0000000000001399       0x22 ./Core/Src/main.o
 .debug_macro   0x00000000000013bb       0xc3 ./Core/Src/main.o
 .debug_macro   0x000000000000147e      0xd23 ./Core/Src/main.o
 .debug_macro   0x00000000000021a1     0xe09e ./Core/Src/main.o
 .debug_macro   0x000000000001023f       0x6d ./Core/Src/main.o
 .debug_macro   0x00000000000102ac     0x3468 ./Core/Src/main.o
 .debug_macro   0x0000000000013714      0x174 ./Core/Src/main.o
 .debug_macro   0x0000000000013888       0x5c ./Core/Src/main.o
 .debug_macro   0x00000000000138e4      0x5be ./Core/Src/main.o
 .debug_macro   0x0000000000013ea2      0x289 ./Core/Src/main.o
 .debug_macro   0x000000000001412b      0x1cb ./Core/Src/main.o
 .debug_macro   0x00000000000142f6      0x114 ./Core/Src/main.o
 .debug_macro   0x000000000001440a      0x1b2 ./Core/Src/main.o
 .debug_macro   0x00000000000145bc       0x27 ./Core/Src/main.o
 .debug_macro   0x00000000000145e3      0x136 ./Core/Src/main.o
 .debug_macro   0x0000000000014719      0x1bc ./Core/Src/main.o
 .debug_macro   0x00000000000148d5       0x34 ./Core/Src/main.o
 .debug_macro   0x0000000000014909       0x3c ./Core/Src/main.o
 .debug_macro   0x0000000000014945      0x408 ./Core/Src/main.o
 .debug_macro   0x0000000000014d4d       0x57 ./Core/Src/main.o
 .debug_macro   0x0000000000014da4      0x46a ./Core/Src/main.o
 .debug_macro   0x000000000001520e      0x1b5 ./Core/Src/main.o
 .debug_macro   0x00000000000153c3       0x88 ./Core/Src/main.o
 .debug_macro   0x000000000001544b      0x241 ./Core/Src/main.o
 .debug_macro   0x000000000001568c      0x141 ./Core/Src/main.o
 .debug_macro   0x00000000000157cd      0x1ef ./Core/Src/main.o
 .debug_macro   0x00000000000159bc       0xec ./Core/Src/main.o
 .debug_macro   0x0000000000015aa8      0x217 ./Core/Src/main.o
 .debug_macro   0x0000000000015cbf      0x279 ./Core/Src/main.o
 .debug_macro   0x0000000000015f38       0x65 ./Core/Src/main.o
 .debug_macro   0x0000000000015f9d      0x249 ./Core/Src/main.o
 .debug_macro   0x00000000000161e6       0x83 ./Core/Src/main.o
 .debug_macro   0x0000000000016269       0x70 ./Core/Src/main.o
 .debug_macro   0x00000000000162d9      0x1fd ./Core/Src/stm32f1xx_hal_msp.o
 .debug_macro   0x00000000000164d6      0x207 ./Core/Src/stm32f1xx_it.o
 .debug_macro   0x00000000000166dd      0x1ee ./Core/Src/system_stm32f1xx.o
 .debug_macro   0x00000000000168cb      0x212 ./Drivers/STM32F1xx_HAL_Driver/Src/stm32f1xx_hal.o
 .debug_macro   0x0000000000016add      0x20b ./Drivers/STM32F1xx_HAL_Driver/Src/stm32f1xx_hal_adc.o
 .debug_macro   0x0000000000016ce8      0x1f6 ./Drivers/STM32F1xx_HAL_Driver/Src/stm32f1xx_hal_can.o
 .debug_macro   0x0000000000016ede      0x1ee ./Drivers/STM32F1xx_HAL_Driver/Src/stm32f1xx_hal_cortex.o
 .debug_macro   0x00000000000170cc      0x259 ./Drivers/STM32F1xx_HAL_Driver/Src/stm32f1xx_hal_gpio.o
 .debug_macro   0x0000000000017325      0x1fa ./Drivers/STM32F1xx_HAL_Driver/Src/stm32f1xx_hal_pcd.o
 .debug_macro   0x000000000001751f      0x24e ./Drivers/STM32F1xx_HAL_Driver/Src/stm32f1xx_hal_pwr.o
 .debug_macro   0x000000000001776d      0x200 ./Drivers/STM32F1xx_HAL_Driver/Src/stm32f1xx_hal_rcc.o
 .debug_macro   0x000000000001796d      0x1ee ./Drivers/STM32F1xx_HAL_Driver/Src/stm32f1xx_hal_rcc_ex.o
 .debug_macro   0x0000000000017b5b      0x1fd ./Drivers/STM32F1xx_HAL_Driver/Src/stm32f1xx_hal_rtc.o
 .debug_macro   0x0000000000017d58      0x1f6 ./Drivers/STM32F1xx_HAL_Driver/Src/stm32f1xx_hal_spi.o
 .debug_macro   0x0000000000017f4e      0x1ef ./Drivers/STM32F1xx_HAL_Driver/Src/stm32f1xx_hal_uart.o
 .debug_macro   0x000000000001813d      0x1ee ./Drivers/STM32F1xx_HAL_Driver/Src/stm32f1xx_ll_usb.o
 .debug_macro   0x000000000001832b      0x201 ./icode/key/key.o
 .debug_macro   0x000000000001852c       0x76 ./icode/key/key.o
 .debug_macro   0x00000000000185a2      0x201 ./icode/led/led.o

.debug_line     0x0000000000000000    0x101f3
 .debug_line    0x0000000000000000      0xa7e ./Core/Src/main.o
 .debug_line    0x0000000000000a7e      0x970 ./Core/Src/stm32f1xx_hal_msp.o
 .debug_line    0x00000000000013ee      0x7e5 ./Core/Src/stm32f1xx_it.o
 .debug_line    0x0000000000001bd3      0x7a1 ./Core/Src/system_stm32f1xx.o
 .debug_line    0x0000000000002374       0x87 ./Core/Startup/startup_stm32f103c8tx.o
 .debug_line    0x00000000000023fb      0x9ce ./Drivers/STM32F1xx_HAL_Driver/Src/stm32f1xx_hal.o
 .debug_line    0x0000000000002dc9     0x1045 ./Drivers/STM32F1xx_HAL_Driver/Src/stm32f1xx_hal_adc.o
 .debug_line    0x0000000000003e0e     0x116f ./Drivers/STM32F1xx_HAL_Driver/Src/stm32f1xx_hal_can.o
 .debug_line    0x0000000000004f7d      0xbb6 ./Drivers/STM32F1xx_HAL_Driver/Src/stm32f1xx_hal_cortex.o
 .debug_line    0x0000000000005b33      0xa65 ./Drivers/STM32F1xx_HAL_Driver/Src/stm32f1xx_hal_gpio.o
 .debug_line    0x0000000000006598     0x13bc ./Drivers/STM32F1xx_HAL_Driver/Src/stm32f1xx_hal_pcd.o
 .debug_line    0x0000000000007954      0x950 ./Drivers/STM32F1xx_HAL_Driver/Src/stm32f1xx_hal_pwr.o
 .debug_line    0x00000000000082a4      0xddc ./Drivers/STM32F1xx_HAL_Driver/Src/stm32f1xx_hal_rcc.o
 .debug_line    0x0000000000009080      0x91a ./Drivers/STM32F1xx_HAL_Driver/Src/stm32f1xx_hal_rcc_ex.o
 .debug_line    0x000000000000999a     0x1140 ./Drivers/STM32F1xx_HAL_Driver/Src/stm32f1xx_hal_rtc.o
 .debug_line    0x000000000000aada     0x1c53 ./Drivers/STM32F1xx_HAL_Driver/Src/stm32f1xx_hal_spi.o
 .debug_line    0x000000000000c72d     0x1aa9 ./Drivers/STM32F1xx_HAL_Driver/Src/stm32f1xx_hal_uart.o
 .debug_line    0x000000000000e1d6     0x10d6 ./Drivers/STM32F1xx_HAL_Driver/Src/stm32f1xx_ll_usb.o
 .debug_line    0x000000000000f2ac      0x77c ./icode/key/key.o
 .debug_line    0x000000000000fa28      0x7cb ./icode/led/led.o

.debug_str      0x0000000000000000    0x8cc1d
 .debug_str     0x0000000000000000    0x89834 ./Core/Src/main.o
                                      0x89c46 (size before relaxing)
 .debug_str     0x0000000000089834      0x133 ./Core/Src/stm32f1xx_hal_msp.o
                                      0x89a52 (size before relaxing)
 .debug_str     0x0000000000089967       0xbd ./Core/Src/stm32f1xx_it.o
                                      0x88ca4 (size before relaxing)
 .debug_str     0x0000000000089a24       0x52 ./Core/Src/system_stm32f1xx.o
                                      0x88ae0 (size before relaxing)
 .debug_str     0x0000000000089a76       0x36 ./Core/Startup/startup_stm32f103c8tx.o
                                         0x4b (size before relaxing)
 .debug_str     0x0000000000089aac      0x55e ./Drivers/STM32F1xx_HAL_Driver/Src/stm32f1xx_hal.o
                                      0x89171 (size before relaxing)
 .debug_str     0x000000000008a00a      0x356 ./Drivers/STM32F1xx_HAL_Driver/Src/stm32f1xx_hal_adc.o
                                      0x89170 (size before relaxing)
 .debug_str     0x000000000008a360      0x56d ./Drivers/STM32F1xx_HAL_Driver/Src/stm32f1xx_hal_can.o
                                      0x89300 (size before relaxing)
 .debug_str     0x000000000008a8cd      0x2d8 ./Drivers/STM32F1xx_HAL_Driver/Src/stm32f1xx_hal_cortex.o
                                      0x89179 (size before relaxing)
 .debug_str     0x000000000008aba5      0x324 ./Drivers/STM32F1xx_HAL_Driver/Src/stm32f1xx_hal_gpio.o
                                      0x88ea4 (size before relaxing)
 .debug_str     0x000000000008aec9      0x3c6 ./Drivers/STM32F1xx_HAL_Driver/Src/stm32f1xx_hal_pcd.o
                                      0x89233 (size before relaxing)
 .debug_str     0x000000000008b28f      0x500 ./Drivers/STM32F1xx_HAL_Driver/Src/stm32f1xx_hal_pwr.o
                                      0x89043 (size before relaxing)
 .debug_str     0x000000000008b78f      0x243 ./Drivers/STM32F1xx_HAL_Driver/Src/stm32f1xx_hal_rcc.o
                                      0x88edd (size before relaxing)
 .debug_str     0x000000000008b9d2       0xb9 ./Drivers/STM32F1xx_HAL_Driver/Src/stm32f1xx_hal_rcc_ex.o
                                      0x88c6a (size before relaxing)
 .debug_str     0x000000000008ba8b      0x370 ./Drivers/STM32F1xx_HAL_Driver/Src/stm32f1xx_hal_rtc.o
                                      0x88ff0 (size before relaxing)
 .debug_str     0x000000000008bdfb      0x539 ./Drivers/STM32F1xx_HAL_Driver/Src/stm32f1xx_hal_spi.o
                                      0x893ec (size before relaxing)
 .debug_str     0x000000000008c334      0x5e4 ./Drivers/STM32F1xx_HAL_Driver/Src/stm32f1xx_hal_uart.o
                                      0x894cf (size before relaxing)
 .debug_str     0x000000000008c918      0x2a1 ./Drivers/STM32F1xx_HAL_Driver/Src/stm32f1xx_ll_usb.o
                                      0x88fb3 (size before relaxing)
 .debug_str     0x000000000008cbb9       0x1f ./icode/key/key.o
                                      0x88c59 (size before relaxing)
 .debug_str     0x000000000008cbd8       0x45 ./icode/led/led.o
                                      0x88c7f (size before relaxing)

.comment        0x0000000000000000       0x53
 .comment       0x0000000000000000       0x53 ./Core/Src/main.o
                                         0x54 (size before relaxing)
 .comment       0x0000000000000053       0x54 ./Core/Src/stm32f1xx_hal_msp.o
 .comment       0x0000000000000053       0x54 ./Core/Src/stm32f1xx_it.o
 .comment       0x0000000000000053       0x54 ./Core/Src/system_stm32f1xx.o
 .comment       0x0000000000000053       0x54 ./Drivers/STM32F1xx_HAL_Driver/Src/stm32f1xx_hal.o
 .comment       0x0000000000000053       0x54 ./Drivers/STM32F1xx_HAL_Driver/Src/stm32f1xx_hal_adc.o
 .comment       0x0000000000000053       0x54 ./Drivers/STM32F1xx_HAL_Driver/Src/stm32f1xx_hal_can.o
 .comment       0x0000000000000053       0x54 ./Drivers/STM32F1xx_HAL_Driver/Src/stm32f1xx_hal_cortex.o
 .comment       0x0000000000000053       0x54 ./Drivers/STM32F1xx_HAL_Driver/Src/stm32f1xx_hal_gpio.o
 .comment       0x0000000000000053       0x54 ./Drivers/STM32F1xx_HAL_Driver/Src/stm32f1xx_hal_pcd.o
 .comment       0x0000000000000053       0x54 ./Drivers/STM32F1xx_HAL_Driver/Src/stm32f1xx_hal_pwr.o
 .comment       0x0000000000000053       0x54 ./Drivers/STM32F1xx_HAL_Driver/Src/stm32f1xx_hal_rcc.o
 .comment       0x0000000000000053       0x54 ./Drivers/STM32F1xx_HAL_Driver/Src/stm32f1xx_hal_rcc_ex.o
 .comment       0x0000000000000053       0x54 ./Drivers/STM32F1xx_HAL_Driver/Src/stm32f1xx_hal_rtc.o
 .comment       0x0000000000000053       0x54 ./Drivers/STM32F1xx_HAL_Driver/Src/stm32f1xx_hal_spi.o
 .comment       0x0000000000000053       0x54 ./Drivers/STM32F1xx_HAL_Driver/Src/stm32f1xx_hal_uart.o
 .comment       0x0000000000000053       0x54 ./Drivers/STM32F1xx_HAL_Driver/Src/stm32f1xx_ll_usb.o
 .comment       0x0000000000000053       0x54 ./icode/key/key.o
 .comment       0x0000000000000053       0x54 ./icode/led/led.o

.debug_frame    0x0000000000000000     0x3cd8
 .debug_frame   0x0000000000000000      0x198 ./Core/Src/main.o
 .debug_frame   0x0000000000000198      0x1f4 ./Core/Src/stm32f1xx_hal_msp.o
 .debug_frame   0x000000000000038c      0x104 ./Core/Src/stm32f1xx_it.o
 .debug_frame   0x0000000000000490       0x58 ./Core/Src/system_stm32f1xx.o
 .debug_frame   0x00000000000004e8      0x334 ./Drivers/STM32F1xx_HAL_Driver/Src/stm32f1xx_hal.o
 .debug_frame   0x000000000000081c      0x40c ./Drivers/STM32F1xx_HAL_Driver/Src/stm32f1xx_hal_adc.o
 .debug_frame   0x0000000000000c28      0x5a0 ./Drivers/STM32F1xx_HAL_Driver/Src/stm32f1xx_hal_can.o
 .debug_frame   0x00000000000011c8      0x428 ./Drivers/STM32F1xx_HAL_Driver/Src/stm32f1xx_hal_cortex.o
 .debug_frame   0x00000000000015f0      0x14c ./Drivers/STM32F1xx_HAL_Driver/Src/stm32f1xx_hal_gpio.o
 .debug_frame   0x000000000000173c      0x578 ./Drivers/STM32F1xx_HAL_Driver/Src/stm32f1xx_hal_pcd.o
 .debug_frame   0x0000000000001cb4      0x270 ./Drivers/STM32F1xx_HAL_Driver/Src/stm32f1xx_hal_pwr.o
 .debug_frame   0x0000000000001f24      0x21c ./Drivers/STM32F1xx_HAL_Driver/Src/stm32f1xx_hal_rcc.o
 .debug_frame   0x0000000000002140       0x84 ./Drivers/STM32F1xx_HAL_Driver/Src/stm32f1xx_hal_rcc_ex.o
 .debug_frame   0x00000000000021c4      0x434 ./Drivers/STM32F1xx_HAL_Driver/Src/stm32f1xx_hal_rtc.o
 .debug_frame   0x00000000000025f8      0x824 ./Drivers/STM32F1xx_HAL_Driver/Src/stm32f1xx_hal_spi.o
 .debug_frame   0x0000000000002e1c      0x914 ./Drivers/STM32F1xx_HAL_Driver/Src/stm32f1xx_hal_uart.o
 .debug_frame   0x0000000000003730      0x450 ./Drivers/STM32F1xx_HAL_Driver/Src/stm32f1xx_ll_usb.o
 .debug_frame   0x0000000000003b80       0x58 ./icode/key/key.o
 .debug_frame   0x0000000000003bd8       0xb4 ./icode/led/led.o
 .debug_frame   0x0000000000003c8c       0x2c c:/st/stm32cubeide_1.8.0/stm32cubeide/plugins/com.st.stm32cube.ide.mcu.externaltools.gnu-tools-for-stm32.9-2020-q2-update.win32_2.0.0.202105311346/tools/bin/../lib/gcc/arm-none-eabi/9.3.1/../../../../arm-none-eabi/lib/thumb/v7-m/nofp\libc_nano.a(lib_a-init.o)
 .debug_frame   0x0000000000003cb8       0x20 c:/st/stm32cubeide_1.8.0/stm32cubeide/plugins/com.st.stm32cube.ide.mcu.externaltools.gnu-tools-for-stm32.9-2020-q2-update.win32_2.0.0.202105311346/tools/bin/../lib/gcc/arm-none-eabi/9.3.1/../../../../arm-none-eabi/lib/thumb/v7-m/nofp\libc_nano.a(lib_a-memset.o)
