Component: ARM Compiler 5.06 update 6 (build 750) Tool: armlink [4d35ed]

==============================================================================

Section Cross References

    startup_stm32f407xx.o(RESET) refers to startup_stm32f407xx.o(STACK) for __initial_sp
    startup_stm32f407xx.o(RESET) refers to startup_stm32f407xx.o(.text) for Reset_Handler
    startup_stm32f407xx.o(RESET) refers to stm32f4xx_it.o(i.NMI_Handler) for NMI_Handler
    startup_stm32f407xx.o(RESET) refers to stm32f4xx_it.o(i.HardFault_Handler) for HardFault_Handler
    startup_stm32f407xx.o(RESET) refers to stm32f4xx_it.o(i.MemManage_Handler) for MemManage_Handler
    startup_stm32f407xx.o(RESET) refers to stm32f4xx_it.o(i.BusFault_Handler) for BusFault_Handler
    startup_stm32f407xx.o(RESET) refers to stm32f4xx_it.o(i.UsageFault_Handler) for UsageFault_Handler
    startup_stm32f407xx.o(RESET) refers to port.o(.emb_text) for SVC_Handler
    startup_stm32f407xx.o(RESET) refers to stm32f4xx_it.o(i.DebugMon_Handler) for DebugMon_Handler
    startup_stm32f407xx.o(RESET) refers to stm32f4xx_it.o(i.SysTick_Handler) for SysTick_Handler
    startup_stm32f407xx.o(RESET) refers to stm32f4xx_it.o(i.I2C2_EV_IRQHandler) for I2C2_EV_IRQHandler
    startup_stm32f407xx.o(RESET) refers to stm32f4xx_it.o(i.DMA1_Stream7_IRQHandler) for DMA1_Stream7_IRQHandler
    startup_stm32f407xx.o(.text) refers to system_stm32f4xx.o(i.SystemInit) for SystemInit
    startup_stm32f407xx.o(.text) refers to entry.o(.ARM.Collect$$$$00000000) for __main
    main.o(i.SystemClock_Config) refers to memseta.o(.text) for __aeabi_memclr4
    main.o(i.SystemClock_Config) refers to stm32f4xx_hal_rcc.o(i.HAL_RCC_OscConfig) for HAL_RCC_OscConfig
    main.o(i.SystemClock_Config) refers to stm32f4xx_hal_rcc.o(i.HAL_RCC_ClockConfig) for HAL_RCC_ClockConfig
    main.o(i.main) refers to stm32f4xx_hal.o(i.HAL_Init) for HAL_Init
    main.o(i.main) refers to main.o(i.SystemClock_Config) for SystemClock_Config
    main.o(i.main) refers to gpio.o(i.MX_GPIO_Init) for MX_GPIO_Init
    main.o(i.main) refers to freertos.o(i.MX_FREERTOS_Init) for MX_FREERTOS_Init
    main.o(i.main) refers to cmsis_os.o(i.osKernelStart) for osKernelStart
    freertos.o(i.MX_FREERTOS_Init) refers to memcpya.o(.text) for __aeabi_memcpy4
    freertos.o(i.MX_FREERTOS_Init) refers to cmsis_os.o(i.osThreadCreate) for osThreadCreate
    freertos.o(i.MX_FREERTOS_Init) refers to freertos.o(.constdata) for .constdata
    freertos.o(i.MX_FREERTOS_Init) refers to freertos.o(.data) for .data
    freertos.o(i.StartDefaultTask) refers to cmsis_os.o(i.osDelay) for osDelay
    freertos.o(i.oled_Task) refers to tasks.o(i.vTaskDelay) for vTaskDelay
    freertos.o(i.oled_Task) refers to oled.o(i.OLED_Init) for OLED_Init
    freertos.o(i.oled_Task) refers to tasks.o(i.xTaskGetTickCount) for xTaskGetTickCount
    freertos.o(i.oled_Task) refers to f2d.o(.text) for __aeabi_f2d
    freertos.o(i.oled_Task) refers to printfa.o(i.__0sprintf) for __2sprintf
    freertos.o(i.oled_Task) refers to oled.o(i.OLED_CLS) for OLED_CLS
    freertos.o(i.oled_Task) refers to oled.o(i.LCD_P8x16Str) for LCD_P8x16Str
    freertos.o(i.oled_Task) refers to memseta.o(.text) for __aeabi_memclr4
    freertos.o(i.oled_Task) refers to oled.o(i.show_oled) for show_oled
    freertos.o(i.oled_Task) refers to i2c.o(.data) for num
    freertos.o(i.vApplicationGetIdleTaskMemory) refers to freertos.o(.bss) for .bss
    freertos.o(.constdata) refers to freertos.o(.conststring) for .conststring
    freertos.o(.constdata) refers to freertos.o(i.StartDefaultTask) for StartDefaultTask
    freertos.o(.constdata) refers to freertos.o(i.oled_Task) for oled_Task
    stm32f4xx_it.o(i.DMA1_Stream7_IRQHandler) refers to stm32f4xx_hal_dma.o(i.HAL_DMA_IRQHandler) for HAL_DMA_IRQHandler
    stm32f4xx_it.o(i.DMA1_Stream7_IRQHandler) refers to i2c.o(.bss) for hdma_i2c2_tx
    stm32f4xx_it.o(i.I2C2_EV_IRQHandler) refers to stm32f4xx_hal_i2c.o(i.HAL_I2C_EV_IRQHandler) for HAL_I2C_EV_IRQHandler
    stm32f4xx_it.o(i.I2C2_EV_IRQHandler) refers to i2c.o(.bss) for hi2c2
    stm32f4xx_it.o(i.SysTick_Handler) refers to stm32f4xx_hal.o(i.HAL_IncTick) for HAL_IncTick
    stm32f4xx_it.o(i.SysTick_Handler) refers to tasks.o(i.xTaskGetSchedulerState) for xTaskGetSchedulerState
    stm32f4xx_it.o(i.SysTick_Handler) refers to port.o(i.xPortSysTickHandler) for xPortSysTickHandler
    stm32f4xx_hal_msp.o(i.HAL_MspInit) refers to stm32f4xx_hal_cortex.o(i.HAL_NVIC_SetPriority) for HAL_NVIC_SetPriority
    stm32f4xx_hal_rcc.o(i.HAL_RCC_ClockConfig) refers to stm32f4xx_hal.o(i.HAL_GetTick) for HAL_GetTick
    stm32f4xx_hal_rcc.o(i.HAL_RCC_ClockConfig) refers to stm32f4xx_hal_rcc.o(i.HAL_RCC_GetSysClockFreq) for HAL_RCC_GetSysClockFreq
    stm32f4xx_hal_rcc.o(i.HAL_RCC_ClockConfig) refers to stm32f4xx_hal.o(i.HAL_InitTick) for HAL_InitTick
    stm32f4xx_hal_rcc.o(i.HAL_RCC_ClockConfig) refers to system_stm32f4xx.o(.constdata) for AHBPrescTable
[...]
    ../clib/microlib/stdio/semi.s            0x00000000   Number         0  semi.o ABSOLUTE
    ../clib/microlib/stdio/streams.c         0x00000000   Number         0  stdout.o ABSOLUTE
    ../clib/microlib/string/memcpy.c         0x00000000   Number         0  memcpyb.o ABSOLUTE
    ../clib/microlib/string/memcpy.c         0x00000000   Number         0  memcpya.o ABSOLUTE
    ../clib/microlib/string/memset.c         0x00000000   Number         0  memseta.o ABSOLUTE
    ../clib/microlib/string/memset.c         0x00000000   Number         0  memset.o ABSOLUTE
    ../clib/microlib/stubs.s                 0x00000000   Number         0  iusefp.o ABSOLUTE
    ../clib/microlib/stubs.s                 0x00000000   Number         0  iusesemip.o ABSOLUTE
    ../fplib/microlib/f2d.c                  0x00000000   Number         0  f2d.o ABSOLUTE
    ../fplib/microlib/fpadd.c                0x00000000   Number         0  dadd.o ABSOLUTE
    ../fplib/microlib/fpdiv.c                0x00000000   Number         0  ddiv.o ABSOLUTE
    ../fplib/microlib/fpepilogue.c           0x00000000   Number         0  depilogue.o ABSOLUTE
    ../fplib/microlib/fpfix.c                0x00000000   Number         0  dfixi.o ABSOLUTE
    ../fplib/microlib/fpfix.c                0x00000000   Number         0  dfixul.o ABSOLUTE
    ../fplib/microlib/fpmul.c                0x00000000   Number         0  dmul.o ABSOLUTE
    ..\Core\Src\freertos.c                   0x00000000   Number         0  freertos.o ABSOLUTE
    ..\Core\Src\gpio.c                       0x00000000   Number         0  gpio.o ABSOLUTE
    ..\Core\Src\main.c                       0x00000000   Number         0  main.o ABSOLUTE
    ..\Core\Src\stm32f4xx_hal_msp.c          0x00000000   Number         0  stm32f4xx_hal_msp.o ABSOLUTE
    ..\Core\Src\stm32f4xx_it.c               0x00000000   Number         0  stm32f4xx_it.o ABSOLUTE
    ..\Core\Src\system_stm32f4xx.c           0x00000000   Number         0  system_stm32f4xx.o ABSOLUTE
    ..\Drivers\STM32F4xx_HAL_Driver\Src\stm32f4xx_hal.c 0x00000000   Number         0  stm32f4xx_hal.o ABSOLUTE
    ..\Drivers\STM32F4xx_HAL_Driver\Src\stm32f4xx_hal_cortex.c 0x00000000   Number         0  stm32f4xx_hal_cortex.o ABSOLUTE
    ..\Drivers\STM32F4xx_HAL_Driver\Src\stm32f4xx_hal_dma.c 0x00000000   Number         0  stm32f4xx_hal_dma.o ABSOLUTE
    ..\Drivers\STM32F4xx_HAL_Driver\Src\stm32f4xx_hal_dma_ex.c 0x00000000   Number         0  stm32f4xx_hal_dma_ex.o ABSOLUTE
    ..\Drivers\STM32F4xx_HAL_Driver\Src\stm32f4xx_hal_exti.c 0x00000000   Number         0  stm32f4xx_hal_exti.o ABSOLUTE
    ..\Drivers\STM32F4xx_HAL_Driver\Src\stm32f4xx_hal_flash.c 0x00000000   Number         0  stm32f4xx_hal_flash.o ABSOLUTE
    ..\Drivers\STM32F4xx_HAL_Driver\Src\stm32f4xx_hal_flash_ex.c 0x00000000   Number         0  stm32f4xx_hal_flash_ex.o ABSOLUTE
    ..\Drivers\STM32F4xx_HAL_Driver\Src\stm32f4xx_hal_flash_ramfunc.c 0x00000000   Number         0  stm32f4xx_hal_flash_ramfunc.o ABSOLUTE
    ..\Drivers\STM32F4xx_HAL_Driver\Src\stm32f4xx_hal_gpio.c 0x00000000   Number         0  stm32f4xx_hal_gpio.o ABSOLUTE
    ..\Drivers\STM32F4xx_HAL_Driver\Src\stm32f4xx_hal_i2c.c 0x00000000   Number         0  stm32f4xx_hal_i2c.o ABSOLUTE
    ..\Drivers\STM32F4xx_HAL_Driver\Src\stm32f4xx_hal_i2c_ex.c 0x00000000   Number         0  stm32f4xx_hal_i2c_ex.o ABSOLUTE
    ..\Drivers\STM32F4xx_HAL_Driver\Src\stm32f4xx_hal_pwr.c 0x00000000   Number         0  stm32f4xx_hal_pwr.o ABSOLUTE
    ..\Drivers\STM32F4xx_HAL_Driver\Src\stm32f4xx_hal_pwr_ex.c 0x00000000   Number         0  stm32f4xx_hal_pwr_ex.o ABSOLUTE
    ..\Drivers\STM32F4xx_HAL_Driver\Src\stm32f4xx_hal_rcc.c 0x00000000   Number         0  stm32f4xx_hal_rcc.o ABSOLUTE
    ..\Drivers\STM32F4xx_HAL_Driver\Src\stm32f4xx_hal_rcc_ex.c 0x00000000   Number         0  stm32f4xx_hal_rcc_ex.o ABSOLUTE
    ..\Drivers\STM32F4xx_HAL_Driver\Src\stm32f4xx_hal_tim.c 0x00000000   Number         0  stm32f4xx_hal_tim.o ABSOLUTE
    ..\Drivers\STM32F4xx_HAL_Driver\Src\stm32f4xx_hal_tim_ex.c 0x00000000   Number         0  stm32f4xx_hal_tim_ex.o ABSOLUTE
    ..\Middlewares\Third_Party\FreeRTOS\Source\CMSIS_RTOS\cmsis_os.c 0x00000000   Number         0  cmsis_os.o ABSOLUTE
    ..\Middlewares\Third_Party\FreeRTOS\Source\portable\RVDS\ARM_CM4F\port.c 0x00000000   Number         0  port.o ABSOLUTE
    ..\\oled\\i2c.c                          0x00000000   Number         0  i2c.o ABSOLUTE
    ..\\oled\\oled.c                         0x00000000   Number         0  oled.o ABSOLUTE
    ..\oled\i2c.c                            0x00000000   Number         0  i2c.o ABSOLUTE
    ..\oled\oled.c                           0x00000000   Number         0  oled.o ABSOLUTE
    cdcmple.s                                0x00000000   Number         0  cdcmple.o ABSOLUTE
    cdrcmple.s                               0x00000000   Number         0  cdrcmple.o ABSOLUTE
    dc.s                                     0x00000000   Number         0  dc.o ABSOLUTE
    handlers.s                               0x00000000   Number         0  handlers.o ABSOLUTE
    init.s                                   0x00000000   Number         0  init.o ABSOLUTE
    startup_stm32f407xx.s                    0x00000000   Number         0  startup_stm32f407xx.o ABSOLUTE
    RESET                                    0x08000000   Section      392  startup_stm32f407xx.o(RESET)
    .ARM.Collect$$$$00000000                 0x08000188   Section        0  entry.o(.ARM.Collect$$$$00000000)
    .ARM.Collect$$$$00000001                 0x08000188   Section        4  entry2.o(.ARM.Collect$$$$00000001)
    .ARM.Collect$$$$00000004                 0x0800018c   Section        4  entry5.o(.ARM.Collect$$$$00000004)
    .ARM.Collect$$$$00000008                 0x08000190   Section        0  entry7b.o(.ARM.Collect$$$$00000008)
    .ARM.Collect$$$$0000000A                 0x08000190   Section        0  entry8b.o(.ARM.Collect$$$$0000000A)
    .ARM.Collect$$$$0000000B                 0x08000190   Section        8  entry9a.o(.ARM.Collect$$$$0000000B)
    .ARM.Collect$$$$0000000D                 0x08000198   Section        0  entry10a.o(.ARM.Collect$$$$0000000D)
    .ARM.Collect$$$$0000000F                 0x08000198   Section        0  entry11a.o(.ARM.Collect$$$$0000000F)
    .ARM.Collect$$$$00002712                 0x08000198   Section        4  entry2.o(.ARM.Collect$$$$00002712)
    __lit__00000000                          0x08000198   Data           4  entry2.o(.ARM.Collect$$$$00002712)
    .emb_text                                0x0800019c   Section      190  port.o(.emb_text)
    $v0                                      0x0800019c   Number         0  port.o(.emb_text)
    .text                                    0x0800025c   Section       36  startup_stm32f407xx.o(.text)
    $v0                                      0x0800025c   Number         0  startup_stm32f407xx.o(.text)
    .text                                    0x08000280   Section        0  uldiv.o(.text)
    .text                                    0x080002e2   Section        0  memcpya.o(.text)
    .text                                    0x08000306   Section        0  memseta.o(.text)
    .text                                    0x0800032a   Section        0  dadd.o(.text)
    .text                                    0x08000478   Section        0  dmul.o(.text)
    .text                                    0x0800055c   Section        0  ddiv.o(.text)
    .text                                    0x0800063a   Section        0  f2d.o(.text)
    .text                                    0x08000660   Section       48  cdrcmple.o(.text)
    .text                                    0x08000690   Section        0  uidiv.o(.text)
    .text                                    0x080006bc   Section        0  llshl.o(.text)
    .text                                    0x080006da   Section        0  llushr.o(.text)
    .text                                    0x080006fa   Section        0  llsshr.o(.text)
    .text                                    0x0800071e   Section        0  depilogue.o(.text)
    .text                                    0x0800071e   Section        0  iusefp.o(.text)
    .text                                    0x080007d8   Section        0  dfixul.o(.text)
    .text                                    0x08000808   Section       36  init.o(.text)
    i.BusFault_Handler                       0x0800082c   Section        0  stm32f4xx_it.o(i.BusFault_Handler)
    i.DMA1_Stream7_IRQHandler                0x08000830   Section        0  stm32f4xx_it.o(i.DMA1_Stream7_IRQHandler)
    i.DMA_CalcBaseAndBitshift                0x0800083c   Section        0  stm32f4xx_hal_dma.o(i.DMA_CalcBaseAndBitshift)
    DMA_CalcBaseAndBitshift                  0x0800083d   Thumb Code    34  stm32f4xx_hal_dma.o(i.DMA_CalcBaseAndBitshift)
    i.DMA_CheckFifoParam                     0x08000864   Section        0  stm32f4xx_hal_dma.o(i.DMA_CheckFifoParam)
    DMA_CheckFifoParam                       0x08000865   Thumb Code    84  stm32f4xx_hal_dma.o(i.DMA_CheckFifoParam)
    i.DMA_SetConfig                          0x080008b8   Section        0  stm32f4xx_hal_dma.o(i.DMA_SetConfig)
    DMA_SetConfig                            0x080008b9   Thumb Code    40  stm32f4xx_hal_dma.o(i.DMA_SetConfig)
    i.DebugMon_Handler                       0x080008e0   Section        0  stm32f4xx_it.o(i.DebugMon_Handler)
    i.Error_Handler                          0x080008e2   Section        0  main.o(i.Error_Handler)
    i.HAL_DMA_Abort_IT                       0x080008e6   Section        0  stm32f4xx_hal_dma.o(i.HAL_DMA_Abort_IT)
    i.HAL_DMA_GetError                       0x0800090a   Section        0  stm32f4xx_hal_dma.o(i.HAL_DMA_GetError)
    i.HAL_DMA_GetState                       0x0800090e   Section        0  stm32f4xx_hal_dma.o(i.HAL_DMA_GetState)
    i.HAL_DMA_IRQHandler                     0x08000914   Section        0  stm32f4xx_hal_dma.o(i.HAL_DMA_IRQHandler)
    i.HAL_DMA_Init                           0x08000ab4   Section        0  stm32f4xx_hal_dma.o(i.HAL_DMA_Init)
    i.HAL_DMA_Start_IT                       0x08000b88   Section        0  stm32f4xx_hal_dma.o(i.HAL_DMA_Start_IT)
    i.HAL_Delay                              0x08000bf8   Section        0  stm32f4xx_hal.o(i.HAL_Delay)
    i.HAL_GPIO_DeInit                        0x08000c1c   Section        0  stm32f4xx_hal_gpio.o(i.HAL_GPIO_DeInit)
    i.HAL_GPIO_Init                          0x08000d84   Section        0  stm32f4xx_hal_gpio.o(i.HAL_GPIO_Init)
    i.HAL_GPIO_ReadPin                       0x08000f74   Section        0  stm32f4xx_hal_gpio.o(i.HAL_GPIO_ReadPin)
    i.HAL_GPIO_WritePin                      0x08000f7e   Section        0  stm32f4xx_hal_gpio.o(i.HAL_GPIO_WritePin)
    i.HAL_GetTick                            0x08000f88   Section        0  stm32f4xx_hal.o(i.HAL_GetTick)
    i.HAL_I2C_AbortCpltCallback              0x08000f94   Section        0  stm32f4xx_hal_i2c.o(i.HAL_I2C_AbortCpltCallback)
    i.HAL_I2C_AddrCallback                   0x08000f96   Section        0  stm32f4xx_hal_i2c.o(i.HAL_I2C_AddrCallback)
    i.HAL_I2C_EV_IRQHandler                  0x08000f98   Section        0  stm32f4xx_hal_i2c.o(i.HAL_I2C_EV_IRQHandler)
    i.HAL_I2C_ErrorCallback                  0x080011c8   Section        0  stm32f4xx_hal_i2c.o(i.HAL_I2C_ErrorCallback)
    i.HAL_I2C_Init                           0x080011cc   Section        0  stm32f4xx_hal_i2c.o(i.HAL_I2C_Init)
    i.HAL_I2C_ListenCpltCallback             0x08001354   Section        0  stm32f4xx_hal_i2c.o(i.HAL_I2C_ListenCpltCallback)
    i.HAL_I2C_MasterRxCpltCallback           0x08001356   Section        0  stm32f4xx_hal_i2c.o(i.HAL_I2C_MasterRxCpltCallback)
    i.HAL_I2C_MasterTxCpltCallback           0x08001358   Section        0  stm32f4xx_hal_i2c.o(i.HAL_I2C_MasterTxCpltCallback)
    i.HAL_I2C_MemRxCpltCallback              0x0800135a   Section        0  stm32f4xx_hal_i2c.o(i.HAL_I2C_MemRxCpltCallback)
    i.HAL_I2C_MemTxCpltCallback              0x0800135c   Section        0  i2c.o(i.HAL_I2C_MemTxCpltCallback)
    i.HAL_I2C_Mem_Write                      0x08001370   Section        0  stm32f4xx_hal_i2c.o(i.HAL_I2C_Mem_Write)
    i.HAL_I2C_Mem_Write_DMA                  0x080014a0   Section        0  stm32f4xx_hal_i2c.o(i.HAL_I2C_Mem_Write_DMA)
    i.HAL_I2C_MspInit                        0x0800163c   Section        0  i2c.o(i.HAL_I2C_MspInit)
    i.HAL_I2C_SlaveRxCpltCallback            0x080016ec   Section        0  stm32f4xx_hal_i2c.o(i.HAL_I2C_SlaveRxCpltCallback)
    i.HAL_I2C_SlaveTxCpltCallback            0x080016ee   Section        0  stm32f4xx_hal_i2c.o(i.HAL_I2C_SlaveTxCpltCallback)
    i.HAL_IncTick                            0x080016f0   Section        0  stm32f4xx_hal.o(i.HAL_IncTick)
    i.HAL_Init                               0x08001700   Section        0  stm32f4xx_hal.o(i.HAL_Init)
    i.HAL_InitTick                           0x08001734   Section        0  stm32f4xx_hal.o(i.HAL_InitTick)
    i.HAL_MspInit                            0x08001774   Section        0  stm32f4xx_hal_msp.o(i.HAL_MspInit)
    i.HAL_NVIC_EnableIRQ                     0x080017ac   Section        0  stm32f4xx_hal_cortex.o(i.HAL_NVIC_EnableIRQ)
    i.HAL_NVIC_SetPriority                   0x080017c8   Section        0  stm32f4xx_hal_cortex.o(i.HAL_NVIC_SetPriority)
    i.HAL_NVIC_SetPriorityGrouping           0x08001808   Section        0  stm32f4xx_hal_cortex.o(i.HAL_NVIC_SetPriorityGrouping)
    i.HAL_RCC_ClockConfig                    0x0800182c   Section        0  stm32f4xx_hal_rcc.o(i.HAL_RCC_ClockConfig)
    i.HAL_RCC_GetPCLK1Freq                   0x08001960   Section        0  stm32f4xx_hal_rcc.o(i.HAL_RCC_GetPCLK1Freq)
    i.HAL_RCC_GetSysClockFreq                0x08001980   Section        0  stm32f4xx_hal_rcc.o(i.HAL_RCC_GetSysClockFreq)
    i.HAL_RCC_OscConfig                      0x080019e0   Section        0  stm32f4xx_hal_rcc.o(i.HAL_RCC_OscConfig)
    i.HAL_SYSTICK_Config                     0x08001d4c   Section        0  stm32f4xx_hal_cortex.o(i.HAL_SYSTICK_Config)
    i.HardFault_Handler                      0x08001d74   Section        0  stm32f4xx_it.o(i.HardFault_Handler)
    i.I2C2_EV_IRQHandler                     0x08001d78   Section        0  stm32f4xx_it.o(i.I2C2_EV_IRQHandler)
    i.I2C_DMAAbort                           0x08001d84   Section        0  stm32f4xx_hal_i2c.o(i.I2C_DMAAbort)
    I2C_DMAAbort                             0x08001d85   Thumb Code   182  stm32f4xx_hal_i2c.o(i.I2C_DMAAbort)
    i.I2C_DMAError                           0x08001e40   Section        0  stm32f4xx_hal_i2c.o(i.I2C_DMAError)
    I2C_DMAError                             0x08001e41   Thumb Code    64  stm32f4xx_hal_i2c.o(i.I2C_DMAError)
    i.I2C_DMAXferCplt                        0x08001e80   Section        0  stm32f4xx_hal_i2c.o(i.I2C_DMAXferCplt)
    I2C_DMAXferCplt                          0x08001e81   Thumb Code   266  stm32f4xx_hal_i2c.o(i.I2C_DMAXferCplt)
    i.I2C_ITError                            0x08001f8c   Section        0  stm32f4xx_hal_i2c.o(i.I2C_ITError)
    I2C_ITError                              0x08001f8d   Thumb Code   336  stm32f4xx_hal_i2c.o(i.I2C_ITError)
    i.I2C_IsAcknowledgeFailed                0x080020e4   Section        0  stm32f4xx_hal_i2c.o(i.I2C_IsAcknowledgeFailed)
    I2C_IsAcknowledgeFailed                  0x080020e5   Thumb Code    46  stm32f4xx_hal_i2c.o(i.I2C_IsAcknowledgeFailed)
    i.I2C_MasterReceive_BTF                  0x08002112   Section        0  stm32f4xx_hal_i2c.o(i.I2C_MasterReceive_BTF)
    I2C_MasterReceive_BTF                    0x08002113   Thumb Code   210  stm32f4xx_hal_i2c.o(i.I2C_MasterReceive_BTF)
    i.I2C_MasterReceive_RXNE                 0x080021e4   Section        0  stm32f4xx_hal_i2c.o(i.I2C_MasterReceive_RXNE)
    I2C_MasterReceive_RXNE                   0x080021e5   Thumb Code   228  stm32f4xx_hal_i2c.o(i.I2C_MasterReceive_RXNE)
    i.I2C_MasterTransmit_BTF                 0x080022cc   Section        0  stm32f4xx_hal_i2c.o(i.I2C_MasterTransmit_BTF)
    I2C_MasterTransmit_BTF                   0x080022cd   Thumb Code   130  stm32f4xx_hal_i2c.o(i.I2C_MasterTransmit_BTF)
    i.I2C_MasterTransmit_TXE                 0x08002350   Section        0  stm32f4xx_hal_i2c.o(i.I2C_MasterTransmit_TXE)
    I2C_MasterTransmit_TXE                   0x08002351   Thumb Code   182  stm32f4xx_hal_i2c.o(i.I2C_MasterTransmit_TXE)
    i.I2C_Master_ADDR                        0x08002408   Section        0  stm32f4xx_hal_i2c.o(i.I2C_Master_ADDR)
    I2C_Master_ADDR                          0x08002409   Thumb Code   276  stm32f4xx_hal_i2c.o(i.I2C_Master_ADDR)
    i.I2C_Master_SB                          0x08002520   Section        0  stm32f4xx_hal_i2c.o(i.I2C_Master_SB)
    I2C_Master_SB                            0x08002521   Thumb Code   140  stm32f4xx_hal_i2c.o(i.I2C_Master_SB)
    i.I2C_MemoryTransmit_TXE_BTF             0x080025ac   Section        0  stm32f4xx_hal_i2c.o(i.I2C_MemoryTransmit_TXE_BTF)
    I2C_MemoryTransmit_TXE_BTF               0x080025ad   Thumb Code   160  stm32f4xx_hal_i2c.o(i.I2C_MemoryTransmit_TXE_BTF)
    i.I2C_RequestMemoryWrite                 0x0800264c   Section        0  stm32f4xx_hal_i2c.o(i.I2C_RequestMemoryWrite)
    I2C_RequestMemoryWrite                   0x0800264d   Thumb Code   162  stm32f4xx_hal_i2c.o(i.I2C_RequestMemoryWrite)
    i.I2C_START                              0x080026f4   Section        0  i2c.o(i.I2C_START)
    i.I2C_STOP                               0x08002738   Section        0  i2c.o(i.I2C_STOP)
    i.I2C_Send_Data                          0x0800277c   Section        0  i2c.o(i.I2C_Send_Data)
    i.I2C_Send_nData                         0x08002790   Section        0  i2c.o(i.I2C_Send_nData)
    i.I2C_Slave_ADDR                         0x080027a8   Section        0  stm32f4xx_hal_i2c.o(i.I2C_Slave_ADDR)
    I2C_Slave_ADDR                           0x080027a9   Thumb Code    70  stm32f4xx_hal_i2c.o(i.I2C_Slave_ADDR)
    i.I2C_Slave_STOPF                        0x080027f0   Section        0  stm32f4xx_hal_i2c.o(i.I2C_Slave_STOPF)
    I2C_Slave_STOPF                          0x080027f1   Thumb Code   338  stm32f4xx_hal_i2c.o(i.I2C_Slave_STOPF)
    i.I2C_WaitOnBTFFlagUntilTimeout          0x0800294c   Section        0  stm32f4xx_hal_i2c.o(i.I2C_WaitOnBTFFlagUntilTimeout)
    I2C_WaitOnBTFFlagUntilTimeout            0x0800294d   Thumb Code    76  stm32f4xx_hal_i2c.o(i.I2C_WaitOnBTFFlagUntilTimeout)
    i.I2C_WaitOnFlagUntilTimeout             0x08002998   Section        0  stm32f4xx_hal_i2c.o(i.I2C_WaitOnFlagUntilTimeout)
    I2C_WaitOnFlagUntilTimeout               0x08002999   Thumb Code   104  stm32f4xx_hal_i2c.o(i.I2C_WaitOnFlagUntilTimeout)
    i.I2C_WaitOnMasterAddressFlagUntilTimeout 0x08002a00   Section        0  stm32f4xx_hal_i2c.o(i.I2C_WaitOnMasterAddressFlagUntilTimeout)
    I2C_WaitOnMasterAddressFlagUntilTimeout  0x08002a01   Thumb Code   150  stm32f4xx_hal_i2c.o(i.I2C_WaitOnMasterAddressFlagUntilTimeout)
    i.I2C_WaitOnTXEFlagUntilTimeout          0x08002a96   Section        0  stm32f4xx_hal_i2c.o(i.I2C_WaitOnTXEFlagUntilTimeout)
    I2C_WaitOnTXEFlagUntilTimeout            0x08002a97   Thumb Code    76  stm32f4xx_hal_i2c.o(i.I2C_WaitOnTXEFlagUntilTimeout)
    i.I2C_hard_Send_Data                     0x08002ae4   Section        0  i2c.o(i.I2C_hard_Send_Data)
    i.I2C_hard_Send_nData                    0x08002b14   Section        0  i2c.o(i.I2C_hard_Send_nData)
    i.I2C_hard_init                          0x08002b3c   Section        0  i2c.o(i.I2C_hard_init)
    i.I2C_senddata                           0x08002b54   Section        0  i2c.o(i.I2C_senddata)
    i.I2C_soft_Send_Data                     0x08002bb8   Section        0  i2c.o(i.I2C_soft_Send_Data)
    i.I2C_soft_Send_nData                    0x08002be0   Section        0  i2c.o(i.I2C_soft_Send_nData)
    i.I2C_soft_init                          0x08002c24   Section        0  i2c.o(i.I2C_soft_init)
    i.I2C_waitACK                            0x08002c94   Section        0  i2c.o(i.I2C_waitACK)
    i.LCD_P8x16Str                           0x08002ce0   Section        0  oled.o(i.LCD_P8x16Str)
    i.MX_DMA_Init                            0x08002d58   Section        0  i2c.o(i.MX_DMA_Init)
    i.MX_FREERTOS_Init                       0x08002d84   Section        0  freertos.o(i.MX_FREERTOS_Init)
    i.MX_GPIO_Init                           0x08002dc0   Section        0  gpio.o(i.MX_GPIO_Init)
    i.MX_I2C2_Init                           0x08002dfc   Section        0  i2c.o(i.MX_I2C2_Init)
    i.MemManage_Handler                      0x08002e3c   Section        0  stm32f4xx_it.o(i.MemManage_Handler)
    i.NMI_Handler                            0x08002e3e   Section        0  stm32f4xx_it.o(i.NMI_Handler)
    i.OLED_CLS                               0x08002e40   Section        0  oled.o(i.OLED_CLS)
    i.OLED_Init                              0x08002e68   Section        0  oled.o(i.OLED_Init)
    i.OLED_Init_I2C                          0x08002e7a   Section        0  oled.o(i.OLED_Init_I2C)
    i.OLED_WrCmd                             0x08002f2e   Section        0  oled.o(i.OLED_WrCmd)
    i.SDA_IN                                 0x08002f38   Section        0  i2c.o(i.SDA_IN)
    i.SDA_OUT                                0x08002f64   Section        0  i2c.o(i.SDA_OUT)
    i.StartDefaultTask                       0x08002f8c   Section        0  freertos.o(i.StartDefaultTask)
    i.SysTick_Handler                        0x08002f94   Section        0  stm32f4xx_it.o(i.SysTick_Handler)
    i.SystemClock_Config                     0x08002fac   Section        0  main.o(i.SystemClock_Config)
    i.SystemInit                             0x08003044   Section        0  system_stm32f4xx.o(i.SystemInit)
    i.UsageFault_Handler                     0x08003054   Section        0  stm32f4xx_it.o(i.UsageFault_Handler)
    i.__0sprintf                             0x08003058   Section        0  printfa.o(i.__0sprintf)
    i.__NVIC_SetPriority                     0x08003080   Section        0  stm32f4xx_hal_cortex.o(i.__NVIC_SetPriority)
    __NVIC_SetPriority                       0x08003081   Thumb Code    32  stm32f4xx_hal_cortex.o(i.__NVIC_SetPriority)
    i.__scatterload_copy                     0x080030a0   Section       14  handlers.o(i.__scatterload_copy)
    i.__scatterload_null                     0x080030ae   Section        2  handlers.o(i.__scatterload_null)
    i.__scatterload_zeroinit                 0x080030b0   Section       14  handlers.o(i.__scatterload_zeroinit)
    i._fp_digits                             0x080030c0   Section        0  printfa.o(i._fp_digits)
    _fp_digits                               0x080030c1   Thumb Code   366  printfa.o(i._fp_digits)
    i._printf_core                           0x08003244   Section        0  printfa.o(i._printf_core)
    _printf_core                             0x08003245   Thumb Code  1744  printfa.o(i._printf_core)
    i._printf_post_padding                   0x08003920   Section        0  printfa.o(i._printf_post_padding)
    _printf_post_padding                     0x08003921   Thumb Code    36  printfa.o(i._printf_post_padding)
    i._printf_pre_padding                    0x08003944   Section        0  printfa.o(i._printf_pre_padding)
    _printf_pre_padding                      0x08003945   Thumb Code    46  printfa.o(i._printf_pre_padding)
    i._sputc                                 0x08003972   Section        0  printfa.o(i._sputc)
    _sputc                                   0x08003973   Thumb Code    10  printfa.o(i._sputc)
    i.delay                                  0x0800397c   Section        0  i2c.o(i.delay)
    i.main                                   0x08003986   Section        0  main.o(i.main)
    i.makeFreeRtosPriority                   0x0800399c   Section        0  cmsis_os.o(i.makeFreeRtosPriority)
    makeFreeRtosPriority                     0x0800399d   Thumb Code    12  cmsis_os.o(i.makeFreeRtosPriority)
    i.oled_Task                              0x080039a8   Section        0  freertos.o(i.oled_Task)
    i.osDelay                                0x08003a68   Section        0  cmsis_os.o(i.osDelay)
    i.osKernelStart                          0x08003a78   Section        0  cmsis_os.o(i.osKernelStart)
    i.osThreadCreate                         0x08003a82   Section        0  cmsis_os.o(i.osThreadCreate)
    i.prvAddCurrentTaskToDelayedList         0x08003ae0   Section        0  tasks.o(i.prvAddCurrentTaskToDelayedList)
    prvAddCurrentTaskToDelayedList           0x08003ae1   Thumb Code   110  tasks.o(i.prvAddCurrentTaskToDelayedList)
    i.prvAddNewTaskToReadyList               0x08003b58   Section        0  tasks.o(i.prvAddNewTaskToReadyList)
    prvAddNewTaskToReadyList                 0x08003b59   Thumb Code   124  tasks.o(i.prvAddNewTaskToReadyList)
    i.prvCheckTasksWaitingTermination        0x08003be0   Section        0  tasks.o(i.prvCheckTasksWaitingTermination)
    prvCheckTasksWaitingTermination          0x08003be1   Thumb Code    56  tasks.o(i.prvCheckTasksWaitingTermination)
    i.prvDeleteTCB                           0x08003c20   Section        0  tasks.o(i.prvDeleteTCB)
    prvDeleteTCB                             0x08003c21   Thumb Code    64  tasks.o(i.prvDeleteTCB)
    i.prvHeapInit                            0x08003c60   Section        0  heap_4.o(i.prvHeapInit)
    prvHeapInit                              0x08003c61   Thumb Code    70  heap_4.o(i.prvHeapInit)
    i.prvIdleTask                            0x08003cb0   Section        0  tasks.o(i.prvIdleTask)
    prvIdleTask                              0x08003cb1   Thumb Code    30  tasks.o(i.prvIdleTask)
    i.prvInitialiseNewTask                   0x08003cd8   Section        0  tasks.o(i.prvInitialiseNewTask)
    prvInitialiseNewTask                     0x08003cd9   Thumb Code   126  tasks.o(i.prvInitialiseNewTask)
    i.prvInitialiseTaskLists                 0x08003d58   Section        0  tasks.o(i.prvInitialiseTaskLists)
    prvInitialiseTaskLists                   0x08003d59   Thumb Code    66  tasks.o(i.prvInitialiseTaskLists)
    i.prvInsertBlockIntoFreeList             0x08003db8   Section        0  heap_4.o(i.prvInsertBlockIntoFreeList)
    prvInsertBlockIntoFreeList               0x08003db9   Thumb Code    84  heap_4.o(i.prvInsertBlockIntoFreeList)
    i.prvResetNextTaskUnblockTime            0x08003e14   Section        0  tasks.o(i.prvResetNextTaskUnblockTime)
    prvResetNextTaskUnblockTime              0x08003e15   Thumb Code    30  tasks.o(i.prvResetNextTaskUnblockTime)
    i.prvTaskExitError                       0x08003e38   Section        0  port.o(i.prvTaskExitError)
    prvTaskExitError                         0x08003e39   Thumb Code    42  port.o(i.prvTaskExitError)
    i.pvPortMalloc                           0x08003e68   Section        0  heap_4.o(i.pvPortMalloc)
    i.pxPortInitialiseStack                  0x08003f50   Section        0  port.o(i.pxPortInitialiseStack)
    i.show_oled                              0x08003f7c   Section        0  oled.o(i.show_oled)
    i.uxListRemove                           0x08003f90   Section        0  list.o(i.uxListRemove)
    i.vApplicationGetIdleTaskMemory          0x08003fb8   Section        0  freertos.o(i.vApplicationGetIdleTaskMemory)
    i.vListInitialise                        0x08003fcc   Section        0  list.o(i.vListInitialise)
    i.vListInitialiseItem                    0x08003fe2   Section        0  list.o(i.vListInitialiseItem)
    i.vListInsert                            0x08003fe8   Section        0  list.o(i.vListInsert)
    i.vListInsertEnd                         0x0800401e   Section        0  list.o(i.vListInsertEnd)
    i.vPortEnterCritical                     0x08004038   Section        0  port.o(i.vPortEnterCritical)
    i.vPortExitCritical                      0x08004078   Section        0  port.o(i.vPortExitCritical)
    i.vPortFree                              0x080040a4   Section        0  heap_4.o(i.vPortFree)
    i.vPortSetupTimerInterrupt               0x08004108   Section        0  port.o(i.vPortSetupTimerInterrupt)
    i.vTaskDelay                             0x0800412c   Section        0  tasks.o(i.vTaskDelay)
    i.vTaskStartScheduler                    0x0800417c   Section        0  tasks.o(i.vTaskStartScheduler)
    i.vTaskSuspendAll                        0x08004204   Section        0  tasks.o(i.vTaskSuspendAll)
    i.vTaskSwitchContext                     0x08004214   Section        0  tasks.o(i.vTaskSwitchContext)
    i.xPortStartScheduler                    0x08004274   Section        0  port.o(i.xPortStartScheduler)
    i.xPortSysTickHandler                    0x08004378   Section        0  port.o(i.xPortSysTickHandler)
    i.xTaskCreate                            0x080043a4   Section        0  tasks.o(i.xTaskCreate)
    i.xTaskCreateStatic                      0x08004410   Section        0  tasks.o(i.xTaskCreateStatic)
    i.xTaskGetSchedulerState                 0x08004470   Section        0  tasks.o(i.xTaskGetSchedulerState)
    i.xTaskGetTickCount                      0x0800448c   Section        0  tasks.o(i.xTaskGetTickCount)
    i.xTaskIncrementTick                     0x08004498   Section        0  tasks.o(i.xTaskIncrementTick)
    i.xTaskResumeAll                         0x0800456c   Section        0  tasks.o(i.xTaskResumeAll)
    .constdata                               0x08004638   Section       56  freertos.o(.constdata)
    .constdata                               0x08004670   Section        8  stm32f4xx_hal_dma.o(.constdata)
    flagBitshiftOffset                       0x08004670   Data           8  stm32f4xx_hal_dma.o(.constdata)
    .constdata                               0x08004678   Section       16  system_stm32f4xx.o(.constdata)
    .constdata                               0x08004688   Section        8  system_stm32f4xx.o(.constdata)
    .constdata                               0x08004690   Section     2072  oled.o(.constdata)
    .conststring                             0x08004ea8   Section       24  freertos.o(.conststring)
    .data                                    0x20000000   Section        4  freertos.o(.data)
    .data                                    0x20000004   Section       12  stm32f4xx_hal.o(.data)
    .data                                    0x20000010   Section        4  system_stm32f4xx.o(.data)
    .data                                    0x20000014   Section       60  tasks.o(.data)
    uxDeletedTasksWaitingCleanUp             0x20000018   Data           4  tasks.o(.data)
    uxCurrentNumberOfTasks                   0x2000001c   Data           4  tasks.o(.data)
    xTickCount                               0x20000020   Data           4  tasks.o(.data)
    uxTopReadyPriority                       0x20000024   Data           4  tasks.o(.data)
    xSchedulerRunning                        0x20000028   Data           4  tasks.o(.data)
    xPendedTicks                             0x2000002c   Data           4  tasks.o(.data)
    xYieldPending                            0x20000030   Data           4  tasks.o(.data)
    xNumOfOverflows                          0x20000034   Data           4  tasks.o(.data)
    uxTaskNumber                             0x20000038   Data           4  tasks.o(.data)
    xNextTaskUnblockTime                     0x2000003c   Data           4  tasks.o(.data)
    xIdleTaskHandle                          0x20000040   Data           4  tasks.o(.data)
    uxSchedulerSuspended                     0x20000044   Data           4  tasks.o(.data)
    pxDelayedTaskList                        0x20000048   Data           4  tasks.o(.data)
    pxOverflowDelayedTaskList                0x2000004c   Data           4  tasks.o(.data)
    .data                                    0x20000050   Section       32  heap_4.o(.data)
    pxEnd                                    0x20000050   Data           4  heap_4.o(.data)
    xFreeBytesRemaining                      0x20000054   Data           4  heap_4.o(.data)
    xMinimumEverFreeBytesRemaining           0x20000058   Data           4  heap_4.o(.data)
    xNumberOfSuccessfulAllocations           0x2000005c   Data           4  heap_4.o(.data)
    xNumberOfSuccessfulFrees                 0x20000060   Data           4  heap_4.o(.data)
    xBlockAllocatedBit                       0x20000064   Data           4  heap_4.o(.data)
    xStart                                   0x20000068   Data           8  heap_4.o(.data)
    .data                                    0x20000070   Section       12  port.o(.data)
    ucMaxSysCallPriority                     0x20000070   Data           1  port.o(.data)
    uxCriticalNesting                        0x20000074   Data           4  port.o(.data)
    ulMaxPRIGROUPValue                       0x20000078   Data           4  port.o(.data)
    .data                                    0x2000007c   Section        8  i2c.o(.data)
    .bss                                     0x20000084   Section      596  freertos.o(.bss)
    xIdleTaskTCBBuffer                       0x20000084   Data          84  freertos.o(.bss)
    xIdleStack                               0x200000d8   Data         512  freertos.o(.bss)
    .bss                                     0x200002d8   Section      240  tasks.o(.bss)
    pxReadyTasksLists                        0x200002d8   Data         140  tasks.o(.bss)
    xDelayedTaskList1                        0x20000364   Data          20  tasks.o(.bss)
    xDelayedTaskList2                        0x20000378   Data          20  tasks.o(.bss)
    xPendingReadyList                        0x2000038c   Data          20  tasks.o(.bss)
    xTasksWaitingTermination                 0x200003a0   Data          20  tasks.o(.bss)
    xSuspendedTaskList                       0x200003b4   Data          20  tasks.o(.bss)
    .bss                                     0x200003c8   Section    15360  heap_4.o(.bss)
    ucHeap                                   0x200003c8   Data       15360  heap_4.o(.bss)
    .bss                                     0x20003fc8   Section      180  i2c.o(.bss)
    .bss                                     0x2000407c   Section     1024  oled.o(.bss)
    STACK                                    0x20004480   Section     1024  startup_stm32f407xx.o(STACK)

    Global Symbols

    Symbol Name                              Value     Ov Type        Size  Object(Section)

    BuildAttributes$$THM_ISAv4$E$P$D$K$B$S$7EM$VFPi3$EXTD16$VFPS$VFMA$PE$A:L22UL41UL21$X:L11$S22US41US21$IEEE1$IW$USESV6$~STKCKD$USESV7$~SHL$OTIME$ROPI$EBA8$MICROLIB$REQ8$PRES8$EABIv2 0x00000000   Number         0  anon$$obj.o ABSOLUTE
    __ARM_use_no_argv                        0x00000000   Number         0  main.o ABSOLUTE
    _printf_a                                0x00000000   Number         0  stubs.o ABSOLUTE
    _printf_c                                0x00000000   Number         0  stubs.o ABSOLUTE
    _printf_charcount                        0x00000000   Number         0  stubs.o ABSOLUTE
    _printf_d                                0x00000000   Number         0  stubs.o ABSOLUTE
    _printf_e                                0x00000000   Number         0  stubs.o ABSOLUTE
    _printf_f                                0x00000000   Number         0  stubs.o ABSOLUTE
    _printf_flags                            0x00000000   Number         0  stubs.o ABSOLUTE
    _printf_fp_dec                           0x00000000   Number         0  stubs.o ABSOLUTE
    _printf_fp_hex                           0x00000000   Number         0  stubs.o ABSOLUTE
    _printf_g                                0x00000000   Number         0  stubs.o ABSOLUTE
    _printf_i                                0x00000000   Number         0  stubs.o ABSOLUTE
    _printf_int_dec                          0x00000000   Number         0  stubs.o ABSOLUTE
    _printf_l                                0x00000000   Number         0  stubs.o ABSOLUTE
    _printf_lc                               0x00000000   Number         0  stubs.o ABSOLUTE
    _printf_ll                               0x00000000   Number         0  stubs.o ABSOLUTE
    _printf_lld                              0x00000000   Number         0  stubs.o ABSOLUTE
    _printf_lli                              0x00000000   Number         0  stubs.o ABSOLUTE
    _printf_llo                              0x00000000   Number         0  stubs.o ABSOLUTE
    _printf_llu                              0x00000000   Number         0  stubs.o ABSOLUTE
    _printf_llx                              0x00000000   Number         0  stubs.o ABSOLUTE
    _printf_longlong_dec                     0x00000000   Number         0  stubs.o ABSOLUTE
    _printf_longlong_hex                     0x00000000   Number         0  stubs.o ABSOLUTE
    _printf_longlong_oct                     0x00000000   Number         0  stubs.o ABSOLUTE
    _printf_ls                               0x00000000   Number         0  stubs.o ABSOLUTE
    _printf_mbtowc                           0x00000000   Number         0  stubs.o ABSOLUTE
    _printf_n                                0x00000000   Number         0  stubs.o ABSOLUTE
    _printf_o                                0x00000000   Number         0  stubs.o ABSOLUTE
    _printf_p                                0x00000000   Number         0  stubs.o ABSOLUTE
    _printf_percent                          0x00000000   Number         0  stubs.o ABSOLUTE
    _printf_pre_padding                      0x00000000   Number         0  stubs.o ABSOLUTE
    _printf_return_value                     0x00000000   Number         0  stubs.o ABSOLUTE
    _printf_s                                0x00000000   Number         0  stubs.o ABSOLUTE
    _printf_sizespec                         0x00000000   Number         0  stubs.o ABSOLUTE
    _printf_str                              0x00000000   Number         0  stubs.o ABSOLUTE
    _printf_truncate_signed                  0x00000000   Number         0  stubs.o ABSOLUTE
    _printf_truncate_unsigned                0x00000000   Number         0  stubs.o ABSOLUTE
    _printf_u                                0x00000000   Number         0  stubs.o ABSOLUTE
    _printf_wc                               0x00000000   Number         0  stubs.o ABSOLUTE
    _printf_wctomb                           0x00000000   Number         0  stubs.o ABSOLUTE
    _printf_widthprec                        0x00000000   Number         0  stubs.o ABSOLUTE
    _printf_x                                0x00000000   Number         0  stubs.o ABSOLUTE
    __cpp_initialize__aeabi_                  - Undefined Weak Reference
    __cxa_finalize                            - Undefined Weak Reference
    __decompress                              - Undefined Weak Reference
    _clock_init                               - Undefined Weak Reference
    _microlib_exit                            - Undefined Weak Reference
    __Vectors_Size                           0x00000188   Number         0  startup_stm32f407xx.o ABSOLUTE
    __Vectors                                0x08000000   Data           4  startup_stm32f407xx.o(RESET)
    __Vectors_End                            0x08000188   Data           0  startup_stm32f407xx.o(RESET)
    __main                                   0x08000189   Thumb Code     0  entry.o(.ARM.Collect$$$$00000000)
    _main_stk                                0x08000189   Thumb Code     0  entry2.o(.ARM.Collect$$$$00000001)
    _main_scatterload                        0x0800018d   Thumb Code     0  entry5.o(.ARM.Collect$$$$00000004)
    __main_after_scatterload                 0x08000191   Thumb Code     0  entry5.o(.ARM.Collect$$$$00000004)
    _main_clock                              0x08000191   Thumb Code     0  entry7b.o(.ARM.Collect$$$$00000008)
    _main_cpp_init                           0x08000191   Thumb Code     0  entry8b.o(.ARM.Collect$$$$0000000A)
    _main_init                               0x08000191   Thumb Code     0  entry9a.o(.ARM.Collect$$$$0000000B)
    __rt_final_cpp                           0x08000199   Thumb Code     0  entry10a.o(.ARM.Collect$$$$0000000D)
    __rt_final_exit                          0x08000199   Thumb Code     0  entry11a.o(.ARM.Collect$$$$0000000F)
    SVC_Handler                              0x0800019d   Thumb Code    28  port.o(.emb_text)
    __asm___6_port_c_39a90d8d__prvStartFirstTask 0x080001bd   Thumb Code    36  port.o(.emb_text)
    __asm___6_port_c_39a90d8d__prvEnableVFP  0x080001e5   Thumb Code    16  port.o(.emb_text)
    PendSV_Handler                           0x080001f9   Thumb Code    88  port.o(.emb_text)
    vPortGetIPSR                             0x08000255   Thumb Code     6  port.o(.emb_text)
    Reset_Handler                            0x0800025d   Thumb Code     8  startup_stm32f407xx.o(.text)
    ADC_IRQHandler                           0x08000277   Thumb Code     0  startup_stm32f407xx.o(.text)
    CAN1_RX0_IRQHandler                      0x08000277   Thumb Code     0  startup_stm32f407xx.o(.text)
    CAN1_RX1_IRQHandler                      0x08000277   Thumb Code     0  startup_stm32f407xx.o(.text)
    CAN1_SCE_IRQHandler                      0x08000277   Thumb Code     0  startup_stm32f407xx.o(.text)
    CAN1_TX_IRQHandler                       0x08000277   Thumb Code     0  startup_stm32f407xx.o(.text)
    CAN2_RX0_IRQHandler                      0x08000277   Thumb Code     0  startup_stm32f407xx.o(.text)
    CAN2_RX1_IRQHandler                      0x08000277   Thumb Code     0  startup_stm32f407xx.o(.text)
    CAN2_SCE_IRQHandler                      0x08000277   Thumb Code     0  startup_stm32f407xx.o(.text)
    CAN2_TX_IRQHandler                       0x08000277   Thumb Code     0  startup_stm32f407xx.o(.text)
    DCMI_IRQHandler                          0x08000277   Thumb Code     0  startup_stm32f407xx.o(.text)
    DMA1_Stream0_IRQHandler                  0x08000277   Thumb Code     0  startup_stm32f407xx.o(.text)
    DMA1_Stream1_IRQHandler                  0x08000277   Thumb Code     0  startup_stm32f407xx.o(.text)
    DMA1_Stream2_IRQHandler                  0x08000277   Thumb Code     0  startup_stm32f407xx.o(.text)
    DMA1_Stream3_IRQHandler                  0x08000277   Thumb Code     0  startup_stm32f407xx.o(.text)
    DMA1_Stream4_IRQHandler                  0x08000277   Thumb Code     0  startup_stm32f407xx.o(.text)
    DMA1_Stream5_IRQHandler                  0x08000277   Thumb Code     0  startup_stm32f407xx.o(.text)
    DMA1_Stream6_IRQHandler                  0x08000277   Thumb Code     0  startup_stm32f407xx.o(.text)
    DMA2_Stream0_IRQHandler                  0x08000277   Thumb Code     0  startup_stm32f407xx.o(.text)
    DMA2_Stream1_IRQHandler                  0x08000277   Thumb Code     0  startup_stm32f407xx.o(.text)
    DMA2_Stream2_IRQHandler                  0x08000277   Thumb Code     0  startup_stm32f407xx.o(.text)
    DMA2_Stream3_IRQHandler                  0x08000277   Thumb Code     0  startup_stm32f407xx.o(.text)
    DMA2_Stream4_IRQHandler                  0x08000277   Thumb Code     0  startup_stm32f407xx.o(.text)
    DMA2_Stream5_IRQHandler                  0x08000277   Thumb Code     0  startup_stm32f407xx.o(.text)
    DMA2_Stream6_IRQHandler                  0x08000277   Thumb Code     0  startup_stm32f407xx.o(.text)
    DMA2_Stream7_IRQHandler                  0x08000277   Thumb Code     0  startup_stm32f407xx.o(.text)
    ETH_IRQHandler                           0x08000277   Thumb Code     0  startup_stm32f407xx.o(.text)
    ETH_WKUP_IRQHandler                      0x08000277   Thumb Code     0  startup_stm32f407xx.o(.text)
    EXTI0_IRQHandler                         0x08000277   Thumb Code     0  startup_stm32f407xx.o(.text)
    EXTI15_10_IRQHandler                     0x08000277   Thumb Code     0  startup_stm32f407xx.o(.text)
    EXTI1_IRQHandler                         0x08000277   Thumb Code     0  startup_stm32f407xx.o(.text)
    EXTI2_IRQHandler                         0x08000277   Thumb Code     0  startup_stm32f407xx.o(.text)
    EXTI3_IRQHandler                         0x08000277   Thumb Code     0  startup_stm32f407xx.o(.text)
    EXTI4_IRQHandler                         0x08000277   Thumb Code     0  startup_stm32f407xx.o(.text)
    EXTI9_5_IRQHandler                       0x08000277   Thumb Code     0  startup_stm32f407xx.o(.text)
    FLASH_IRQHandler                         0x08000277   Thumb Code     0  startup_stm32f407xx.o(.text)
    FMC_IRQHandler                           0x08000277   Thumb Code     0  startup_stm32f407xx.o(.text)
    FPU_IRQHandler                           0x08000277   Thumb Code     0  startup_stm32f407xx.o(.text)
    HASH_RNG_IRQHandler                      0x08000277   Thumb Code     0  startup_stm32f407xx.o(.text)
    I2C1_ER_IRQHandler                       0x08000277   Thumb Code     0  startup_stm32f407xx.o(.text)
    I2C1_EV_IRQHandler                       0x08000277   Thumb Code     0  startup_stm32f407xx.o(.text)
    I2C2_ER_IRQHandler                       0x08000277   Thumb Code     0  startup_stm32f407xx.o(.text)
    I2C3_ER_IRQHandler                       0x08000277   Thumb Code     0  startup_stm32f407xx.o(.text)
    I2C3_EV_IRQHandler                       0x08000277   Thumb Code     0  startup_stm32f407xx.o(.text)
    OTG_FS_IRQHandler                        0x08000277   Thumb Code     0  startup_stm32f407xx.o(.text)
    OTG_FS_WKUP_IRQHandler                   0x08000277   Thumb Code     0  startup_stm32f407xx.o(.text)
    OTG_HS_EP1_IN_IRQHandler                 0x08000277   Thumb Code     0  startup_stm32f407xx.o(.text)
    OTG_HS_EP1_OUT_IRQHandler                0x08000277   Thumb Code     0  startup_stm32f407xx.o(.text)
    OTG_HS_IRQHandler                        0x08000277   Thumb Code     0  startup_stm32f407xx.o(.text)
    OTG_HS_WKUP_IRQHandler                   0x08000277   Thumb Code     0  startup_stm32f407xx.o(.text)
    PVD_IRQHandler                           0x08000277   Thumb Code     0  startup_stm32f407xx.o(.text)
    RCC_IRQHandler                           0x08000277   Thumb Code     0  startup_stm32f407xx.o(.text)
    RTC_Alarm_IRQHandler                     0x08000277   Thumb Code     0  startup_stm32f407xx.o(.text)
    RTC_WKUP_IRQHandler                      0x08000277   Thumb Code     0  startup_stm32f407xx.o(.text)
    SDIO_IRQHandler                          0x08000277   Thumb Code     0  startup_stm32f407xx.o(.text)
    SPI1_IRQHandler                          0x08000277   Thumb Code     0  startup_stm32f407xx.o(.text)
    SPI2_IRQHandler                          0x08000277   Thumb Code     0  startup_stm32f407xx.o(.text)
    SPI3_IRQHandler                          0x08000277   Thumb Code     0  startup_stm32f407xx.o(.text)
    TAMP_STAMP_IRQHandler                    0x08000277   Thumb Code     0  startup_stm32f407xx.o(.text)
    TIM1_BRK_TIM9_IRQHandler                 0x08000277   Thumb Code     0  startup_stm32f407xx.o(.text)
    TIM1_CC_IRQHandler                       0x08000277   Thumb Code     0  startup_stm32f407xx.o(.text)
    TIM1_TRG_COM_TIM11_IRQHandler            0x08000277   Thumb Code     0  startup_stm32f407xx.o(.text)
    TIM1_UP_TIM10_IRQHandler                 0x08000277   Thumb Code     0  startup_stm32f407xx.o(.text)
    TIM2_IRQHandler                          0x08000277   Thumb Code     0  startup_stm32f407xx.o(.text)
    TIM3_IRQHandler                          0x08000277   Thumb Code     0  startup_stm32f407xx.o(.text)
    TIM4_IRQHandler                          0x08000277   Thumb Code     0  startup_stm32f407xx.o(.text)
    TIM5_IRQHandler                          0x08000277   Thumb Code     0  startup_stm32f407xx.o(.text)
    TIM6_DAC_IRQHandler                      0x08000277   Thumb Code     0  startup_stm32f407xx.o(.text)
    TIM7_IRQHandler                          0x08000277   Thumb Code     0  startup_stm32f407xx.o(.text)
    TIM8_BRK_TIM12_IRQHandler                0x08000277   Thumb Code     0  startup_stm32f407xx.o(.text)
    TIM8_CC_IRQHandler                       0x08000277   Thumb Code     0  startup_stm32f407xx.o(.text)
    TIM8_TRG_COM_TIM14_IRQHandler            0x08000277   Thumb Code     0  startup_stm32f407xx.o(.text)
    TIM8_UP_TIM13_IRQHandler                 0x08000277   Thumb Code     0  startup_stm32f407xx.o(.text)
    UART4_IRQHandler                         0x08000277   Thumb Code     0  startup_stm32f407xx.o(.text)
    UART5_IRQHandler                         0x08000277   Thumb Code     0  startup_stm32f407xx.o(.text)
    USART1_IRQHandler                        0x08000277   Thumb Code     0  startup_stm32f407xx.o(.text)
    USART2_IRQHandler                        0x08000277   Thumb Code     0  startup_stm32f407xx.o(.text)
    USART3_IRQHandler                        0x08000277   Thumb Code     0  startup_stm32f407xx.o(.text)
    USART6_IRQHandler                        0x08000277   Thumb Code     0  startup_stm32f407xx.o(.text)
    WWDG_IRQHandler                          0x08000277   Thumb Code     0  startup_stm32f407xx.o(.text)
    __aeabi_uldivmod                         0x08000281   Thumb Code    98  uldiv.o(.text)
    __aeabi_memcpy                           0x080002e3   Thumb Code    36  memcpya.o(.text)
    __aeabi_memcpy4                          0x080002e3   Thumb Code     0  memcpya.o(.text)
    __aeabi_memcpy8                          0x080002e3   Thumb Code     0  memcpya.o(.text)
    __aeabi_memset                           0x08000307   Thumb Code    14  memseta.o(.text)
    __aeabi_memset4                          0x08000307   Thumb Code     0  memseta.o(.text)
    __aeabi_memset8                          0x08000307   Thumb Code     0  memseta.o(.text)
    __aeabi_memclr                           0x08000315   Thumb Code     4  memseta.o(.text)
    __aeabi_memclr4                          0x08000315   Thumb Code     0  memseta.o(.text)
    __aeabi_memclr8                          0x08000315   Thumb Code     0  memseta.o(.text)
    memset                                   0x08000319   Thumb Code    18  memseta.o(.text)
    __aeabi_dadd                             0x0800032b   Thumb Code   322  dadd.o(.text)
    __aeabi_dsub                             0x0800046d   Thumb Code     6  dadd.o(.text)
    __aeabi_drsub                            0x08000473   Thumb Code     6  dadd.o(.text)
    __aeabi_dmul                             0x08000479   Thumb Code   228  dmul.o(.text)
    __aeabi_ddiv                             0x0800055d   Thumb Code   222  ddiv.o(.text)
    __aeabi_f2d                              0x0800063b   Thumb Code    38  f2d.o(.text)
    __aeabi_cdrcmple                         0x08000661   Thumb Code    48  cdrcmple.o(.text)
    __aeabi_uidiv                            0x08000691   Thumb Code     0  uidiv.o(.text)
    __aeabi_uidivmod                         0x08000691   Thumb Code    44  uidiv.o(.text)
    __aeabi_llsl                             0x080006bd   Thumb Code    30  llshl.o(.text)
    _ll_shift_l                              0x080006bd   Thumb Code     0  llshl.o(.text)
    __aeabi_llsr                             0x080006db   Thumb Code    32  llushr.o(.text)
    _ll_ushift_r                             0x080006db   Thumb Code     0  llushr.o(.text)
    __aeabi_lasr                             0x080006fb   Thumb Code    36  llsshr.o(.text)
    _ll_sshift_r                             0x080006fb   Thumb Code     0  llsshr.o(.text)
    __I$use$fp                               0x0800071f   Thumb Code     0  iusefp.o(.text)
    _double_round                            0x0800071f   Thumb Code    30  depilogue.o(.text)
    _double_epilogue                         0x0800073d   Thumb Code   156  depilogue.o(.text)
    __aeabi_d2ulz                            0x080007d9   Thumb Code    48  dfixul.o(.text)
    __scatterload                            0x08000809   Thumb Code    28  init.o(.text)
    __scatterload_rt2                        0x08000809   Thumb Code     0  init.o(.text)
    BusFault_Handler                         0x0800082d   Thumb Code     2  stm32f4xx_it.o(i.BusFault_Handler)
    DMA1_Stream7_IRQHandler                  0x08000831   Thumb Code     6  stm32f4xx_it.o(i.DMA1_Stream7_IRQHandler)
    DebugMon_Handler                         0x080008e1   Thumb Code     2  stm32f4xx_it.o(i.DebugMon_Handler)
    Error_Handler                            0x080008e3   Thumb Code     4  main.o(i.Error_Handler)
    HAL_DMA_Abort_IT                         0x080008e7   Thumb Code    36  stm32f4xx_hal_dma.o(i.HAL_DMA_Abort_IT)
    HAL_DMA_GetError                         0x0800090b   Thumb Code     4  stm32f4xx_hal_dma.o(i.HAL_DMA_GetError)
    HAL_DMA_GetState                         0x0800090f   Thumb Code     6  stm32f4xx_hal_dma.o(i.HAL_DMA_GetState)
    HAL_DMA_IRQHandler                       0x08000915   Thumb Code   412  stm32f4xx_hal_dma.o(i.HAL_DMA_IRQHandler)
    HAL_DMA_Init                             0x08000ab5   Thumb Code   206  stm32f4xx_hal_dma.o(i.HAL_DMA_Init)
    HAL_DMA_Start_IT                         0x08000b89   Thumb Code   110  stm32f4xx_hal_dma.o(i.HAL_DMA_Start_IT)
    HAL_Delay                                0x08000bf9   Thumb Code    32  stm32f4xx_hal.o(i.HAL_Delay)
    HAL_GPIO_DeInit                          0x08000c1d   Thumb Code   320  stm32f4xx_hal_gpio.o(i.HAL_GPIO_DeInit)
    HAL_GPIO_Init                            0x08000d85   Thumb Code   450  stm32f4xx_hal_gpio.o(i.HAL_GPIO_Init)
    HAL_GPIO_ReadPin                         0x08000f75   Thumb Code    10  stm32f4xx_hal_gpio.o(i.HAL_GPIO_ReadPin)
    HAL_GPIO_WritePin                        0x08000f7f   Thumb Code    10  stm32f4xx_hal_gpio.o(i.HAL_GPIO_WritePin)
    HAL_GetTick                              0x08000f89   Thumb Code     6  stm32f4xx_hal.o(i.HAL_GetTick)
    HAL_I2C_AbortCpltCallback                0x08000f95   Thumb Code     2  stm32f4xx_hal_i2c.o(i.HAL_I2C_AbortCpltCallback)
    HAL_I2C_AddrCallback                     0x08000f97   Thumb Code     2  stm32f4xx_hal_i2c.o(i.HAL_I2C_AddrCallback)
    HAL_I2C_EV_IRQHandler                    0x08000f99   Thumb Code   560  stm32f4xx_hal_i2c.o(i.HAL_I2C_EV_IRQHandler)
    HAL_I2C_ErrorCallback                    0x080011c9   Thumb Code     2  stm32f4xx_hal_i2c.o(i.HAL_I2C_ErrorCallback)
    HAL_I2C_Init                             0x080011cd   Thumb Code   376  stm32f4xx_hal_i2c.o(i.HAL_I2C_Init)
    HAL_I2C_ListenCpltCallback               0x08001355   Thumb Code     2  stm32f4xx_hal_i2c.o(i.HAL_I2C_ListenCpltCallback)
    HAL_I2C_MasterRxCpltCallback             0x08001357   Thumb Code     2  stm32f4xx_hal_i2c.o(i.HAL_I2C_MasterRxCpltCallback)
    HAL_I2C_MasterTxCpltCallback             0x08001359   Thumb Code     2  stm32f4xx_hal_i2c.o(i.HAL_I2C_MasterTxCpltCallback)
    HAL_I2C_MemRxCpltCallback                0x0800135b   Thumb Code     2  stm32f4xx_hal_i2c.o(i.HAL_I2C_MemRxCpltCallback)
    HAL_I2C_MemTxCpltCallback                0x0800135d   Thumb Code    14  i2c.o(i.HAL_I2C_MemTxCpltCallback)
    HAL_I2C_Mem_Write                        0x08001371   Thumb Code   294  stm32f4xx_hal_i2c.o(i.HAL_I2C_Mem_Write)
    HAL_I2C_Mem_Write_DMA                    0x080014a1   Thumb Code   396  stm32f4xx_hal_i2c.o(i.HAL_I2C_Mem_Write_DMA)
    HAL_I2C_MspInit                          0x0800163d   Thumb Code   156  i2c.o(i.HAL_I2C_MspInit)
    HAL_I2C_SlaveRxCpltCallback              0x080016ed   Thumb Code     2  stm32f4xx_hal_i2c.o(i.HAL_I2C_SlaveRxCpltCallback)
    HAL_I2C_SlaveTxCpltCallback              0x080016ef   Thumb Code     2  stm32f4xx_hal_i2c.o(i.HAL_I2C_SlaveTxCpltCallback)
    HAL_IncTick                              0x080016f1   Thumb Code    12  stm32f4xx_hal.o(i.HAL_IncTick)
    HAL_Init                                 0x08001701   Thumb Code    48  stm32f4xx_hal.o(i.HAL_Init)
    HAL_InitTick                             0x08001735   Thumb Code    54  stm32f4xx_hal.o(i.HAL_InitTick)
    HAL_MspInit                              0x08001775   Thumb Code    52  stm32f4xx_hal_msp.o(i.HAL_MspInit)
    HAL_NVIC_EnableIRQ                       0x080017ad   Thumb Code    26  stm32f4xx_hal_cortex.o(i.HAL_NVIC_EnableIRQ)
    HAL_NVIC_SetPriority                     0x080017c9   Thumb Code    60  stm32f4xx_hal_cortex.o(i.HAL_NVIC_SetPriority)
    HAL_NVIC_SetPriorityGrouping             0x08001809   Thumb Code    26  stm32f4xx_hal_cortex.o(i.HAL_NVIC_SetPriorityGrouping)
    HAL_RCC_ClockConfig                      0x0800182d   Thumb Code   288  stm32f4xx_hal_rcc.o(i.HAL_RCC_ClockConfig)
    HAL_RCC_GetPCLK1Freq                     0x08001961   Thumb Code    20  stm32f4xx_hal_rcc.o(i.HAL_RCC_GetPCLK1Freq)
    HAL_RCC_GetSysClockFreq                  0x08001981   Thumb Code    88  stm32f4xx_hal_rcc.o(i.HAL_RCC_GetSysClockFreq)
    HAL_RCC_OscConfig                        0x080019e1   Thumb Code   856  stm32f4xx_hal_rcc.o(i.HAL_RCC_OscConfig)
    HAL_SYSTICK_Config                       0x08001d4d   Thumb Code    40  stm32f4xx_hal_cortex.o(i.HAL_SYSTICK_Config)
    HardFault_Handler                        0x08001d75   Thumb Code     2  stm32f4xx_it.o(i.HardFault_Handler)
    I2C2_EV_IRQHandler                       0x08001d79   Thumb Code     6  stm32f4xx_it.o(i.I2C2_EV_IRQHandler)
    I2C_START                                0x080026f5   Thumb Code    64  i2c.o(i.I2C_START)
    I2C_STOP                                 0x08002739   Thumb Code    64  i2c.o(i.I2C_STOP)
    I2C_Send_Data                            0x0800277d   Thumb Code    14  i2c.o(i.I2C_Send_Data)
    I2C_Send_nData                           0x08002791   Thumb Code    20  i2c.o(i.I2C_Send_nData)
    I2C_hard_Send_Data                       0x08002ae5   Thumb Code    38  i2c.o(i.I2C_hard_Send_Data)
    I2C_hard_Send_nData                      0x08002b15   Thumb Code    32  i2c.o(i.I2C_hard_Send_nData)
    I2C_hard_init                            0x08002b3d   Thumb Code    18  i2c.o(i.I2C_hard_init)
    I2C_senddata                             0x08002b55   Thumb Code    94  i2c.o(i.I2C_senddata)
    I2C_soft_Send_Data                       0x08002bb9   Thumb Code    38  i2c.o(i.I2C_soft_Send_Data)
    I2C_soft_Send_nData                      0x08002be1   Thumb Code    62  i2c.o(i.I2C_soft_Send_nData)
    I2C_soft_init                            0x08002c25   Thumb Code    98  i2c.o(i.I2C_soft_init)
    I2C_waitACK                              0x08002c95   Thumb Code    70  i2c.o(i.I2C_waitACK)
    LCD_P8x16Str                             0x08002ce1   Thumb Code   112  oled.o(i.LCD_P8x16Str)
    MX_DMA_Init                              0x08002d59   Thumb Code    40  i2c.o(i.MX_DMA_Init)
    MX_FREERTOS_Init                         0x08002d85   Thumb Code    52  freertos.o(i.MX_FREERTOS_Init)
    MX_GPIO_Init                             0x08002dc1   Thumb Code    54  gpio.o(i.MX_GPIO_Init)
    MX_I2C2_Init                             0x08002dfd   Thumb Code    50  i2c.o(i.MX_I2C2_Init)
    MemManage_Handler                        0x08002e3d   Thumb Code     2  stm32f4xx_it.o(i.MemManage_Handler)
    NMI_Handler                              0x08002e3f   Thumb Code     2  stm32f4xx_it.o(i.NMI_Handler)
    OLED_CLS                                 0x08002e41   Thumb Code    36  oled.o(i.OLED_CLS)
    OLED_Init                                0x08002e69   Thumb Code    18  oled.o(i.OLED_Init)
    OLED_Init_I2C                            0x08002e7b   Thumb Code   180  oled.o(i.OLED_Init_I2C)
    OLED_WrCmd                               0x08002f2f   Thumb Code    10  oled.o(i.OLED_WrCmd)
    SDA_IN                                   0x08002f39   Thumb Code    38  i2c.o(i.SDA_IN)
    SDA_OUT                                  0x08002f65   Thumb Code    36  i2c.o(i.SDA_OUT)
    StartDefaultTask                         0x08002f8d   Thumb Code     8  freertos.o(i.StartDefaultTask)
    SysTick_Handler                          0x08002f95   Thumb Code    24  stm32f4xx_it.o(i.SysTick_Handler)
    SystemClock_Config                       0x08002fad   Thumb Code   142  main.o(i.SystemClock_Config)
    SystemInit                               0x08003045   Thumb Code    12  system_stm32f4xx.o(i.SystemInit)
    UsageFault_Handler                       0x08003055   Thumb Code     2  stm32f4xx_it.o(i.UsageFault_Handler)
    __0sprintf                               0x08003059   Thumb Code    34  printfa.o(i.__0sprintf)
    __1sprintf                               0x08003059   Thumb Code     0  printfa.o(i.__0sprintf)
    __2sprintf                               0x08003059   Thumb Code     0  printfa.o(i.__0sprintf)
    __c89sprintf                             0x08003059   Thumb Code     0  printfa.o(i.__0sprintf)
    sprintf                                  0x08003059   Thumb Code     0  printfa.o(i.__0sprintf)
    __scatterload_copy                       0x080030a1   Thumb Code    14  handlers.o(i.__scatterload_copy)
    __scatterload_null                       0x080030af   Thumb Code     2  handlers.o(i.__scatterload_null)
    __scatterload_zeroinit                   0x080030b1   Thumb Code    14  handlers.o(i.__scatterload_zeroinit)
    delay                                    0x0800397d   Thumb Code    10  i2c.o(i.delay)
    main                                     0x08003987   Thumb Code    22  main.o(i.main)
    oled_Task                                0x080039a9   Thumb Code   166  freertos.o(i.oled_Task)
    osDelay                                  0x08003a69   Thumb Code    16  cmsis_os.o(i.osDelay)
    osKernelStart                            0x08003a79   Thumb Code    10  cmsis_os.o(i.osKernelStart)
    osThreadCreate                           0x08003a83   Thumb Code    92  cmsis_os.o(i.osThreadCreate)
    pvPortMalloc                             0x08003e69   Thumb Code   224  heap_4.o(i.pvPortMalloc)
    pxPortInitialiseStack                    0x08003f51   Thumb Code    38  port.o(i.pxPortInitialiseStack)
    show_oled                                0x08003f7d   Thumb Code    14  oled.o(i.show_oled)
    uxListRemove                             0x08003f91   Thumb Code    38  list.o(i.uxListRemove)
    vApplicationGetIdleTaskMemory            0x08003fb9   Thumb Code    16  freertos.o(i.vApplicationGetIdleTaskMemory)
    vListInitialise                          0x08003fcd   Thumb Code    22  list.o(i.vListInitialise)
    vListInitialiseItem                      0x08003fe3   Thumb Code     6  list.o(i.vListInitialiseItem)
    vListInsert                              0x08003fe9   Thumb Code    54  list.o(i.vListInsert)
    vListInsertEnd                           0x0800401f   Thumb Code    24  list.o(i.vListInsertEnd)
    vPortEnterCritical                       0x08004039   Thumb Code    54  port.o(i.vPortEnterCritical)
    vPortExitCritical                        0x08004079   Thumb Code    38  port.o(i.vPortExitCritical)
    vPortFree                                0x080040a5   Thumb Code    94  heap_4.o(i.vPortFree)
    vPortSetupTimerInterrupt                 0x08004109   Thumb Code    32  port.o(i.vPortSetupTimerInterrupt)
    vTaskDelay                               0x0800412d   Thumb Code    70  tasks.o(i.vTaskDelay)
    vTaskStartScheduler                      0x0800417d   Thumb Code   120  tasks.o(i.vTaskStartScheduler)
    vTaskSuspendAll                          0x08004205   Thumb Code    10  tasks.o(i.vTaskSuspendAll)
    vTaskSwitchContext                       0x08004215   Thumb Code    86  tasks.o(i.vTaskSwitchContext)
    xPortStartScheduler                      0x08004275   Thumb Code   232  port.o(i.xPortStartScheduler)
    xPortSysTickHandler                      0x08004379   Thumb Code    38  port.o(i.xPortSysTickHandler)
    xTaskCreate                              0x080043a5   Thumb Code   108  tasks.o(i.xTaskCreate)
    xTaskCreateStatic                        0x08004411   Thumb Code    96  tasks.o(i.xTaskCreateStatic)
    xTaskGetSchedulerState                   0x08004471   Thumb Code    24  tasks.o(i.xTaskGetSchedulerState)
    xTaskGetTickCount                        0x0800448d   Thumb Code     6  tasks.o(i.xTaskGetTickCount)
    xTaskIncrementTick                       0x08004499   Thumb Code   202  tasks.o(i.xTaskIncrementTick)
    xTaskResumeAll                           0x0800456d   Thumb Code   190  tasks.o(i.xTaskResumeAll)
    AHBPrescTable                            0x08004678   Data          16  system_stm32f4xx.o(.constdata)
    APBPrescTable                            0x08004688   Data           8  system_stm32f4xx.o(.constdata)
    F6x8                                     0x08004690   Data         552  oled.o(.constdata)
    F8X16                                    0x080048b8   Data        1520  oled.o(.constdata)
    Region$$Table$$Base                      0x08004ec0   Number         0  anon$$obj.o(Region$$Table)
    Region$$Table$$Limit                     0x08004ee0   Number         0  anon$$obj.o(Region$$Table)
    defaultTaskHandle                        0x20000000   Data           4  freertos.o(.data)
    uwTickFreq                               0x20000004   Data           1  stm32f4xx_hal.o(.data)
    uwTickPrio                               0x20000008   Data           4  stm32f4xx_hal.o(.data)
    uwTick                                   0x2000000c   Data           4  stm32f4xx_hal.o(.data)
    SystemCoreClock                          0x20000010   Data           4  system_stm32f4xx.o(.data)
    pxCurrentTCB                             0x20000014   Data           4  tasks.o(.data)
    I2C_DMA_Flag                             0x2000007c   Data           1  i2c.o(.data)
    I2C_Flag                                 0x2000007d   Data           1  i2c.o(.data)
    num                                      0x20000080   Data           4  i2c.o(.data)
    hi2c2                                    0x20003fc8   Data          84  i2c.o(.bss)
    hdma_i2c2_tx                             0x2000401c   Data          96  i2c.o(.bss)
    oled                                     0x2000407c   Data        1024  oled.o(.bss)
    __initial_sp                             0x20004880   Data           0  startup_stm32f407xx.o(STACK)



==============================================================================

Memory Map of the image

  Image Entry point : 0x08000189

  Load Region LR_IROM1 (Base: 0x08000000, Size: 0x00004f64, Max: 0x00100000, ABSOLUTE)

    Execution Region ER_IROM1 (Exec base: 0x08000000, Load base: 0x08000000, Size: 0x00004ee0, Max: 0x00100000, ABSOLUTE)

    Exec Addr    Load Addr    Size         Type   Attr      Idx    E Section Name        Object

    0x08000000   0x08000000   0x00000188   Data   RO            3    RESET               startup_stm32f407xx.o
    0x08000188   0x08000188   0x00000000   Code   RO         3684  * .ARM.Collect$$$$00000000  mc_w.l(entry.o)
    0x08000188   0x08000188   0x00000004   Code   RO         3972    .ARM.Collect$$$$00000001  mc_w.l(entry2.o)
    0x0800018c   0x0800018c   0x00000004   Code   RO         3975    .ARM.Collect$$$$00000004  mc_w.l(entry5.o)
    0x08000190   0x08000190   0x00000000   Code   RO         3977    .ARM.Collect$$$$00000008  mc_w.l(entry7b.o)
    0x08000190   0x08000190   0x00000000   Code   RO         3979    .ARM.Collect$$$$0000000A  mc_w.l(entry8b.o)
    0x08000190   0x08000190   0x00000008   Code   RO         3980    .ARM.Collect$$$$0000000B  mc_w.l(entry9a.o)
    0x08000198   0x08000198   0x00000000   Code   RO         3982    .ARM.Collect$$$$0000000D  mc_w.l(entry10a.o)
    0x08000198   0x08000198   0x00000000   Code   RO         3984    .ARM.Collect$$$$0000000F  mc_w.l(entry11a.o)
    0x08000198   0x08000198   0x00000004   Code   RO         3973    .ARM.Collect$$$$00002712  mc_w.l(entry2.o)
    0x0800019c   0x0800019c   0x000000be   Code   RO         3279    .emb_text           port.o
    0x0800025a   0x0800025a   0x00000002   PAD
    0x0800025c   0x0800025c   0x00000024   Code   RO            4    .text               startup_stm32f407xx.o
    0x08000280   0x08000280   0x00000062   Code   RO         3687    .text               mc_w.l(uldiv.o)
    0x080002e2   0x080002e2   0x00000024   Code   RO         3689    .text               mc_w.l(memcpya.o)
    0x08000306   0x08000306   0x00000024   Code   RO         3693    .text               mc_w.l(memseta.o)
    0x0800032a   0x0800032a   0x0000014e   Code   RO         3958    .text               mf_w.l(dadd.o)
    0x08000478   0x08000478   0x000000e4   Code   RO         3960    .text               mf_w.l(dmul.o)
    0x0800055c   0x0800055c   0x000000de   Code   RO         3962    .text               mf_w.l(ddiv.o)
    0x0800063a   0x0800063a   0x00000026   Code   RO         3966    .text               mf_w.l(f2d.o)
    0x08000660   0x08000660   0x00000030   Code   RO         3970    .text               mf_w.l(cdrcmple.o)
    0x08000690   0x08000690   0x0000002c   Code   RO         3989    .text               mc_w.l(uidiv.o)
    0x080006bc   0x080006bc   0x0000001e   Code   RO         3991    .text               mc_w.l(llshl.o)
    0x080006da   0x080006da   0x00000020   Code   RO         3993    .text               mc_w.l(llushr.o)
    0x080006fa   0x080006fa   0x00000024   Code   RO         3995    .text               mc_w.l(llsshr.o)
    0x0800071e   0x0800071e   0x00000000   Code   RO         3997    .text               mc_w.l(iusefp.o)
    0x0800071e   0x0800071e   0x000000ba   Code   RO         3998    .text               mf_w.l(depilogue.o)
    0x080007d8   0x080007d8   0x00000030   Code   RO         4000    .text               mf_w.l(dfixul.o)
    0x08000808   0x08000808   0x00000024   Code   RO         4002    .text               mc_w.l(init.o)
    0x0800082c   0x0800082c   0x00000002   Code   RO          285    i.BusFault_Handler  stm32f4xx_it.o
    0x0800082e   0x0800082e   0x00000002   PAD
    0x08000830   0x08000830   0x0000000c   Code   RO          286    i.DMA1_Stream7_IRQHandler  stm32f4xx_it.o
    0x0800083c   0x0800083c   0x00000028   Code   RO          844    i.DMA_CalcBaseAndBitshift  stm32f4xx_hal_dma.o
    0x08000864   0x08000864   0x00000054   Code   RO          845    i.DMA_CheckFifoParam  stm32f4xx_hal_dma.o
    0x080008b8   0x080008b8   0x00000028   Code   RO          846    i.DMA_SetConfig     stm32f4xx_hal_dma.o
    0x080008e0   0x080008e0   0x00000002   Code   RO          287    i.DebugMon_Handler  stm32f4xx_it.o
    0x080008e2   0x080008e2   0x00000004   Code   RO           13    i.Error_Handler     main.o
    0x080008e6   0x080008e6   0x00000024   Code   RO          848    i.HAL_DMA_Abort_IT  stm32f4xx_hal_dma.o
    0x0800090a   0x0800090a   0x00000004   Code   RO          850    i.HAL_DMA_GetError  stm32f4xx_hal_dma.o
    0x0800090e   0x0800090e   0x00000006   Code   RO          851    i.HAL_DMA_GetState  stm32f4xx_hal_dma.o
    0x08000914   0x08000914   0x000001a0   Code   RO          852    i.HAL_DMA_IRQHandler  stm32f4xx_hal_dma.o
    0x08000ab4   0x08000ab4   0x000000d4   Code   RO          853    i.HAL_DMA_Init      stm32f4xx_hal_dma.o
    0x08000b88   0x08000b88   0x0000006e   Code   RO          857    i.HAL_DMA_Start_IT  stm32f4xx_hal_dma.o
    0x08000bf6   0x08000bf6   0x00000002   PAD
    0x08000bf8   0x08000bf8   0x00000024   Code   RO         1266    i.HAL_Delay         stm32f4xx_hal.o
    0x08000c1c   0x08000c1c   0x00000168   Code   RO          737    i.HAL_GPIO_DeInit   stm32f4xx_hal_gpio.o
    0x08000d84   0x08000d84   0x000001f0   Code   RO          740    i.HAL_GPIO_Init     stm32f4xx_hal_gpio.o
    0x08000f74   0x08000f74   0x0000000a   Code   RO          742    i.HAL_GPIO_ReadPin  stm32f4xx_hal_gpio.o
    0x08000f7e   0x08000f7e   0x0000000a   Code   RO          744    i.HAL_GPIO_WritePin  stm32f4xx_hal_gpio.o
    0x08000f88   0x08000f88   0x0000000c   Code   RO         1272    i.HAL_GetTick       stm32f4xx_hal.o
    0x08000f94   0x08000f94   0x00000002   Code   RO         1517    i.HAL_I2C_AbortCpltCallback  stm32f4xx_hal_i2c.o
    0x08000f96   0x08000f96   0x00000002   Code   RO         1518    i.HAL_I2C_AddrCallback  stm32f4xx_hal_i2c.o
    0x08000f98   0x08000f98   0x00000230   Code   RO         1522    i.HAL_I2C_EV_IRQHandler  stm32f4xx_hal_i2c.o
    0x080011c8   0x080011c8   0x00000002   Code   RO         1524    i.HAL_I2C_ErrorCallback  stm32f4xx_hal_i2c.o
    0x080011ca   0x080011ca   0x00000002   PAD
    0x080011cc   0x080011cc   0x00000188   Code   RO         1528    i.HAL_I2C_Init      stm32f4xx_hal_i2c.o
    0x08001354   0x08001354   0x00000002   Code   RO         1530    i.HAL_I2C_ListenCpltCallback  stm32f4xx_hal_i2c.o
    0x08001356   0x08001356   0x00000002   Code   RO         1531    i.HAL_I2C_MasterRxCpltCallback  stm32f4xx_hal_i2c.o
    0x08001358   0x08001358   0x00000002   Code   RO         1532    i.HAL_I2C_MasterTxCpltCallback  stm32f4xx_hal_i2c.o
    0x0800135a   0x0800135a   0x00000002   Code   RO         1544    i.HAL_I2C_MemRxCpltCallback  stm32f4xx_hal_i2c.o
    0x0800135c   0x0800135c   0x00000014   Code   RO         3359    i.HAL_I2C_MemTxCpltCallback  i2c.o
    0x08001370   0x08001370   0x00000130   Code   RO         1549    i.HAL_I2C_Mem_Write  stm32f4xx_hal_i2c.o
    0x080014a0   0x080014a0   0x0000019c   Code   RO         1550    i.HAL_I2C_Mem_Write_DMA  stm32f4xx_hal_i2c.o
    0x0800163c   0x0800163c   0x000000b0   Code   RO         3361    i.HAL_I2C_MspInit   i2c.o
    0x080016ec   0x080016ec   0x00000002   Code   RO         1554    i.HAL_I2C_SlaveRxCpltCallback  stm32f4xx_hal_i2c.o
    0x080016ee   0x080016ee   0x00000002   Code   RO         1555    i.HAL_I2C_SlaveTxCpltCallback  stm32f4xx_hal_i2c.o
    0x080016f0   0x080016f0   0x00000010   Code   RO         1278    i.HAL_IncTick       stm32f4xx_hal.o
    0x08001700   0x08001700   0x00000034   Code   RO         1279    i.HAL_Init          stm32f4xx_hal.o
    0x08001734   0x08001734   0x00000040   Code   RO         1280    i.HAL_InitTick      stm32f4xx_hal.o
    0x08001774   0x08001774   0x00000038   Code   RO          361    i.HAL_MspInit       stm32f4xx_hal_msp.o
    0x080017ac   0x080017ac   0x0000001a   Code   RO         1129    i.HAL_NVIC_EnableIRQ  stm32f4xx_hal_cortex.o
    0x080017c6   0x080017c6   0x00000002   PAD
    0x080017c8   0x080017c8   0x00000040   Code   RO         1135    i.HAL_NVIC_SetPriority  stm32f4xx_hal_cortex.o
    0x08001808   0x08001808   0x00000024   Code   RO         1136    i.HAL_NVIC_SetPriorityGrouping  stm32f4xx_hal_cortex.o
    0x0800182c   0x0800182c   0x00000134   Code   RO          386    i.HAL_RCC_ClockConfig  stm32f4xx_hal_rcc.o
    0x08001960   0x08001960   0x00000020   Code   RO          393    i.HAL_RCC_GetPCLK1Freq  stm32f4xx_hal_rcc.o
    0x08001980   0x08001980   0x00000060   Code   RO          395    i.HAL_RCC_GetSysClockFreq  stm32f4xx_hal_rcc.o
    0x080019e0   0x080019e0   0x0000036c   Code   RO          398    i.HAL_RCC_OscConfig  stm32f4xx_hal_rcc.o
    0x08001d4c   0x08001d4c   0x00000028   Code   RO         1140    i.HAL_SYSTICK_Config  stm32f4xx_hal_cortex.o
    0x08001d74   0x08001d74   0x00000002   Code   RO          288    i.HardFault_Handler  stm32f4xx_it.o
    0x08001d76   0x08001d76   0x00000002   PAD
    0x08001d78   0x08001d78   0x0000000c   Code   RO          289    i.I2C2_EV_IRQHandler  stm32f4xx_it.o
    0x08001d84   0x08001d84   0x000000bc   Code   RO         1566    i.I2C_DMAAbort      stm32f4xx_hal_i2c.o
    0x08001e40   0x08001e40   0x00000040   Code   RO         1567    i.I2C_DMAError      stm32f4xx_hal_i2c.o
    0x08001e80   0x08001e80   0x0000010a   Code   RO         1568    i.I2C_DMAXferCplt   stm32f4xx_hal_i2c.o
    0x08001f8a   0x08001f8a   0x00000002   PAD
    0x08001f8c   0x08001f8c   0x00000158   Code   RO         1569    i.I2C_ITError       stm32f4xx_hal_i2c.o
    0x080020e4   0x080020e4   0x0000002e   Code   RO         1570    i.I2C_IsAcknowledgeFailed  stm32f4xx_hal_i2c.o
    0x08002112   0x08002112   0x000000d2   Code   RO         1571    i.I2C_MasterReceive_BTF  stm32f4xx_hal_i2c.o
    0x080021e4   0x080021e4   0x000000e8   Code   RO         1572    i.I2C_MasterReceive_RXNE  stm32f4xx_hal_i2c.o
    0x080022cc   0x080022cc   0x00000082   Code   RO         1575    i.I2C_MasterTransmit_BTF  stm32f4xx_hal_i2c.o
    0x0800234e   0x0800234e   0x00000002   PAD
    0x08002350   0x08002350   0x000000b6   Code   RO         1576    i.I2C_MasterTransmit_TXE  stm32f4xx_hal_i2c.o
    0x08002406   0x08002406   0x00000002   PAD
    0x08002408   0x08002408   0x00000118   Code   RO         1577    i.I2C_Master_ADDR   stm32f4xx_hal_i2c.o
    0x08002520   0x08002520   0x0000008c   Code   RO         1578    i.I2C_Master_SB     stm32f4xx_hal_i2c.o
    0x080025ac   0x080025ac   0x000000a0   Code   RO         1579    i.I2C_MemoryTransmit_TXE_BTF  stm32f4xx_hal_i2c.o
    0x0800264c   0x0800264c   0x000000a8   Code   RO         1581    i.I2C_RequestMemoryWrite  stm32f4xx_hal_i2c.o
    0x080026f4   0x080026f4   0x00000044   Code   RO         3364    i.I2C_START         i2c.o
    0x08002738   0x08002738   0x00000044   Code   RO         3365    i.I2C_STOP          i2c.o
    0x0800277c   0x0800277c   0x00000014   Code   RO         3366    i.I2C_Send_Data     i2c.o
    0x08002790   0x08002790   0x00000018   Code   RO         3367    i.I2C_Send_nData    i2c.o
    0x080027a8   0x080027a8   0x00000046   Code   RO         1582    i.I2C_Slave_ADDR    stm32f4xx_hal_i2c.o
    0x080027ee   0x080027ee   0x00000002   PAD
    0x080027f0   0x080027f0   0x0000015c   Code   RO         1584    i.I2C_Slave_STOPF   stm32f4xx_hal_i2c.o
    0x0800294c   0x0800294c   0x0000004c   Code   RO         1585    i.I2C_WaitOnBTFFlagUntilTimeout  stm32f4xx_hal_i2c.o
    0x08002998   0x08002998   0x00000068   Code   RO         1586    i.I2C_WaitOnFlagUntilTimeout  stm32f4xx_hal_i2c.o
    0x08002a00   0x08002a00   0x00000096   Code   RO         1587    i.I2C_WaitOnMasterAddressFlagUntilTimeout  stm32f4xx_hal_i2c.o
    0x08002a96   0x08002a96   0x0000004c   Code   RO         1589    i.I2C_WaitOnTXEFlagUntilTimeout  stm32f4xx_hal_i2c.o
    0x08002ae2   0x08002ae2   0x00000002   PAD
    0x08002ae4   0x08002ae4   0x00000030   Code   RO         3369    i.I2C_hard_Send_Data  i2c.o
    0x08002b14   0x08002b14   0x00000028   Code   RO         3370    i.I2C_hard_Send_nData  i2c.o
    0x08002b3c   0x08002b3c   0x00000018   Code   RO         3371    i.I2C_hard_init     i2c.o
    0x08002b54   0x08002b54   0x00000064   Code   RO         3372    i.I2C_senddata      i2c.o
    0x08002bb8   0x08002bb8   0x00000026   Code   RO         3375    i.I2C_soft_Send_Data  i2c.o
    0x08002bde   0x08002bde   0x00000002   PAD
    0x08002be0   0x08002be0   0x00000044   Code   RO         3376    i.I2C_soft_Send_nData  i2c.o
    0x08002c24   0x08002c24   0x00000070   Code   RO         3377    i.I2C_soft_init     i2c.o
    0x08002c94   0x08002c94   0x0000004c   Code   RO         3378    i.I2C_waitACK       i2c.o
    0x08002ce0   0x08002ce0   0x00000078   Code   RO         3535    i.LCD_P8x16Str      oled.o
    0x08002d58   0x08002d58   0x0000002c   Code   RO         3379    i.MX_DMA_Init       i2c.o
    0x08002d84   0x08002d84   0x0000003c   Code   RO          227    i.MX_FREERTOS_Init  freertos.o
    0x08002dc0   0x08002dc0   0x0000003c   Code   RO          203    i.MX_GPIO_Init      gpio.o
    0x08002dfc   0x08002dfc   0x00000040   Code   RO         3380    i.MX_I2C2_Init      i2c.o
    0x08002e3c   0x08002e3c   0x00000002   Code   RO          290    i.MemManage_Handler  stm32f4xx_it.o
    0x08002e3e   0x08002e3e   0x00000002   Code   RO          291    i.NMI_Handler       stm32f4xx_it.o
    0x08002e40   0x08002e40   0x00000028   Code   RO         3537    i.OLED_CLS          oled.o
    0x08002e68   0x08002e68   0x00000012   Code   RO         3540    i.OLED_Init         oled.o
    0x08002e7a   0x08002e7a   0x000000b4   Code   RO         3541    i.OLED_Init_I2C     oled.o
    0x08002f2e   0x08002f2e   0x0000000a   Code   RO         3543    i.OLED_WrCmd        oled.o
    0x08002f38   0x08002f38   0x0000002c   Code   RO         3381    i.SDA_IN            i2c.o
    0x08002f64   0x08002f64   0x00000028   Code   RO         3382    i.SDA_OUT           i2c.o
    0x08002f8c   0x08002f8c   0x00000008   Code   RO          228    i.StartDefaultTask  freertos.o
    0x08002f94   0x08002f94   0x00000018   Code   RO          292    i.SysTick_Handler   stm32f4xx_it.o
    0x08002fac   0x08002fac   0x00000098   Code   RO           14    i.SystemClock_Config  main.o
    0x08003044   0x08003044   0x00000010   Code   RO         2004    i.SystemInit        system_stm32f4xx.o
    0x08003054   0x08003054   0x00000002   Code   RO          293    i.UsageFault_Handler  stm32f4xx_it.o
    0x08003056   0x08003056   0x00000002   PAD
    0x08003058   0x08003058   0x00000028   Code   RO         3932    i.__0sprintf        mc_w.l(printfa.o)
    0x08003080   0x08003080   0x00000020   Code   RO         1142    i.__NVIC_SetPriority  stm32f4xx_hal_cortex.o
    0x080030a0   0x080030a0   0x0000000e   Code   RO         4008    i.__scatterload_copy  mc_w.l(handlers.o)
    0x080030ae   0x080030ae   0x00000002   Code   RO         4009    i.__scatterload_null  mc_w.l(handlers.o)
    0x080030b0   0x080030b0   0x0000000e   Code   RO         4010    i.__scatterload_zeroinit  mc_w.l(handlers.o)
    0x080030be   0x080030be   0x00000002   PAD
    0x080030c0   0x080030c0   0x00000184   Code   RO         3937    i._fp_digits        mc_w.l(printfa.o)
    0x08003244   0x08003244   0x000006dc   Code   RO         3938    i._printf_core      mc_w.l(printfa.o)
    0x08003920   0x08003920   0x00000024   Code   RO         3939    i._printf_post_padding  mc_w.l(printfa.o)
    0x08003944   0x08003944   0x0000002e   Code   RO         3940    i._printf_pre_padding  mc_w.l(printfa.o)
    0x08003972   0x08003972   0x0000000a   Code   RO         3942    i._sputc            mc_w.l(printfa.o)
    0x0800397c   0x0800397c   0x0000000a   Code   RO         3383    i.delay             i2c.o
    0x08003986   0x08003986   0x00000016   Code   RO           15    i.main              main.o
    0x0800399c   0x0800399c   0x0000000c   Code   RO         2845    i.makeFreeRtosPriority  cmsis_os.o
    0x080039a8   0x080039a8   0x000000c0   Code   RO          229    i.oled_Task         freertos.o
    0x08003a68   0x08003a68   0x00000010   Code   RO         2847    i.osDelay           cmsis_os.o
    0x08003a78   0x08003a78   0x0000000a   Code   RO         2850    i.osKernelStart     cmsis_os.o
    0x08003a82   0x08003a82   0x0000005c   Code   RO         2884    i.osThreadCreate    cmsis_os.o
    0x08003ade   0x08003ade   0x00000002   PAD
    0x08003ae0   0x08003ae0   0x00000078   Code   RO         2516    i.prvAddCurrentTaskToDelayedList  tasks.o
    0x08003b58   0x08003b58   0x00000088   Code   RO         2517    i.prvAddNewTaskToReadyList  tasks.o
    0x08003be0   0x08003be0   0x00000040   Code   RO         2518    i.prvCheckTasksWaitingTermination  tasks.o
    0x08003c20   0x08003c20   0x00000040   Code   RO         2519    i.prvDeleteTCB      tasks.o
    0x08003c60   0x08003c60   0x00000050   Code   RO         3212    i.prvHeapInit       heap_4.o
    0x08003cb0   0x08003cb0   0x00000028   Code   RO         2520    i.prvIdleTask       tasks.o
    0x08003cd8   0x08003cd8   0x0000007e   Code   RO         2521    i.prvInitialiseNewTask  tasks.o
    0x08003d56   0x08003d56   0x00000002   PAD
    0x08003d58   0x08003d58   0x00000060   Code   RO         2522    i.prvInitialiseTaskLists  tasks.o
    0x08003db8   0x08003db8   0x0000005c   Code   RO         3213    i.prvInsertBlockIntoFreeList  heap_4.o
    0x08003e14   0x08003e14   0x00000024   Code   RO         2523    i.prvResetNextTaskUnblockTime  tasks.o
    0x08003e38   0x08003e38   0x00000030   Code   RO         3280    i.prvTaskExitError  port.o
    0x08003e68   0x08003e68   0x000000e8   Code   RO         3214    i.pvPortMalloc      heap_4.o
    0x08003f50   0x08003f50   0x0000002c   Code   RO         3281    i.pxPortInitialiseStack  port.o
    0x08003f7c   0x08003f7c   0x00000014   Code   RO         3547    i.show_oled         oled.o
    0x08003f90   0x08003f90   0x00000026   Code   RO         2142    i.uxListRemove      list.o
    0x08003fb6   0x08003fb6   0x00000002   PAD
    0x08003fb8   0x08003fb8   0x00000014   Code   RO          230    i.vApplicationGetIdleTaskMemory  freertos.o
    0x08003fcc   0x08003fcc   0x00000016   Code   RO         2143    i.vListInitialise   list.o
    0x08003fe2   0x08003fe2   0x00000006   Code   RO         2144    i.vListInitialiseItem  list.o
    0x08003fe8   0x08003fe8   0x00000036   Code   RO         2145    i.vListInsert       list.o
    0x0800401e   0x0800401e   0x00000018   Code   RO         2146    i.vListInsertEnd    list.o
    0x08004036   0x08004036   0x00000002   PAD
    0x08004038   0x08004038   0x00000040   Code   RO         3283    i.vPortEnterCritical  port.o
    0x08004078   0x08004078   0x0000002c   Code   RO         3284    i.vPortExitCritical  port.o
    0x080040a4   0x080040a4   0x00000064   Code   RO         3215    i.vPortFree         heap_4.o
    0x08004108   0x08004108   0x00000024   Code   RO         3285    i.vPortSetupTimerInterrupt  port.o
    0x0800412c   0x0800412c   0x00000050   Code   RO         2532    i.vTaskDelay        tasks.o
    0x0800417c   0x0800417c   0x00000088   Code   RO         2545    i.vTaskStartScheduler  tasks.o
    0x08004204   0x08004204   0x00000010   Code   RO         2547    i.vTaskSuspendAll   tasks.o
    0x08004214   0x08004214   0x00000060   Code   RO         2548    i.vTaskSwitchContext  tasks.o
    0x08004274   0x08004274   0x00000104   Code   RO         3287    i.xPortStartScheduler  port.o
    0x08004378   0x08004378   0x0000002c   Code   RO         3288    i.xPortSysTickHandler  port.o
    0x080043a4   0x080043a4   0x0000006c   Code   RO         2551    i.xTaskCreate       tasks.o
    0x08004410   0x08004410   0x00000060   Code   RO         2552    i.xTaskCreateStatic  tasks.o
    0x08004470   0x08004470   0x0000001c   Code   RO         2556    i.xTaskGetSchedulerState  tasks.o
    0x0800448c   0x0800448c   0x0000000c   Code   RO         2557    i.xTaskGetTickCount  tasks.o
    0x08004498   0x08004498   0x000000d4   Code   RO         2559    i.xTaskIncrementTick  tasks.o
    0x0800456c   0x0800456c   0x000000cc   Code   RO         2565    i.xTaskResumeAll    tasks.o
    0x08004638   0x08004638   0x00000038   Data   RO          232    .constdata          freertos.o
    0x08004670   0x08004670   0x00000008   Data   RO          859    .constdata          stm32f4xx_hal_dma.o
    0x08004678   0x08004678   0x00000010   Data   RO         2005    .constdata          system_stm32f4xx.o
    0x08004688   0x08004688   0x00000008   Data   RO         2006    .constdata          system_stm32f4xx.o
    0x08004690   0x08004690   0x00000818   Data   RO         3551    .constdata          oled.o
    0x08004ea8   0x08004ea8   0x00000018   Data   RO          233    .conststring        freertos.o
    0x08004ec0   0x08004ec0   0x00000020   Data   RO         4006    Region$$Table       anon$$obj.o


    Execution Region RW_IRAM1 (Exec base: 0x20000000, Load base: 0x08004ee0, Size: 0x00004880, Max: 0x0001c000, ABSOLUTE)

    Exec Addr    Load Addr    Size         Type   Attr      Idx    E Section Name        Object

    0x20000000   0x08004ee0   0x00000004   Data   RW          235    .data               freertos.o
    0x20000004   0x08004ee4   0x0000000c   Data   RW         1286    .data               stm32f4xx_hal.o
    0x20000010   0x08004ef0   0x00000004   Data   RW         2007    .data               system_stm32f4xx.o
    0x20000014   0x08004ef4   0x0000003c   Data   RW         2568    .data               tasks.o
    0x20000050   0x08004f30   0x00000020   Data   RW         3221    .data               heap_4.o
    0x20000070   0x08004f50   0x0000000c   Data   RW         3289    .data               port.o
    0x2000007c   0x08004f5c   0x00000008   Data   RW         3385    .data               i2c.o
    0x20000084        -       0x00000254   Zero   RW          231    .bss                freertos.o
    0x200002d8        -       0x000000f0   Zero   RW         2567    .bss                tasks.o
    0x200003c8        -       0x00003c00   Zero   RW         3220    .bss                heap_4.o
    0x20003fc8        -       0x000000b4   Zero   RW         3384    .bss                i2c.o
    0x2000407c        -       0x00000400   Zero   RW         3550    .bss                oled.o
    0x2000447c   0x08004f64   0x00000004   PAD
    0x20004480        -       0x00000400   Zero   RW            1    STACK               startup_stm32f407xx.o


    Execution Region RW_IRAM2 (Exec base: 0x2001c000, Load base: 0x08004f64, Size: 0x00000000, Max: 0x00004000, ABSOLUTE)

    **** No section assigned to this execution region ****


==============================================================================

Image component sizes


      Code (inc. data)   RO Data    RW Data    ZI Data      Debug   Object Name

       130          0          0          0          0      23095   cmsis_os.o
         0          0          0          0          0      16904   event_groups.o
       280         38         80          4        596       3375   freertos.o
        60          6          0          0          0        843   gpio.o
       504         32          0         32      15360       7595   heap_4.o
      1084        128          0          8        180      11574   i2c.o
       144          0          0          0          0       3606   list.o
       178         10          0          0          0     690240   main.o
       388         18       2072          0       1024       4281   oled.o
       730         82          0         12          0      11160   port.o
        36          8        392          0       1024        840   startup_stm32f407xx.o
       180         28          0         12          0       9441   stm32f4xx_hal.o
       198         14          0          0          0      33971   stm32f4xx_hal_cortex.o
       948         16          8          0          0       7676   stm32f4xx_hal_dma.o
       876         86          0          0          0       3817   stm32f4xx_hal_gpio.o
      4920         80          0          0          0      29961   stm32f4xx_hal_i2c.o
        56          4          0          0          0        874   stm32f4xx_hal_msp.o
      1312         60          0          0          0       4665   stm32f4xx_hal_rcc.o
        60         12          0          0          0       4306   stm32f4xx_it.o
         0          0          0          0          0        392   stream_buffer.o
        16          4         24          4          0       1139   system_stm32f4xx.o
      1670        152          0         60        240      21942   tasks.o

    ----------------------------------------------------------------------
     13804        778       2608        132      18428     891697   Object Totals
         0          0         32          0          0          0   (incl. Generated)
        34          0          0          0          4          0   (incl. Padding)

    ----------------------------------------------------------------------

      Code (inc. data)   RO Data    RW Data    ZI Data      Debug   Library Member Name

         0          0          0          0          0          0   entry.o
         0          0          0          0          0          0   entry10a.o
         0          0          0          0          0          0   entry11a.o
         8          4          0          0          0          0   entry2.o
         4          0          0          0          0          0   entry5.o
         0          0          0          0          0          0   entry7b.o
         0          0          0          0          0          0   entry8b.o
         8          4          0          0          0          0   entry9a.o
        30          0          0          0          0          0   handlers.o
        36          8          0          0          0         68   init.o
         0          0          0          0          0          0   iusefp.o
        30          0          0          0          0         68   llshl.o
        36          0          0          0          0         68   llsshr.o
        32          0          0          0          0         68   llushr.o
        36          0          0          0          0         68   memcpya.o
        36          0          0          0          0        108   memseta.o
      2276         86          0          0          0        520   printfa.o
        44          0          0          0          0         80   uidiv.o
        98          0          0          0          0         92   uldiv.o
        48          0          0          0          0         68   cdrcmple.o
       334          0          0          0          0        148   dadd.o
       222          0          0          0          0        100   ddiv.o
       186          0          0          0          0        176   depilogue.o
        48          0          0          0          0         68   dfixul.o
       228          0          0          0          0         96   dmul.o
        38          0          0          0          0         68   f2d.o

    ----------------------------------------------------------------------
      3780        102          0          0          0       1864   Library Totals
         2          0          0          0          0          0   (incl. Padding)

    ----------------------------------------------------------------------

      Code (inc. data)   RO Data    RW Data    ZI Data      Debug   Library Name

      2674        102          0          0          0       1140   mc_w.l
      1104          0          0          0          0        724   mf_w.l

    ----------------------------------------------------------------------
      3780        102          0          0          0       1864   Library Totals

    ----------------------------------------------------------------------

==============================================================================


      Code (inc. data)   RO Data    RW Data    ZI Data      Debug   

     17584        880       2608        132      18428     879729   Grand Totals
     17584        880       2608        132      18428     879729   ELF Image Totals
     17584        880       2608        132          0          0   ROM Totals

==============================================================================

    Total RO  Size (Code + RO Data)                20192 (  19.72kB)
    Total RW  Size (RW Data + ZI Data)             18560 (  18.13kB)
    Total ROM Size (Code + RO Data + RW Data)      20324 (  19.85kB)

==============================================================================

