main.c:90:5:main	8	static
main.c:165:6:SystemClock_Config	88	static
main.c:215:13:MX_ADC1_Init	24	static
main.c:260:13:MX_ADC2_Init	24	static
main.c:305:13:MX_CAN_Init	8	static
main.c:342:13:MX_RTC_Init	8	static
main.c:372:13:MX_SPI2_Init	8	static
main.c:410:13:MX_USART1_UART_Init	8	static
main.c:443:13:MX_USART2_UART_Init	8	static
main.c:476:13:MX_USART3_UART_Init	8	static
main.c:509:13:MX_USB_PCD_Init	8	static
main.c:540:13:MX_GPIO_Init	40	static
main.c:606:6:Error_Handler	4	static,ignoring_inline_asm
