<html>
<body>
<pre>
<h1>礦ision Build Log</h1>
<h2>Tool Versions:</h2>
IDE-Version: μVision V5.23.0.0
Copyright (C) 2017 ARM Ltd and ARM Germany GmbH. All rights reserved.
License Information: 1 黑尾鹿, 1, LIC=X1E4T-RW5H9-INBA7-EHZ8F-0TQ5H-BD38B
 
Tool Versions:
Toolchain:       MDK-ARM Professional  Version: 5.23
Toolchain Path:  D:\keil5arm\ARM\ARMCC\Bin
C Compiler:      Armcc.exe V5.06 update 4 (build 422)
Assembler:       Armasm.exe V5.06 update 4 (build 422)
Linker/Locator:  ArmLink.exe V5.06 update 4 (build 422)
Library Manager: ArmAr.exe V5.06 update 4 (build 422)
Hex Converter:   FromElf.exe V5.06 update 4 (build 422)
CPU DLL:         SARMCM3.DLL V5.23
Dialog DLL:      DCM.DLL V1.15.0.0
Target DLL:      CMSIS_AGDI.dll V1.27.5.0
Dialog DLL:      TCM.DLL V1.27.0.0
 
<h2>Project:</h2>
D:\学习资料\项目\stm32+openmv寻迹\DIY\stm32\BalanceCar_Heiweilu\MDK-ARM\BalanceCar_Heiwelu.uvprojx
Project File Date:  05/02/2022

<h2>Output:</h2>
*** Using Compiler 'V5.06 update 4 (build 422)', folder: 'D:\keil5arm\ARM\ARMCC\Bin'
Build target 'MPU6050'
compiling main.c...
../Core/Src/main.c(66): warning:  #1295-D: Deprecated declaration UART_Proc - give arg types
  void UART_Proc();
../Core/Src/main.c(194): warning:  #550-D: variable "res"  was set but never used
  		uint8_t res;
../Core/Src/main.c(202): warning:  #188-D: enumerated type mixed with another type
   HAL_GPIO_WritePin(
PIOC, 
PIO_PIN_13, 0); //打开PC13 LED
../Core/Src/main.c(383): warning:  #177-D: variable "Turn_Target"  was declared but never referenced
     float Turn_Target,Turn_PWM,Bias,Encoder_temp,Turn_Convert=70,Turn_Count; 
../Core/Src/main.c(383): warning:  #177-D: variable "Encoder_temp"  was declared but never referenced
     float Turn_Target,Turn_PWM,Bias,Encoder_temp,Turn_Convert=70,Turn_Count; 
../Core/Src/main.c(383): warning:  #177-D: variable "Turn_Convert"  was declared but never referenced
     float Turn_Target,Turn_PWM,Bias,Encoder_temp,Turn_Convert=70,Turn_Count; 
../Core/Src/main.c(383): warning:  #177-D: variable "Turn_Count"  was declared but never referenced
     float Turn_Target,Turn_PWM,Bias,Encoder_temp,Turn_Convert=70,Turn_Count; 
../Core/Src/main.c(418): warning:  #188-D: enumerated type mixed with another type
  	HAL_GPIO_WritePin(
PIOA, 
PIO_PIN_4, AIN1);
../Core/Src/main.c(419): warning:  #188-D: enumerated type mixed with another type
  	HAL_GPIO_WritePin(
PIOA, 
PIO_PIN_5, AIN2);
../Core/Src/main.c(421): warning:  #188-D: enumerated type mixed with another type
  	HAL_GPIO_WritePin(
PIOB, 
PIO_PIN_12, BIN1);
../Core/Src/main.c(422): warning:  #188-D: enumerated type mixed with another type
  	HAL_GPIO_WritePin(
PIOB, 
PIO_PIN_13, BIN2);			
../Core/Src/main.c(596): warning:  #188-D: enumerated type mixed with another type
  						HAL_GPIO_WritePin(
PIOC, 
PIO_PIN_13, 1);						
../Core/Src/main.c(610): warning:  #188-D: enumerated type mixed with another type
  						HAL_GPIO_WritePin(
PIOC, 
PIO_PIN_13, 0);	
../Core/Src/main.c: 13 warnings, 0 errors
linking...
Program Size: Code=23164 RO-data=3676 RW-data=180 ZI-data=1548  
FromELF: creating hex file...
"MPU6050\BalanceCar_Heiweilu.axf" - 0 Error(s), 13 Warning(s).

<h2>Software Packages used:</h2>

Package Vendor: ARM
                http://www.keil.com/pack/ARM.CMSIS.5.8.0.pack
                ARM::CMSIS:CORE:5.5.0
                CMSIS (Common Microcontroller Software Interface Standard)
   * Component: CORE Version: 5.5.0

<h2>Collection of Component include folders:</h2>
  .\RTE\_MPU6050
  D:\keil5arm\ARM\PACK\ARM\CMSIS\5.8.0\CMSIS\Core\Include
  D:\keil5arm\ARM\PACK\Keil\STM32F1xx_DFP\2.4.0\Device\Include

<h2>Collection of Component Files used:</h2>

   * Component: ARM::CMSIS:CORE:5.5.0
Build Time Elapsed:  00:00:02
</pre>
</body>
</html>
