main.c:92:5:main	8	static
main.c:184:6:SystemClock_Config	88	static
main.c:234:13:MX_ADC1_Init	24	static
main.c:279:13:MX_ADC2_Init	24	static
main.c:324:13:MX_CAN_Init	8	static
main.c:361:13:MX_RTC_Init	8	static
main.c:391:13:MX_SPI2_Init	8	static
main.c:429:13:MX_USART1_UART_Init	8	static
main.c:462:13:MX_USART2_UART_Init	8	static
main.c:495:13:MX_USART3_UART_Init	8	static
main.c:528:13:MX_USB_PCD_Init	8	static
main.c:559:13:MX_GPIO_Init	40	static
main.c:625:6:Error_Handler	4	static,ignoring_inline_asm
