C51 COMPILER V9.54   KEY                                                                   12/02/2021 23:30:45 PAGE 1   


C51 COMPILER V9.54, COMPILATION OF MODULE KEY
OBJECT MODULE PLACED IN .\Objects\key.obj
COMPILER INVOKED BY: E:\kiel5\C51\BIN\C51.EXE ..\CODE\key.c OPTIMIZE(8,SPEED) INCDIR(..\CODE;..\SYS;..\USER) DEBUG OBJEC
                    -TEXTEND PRINT(.\Listings\key.lst) TABS(2) OBJECT(.\Objects\key.obj)

line level    source

   1          #include "key.h"
*** WARNING C318 IN LINE 9 OF num.h: can't open file 'STC15F2K60S2.h'
*** ERROR C202 IN LINE 5 OF ..\CODE\key.h: 'P4': undefined identifier
*** ERROR C202 IN LINE 6 OF ..\CODE\key.h: 'P4': undefined identifier
*** ERROR C202 IN LINE 7 OF ..\CODE\key.h: 'P3': undefined identifier
*** ERROR C202 IN LINE 8 OF ..\CODE\key.h: 'P3': undefined identifier
   2          
   3          
   4          uchar keyscan()
   5          {
   6   1      uchar temp;
   7   1      uint key_value;
   8   1      W1=0;W2=1;W3=1;W4=1;  
*** ERROR C202 IN LINE 8 OF ..\CODE\key.c: 'W1': undefined identifier
*** ERROR C202 IN LINE 8 OF ..\CODE\key.c: 'W2': undefined identifier
*** ERROR C202 IN LINE 8 OF ..\CODE\key.c: 'W3': undefined identifier
*** ERROR C202 IN LINE 8 OF ..\CODE\key.c: 'W4': undefined identifier
   9   1      key_value=P3&0x0f;
*** ERROR C202 IN LINE 9 OF ..\CODE\key.c: 'P3': undefined identifier
  10   1      W1=1;W2=0;W3=1;W4=1;  
*** ERROR C202 IN LINE 10 OF ..\CODE\key.c: 'W1': undefined identifier
*** ERROR C202 IN LINE 10 OF ..\CODE\key.c: 'W2': undefined identifier
*** ERROR C202 IN LINE 10 OF ..\CODE\key.c: 'W3': undefined identifier
*** ERROR C202 IN LINE 10 OF ..\CODE\key.c: 'W4': undefined identifier
  11   1      key_value=(key_value<<4)|(P3&0x0f);
*** ERROR C202 IN LINE 11 OF ..\CODE\key.c: 'P3': undefined identifier
  12   1      W1=1;W2=1;W3=0;W4=1;  
*** ERROR C202 IN LINE 12 OF ..\CODE\key.c: 'W1': undefined identifier
*** ERROR C202 IN LINE 12 OF ..\CODE\key.c: 'W2': undefined identifier
*** ERROR C202 IN LINE 12 OF ..\CODE\key.c: 'W3': undefined identifier
*** ERROR C202 IN LINE 12 OF ..\CODE\key.c: 'W4': undefined identifier
  13   1      key_value=(key_value<<4)|(P3&0x0f);
*** ERROR C202 IN LINE 13 OF ..\CODE\key.c: 'P3': undefined identifier
  14   1      W1=1;W2=1;W3=1;W4=0;  
*** ERROR C202 IN LINE 14 OF ..\CODE\key.c: 'W1': undefined identifier
*** ERROR C202 IN LINE 14 OF ..\CODE\key.c: 'W2': undefined identifier
*** ERROR C202 IN LINE 14 OF ..\CODE\key.c: 'W3': undefined identifier
*** ERROR C202 IN LINE 14 OF ..\CODE\key.c: 'W4': undefined identifier
  15   1      key_value=(key_value<<4)|(P3&0x0f);
*** ERROR C202 IN LINE 15 OF ..\CODE\key.c: 'P3': undefined identifier
  16   1      switch(~key_value)
  17   1      {
  18   2        case 0x8000: temp=s4;break;
  19   2        case 0x4000: temp=s5;break;
  20   2        case 0x2000: temp=s6;break;
  21   2        case 0x1000: temp=s7;break;
  22   2        case 0x0800: temp=s8;break;
  23   2        case 0x0400: temp=s9;break;
  24   2        case 0x0200: temp=s10;break;
  25   2        case 0x0100: temp=s11;break;
  26   2        case 0x0080: temp=s12;break;
  27   2        case 0x0040: temp=s13;break;
  28   2        case 0x0020: temp=s14;break;
  29   2        case 0x0010: temp=s15;break;  
C51 COMPILER V9.54   KEY                                                                   12/02/2021 23:30:45 PAGE 2   

  30   2        case 0x0008: temp=s16;break;
  31   2        case 0x0004: temp=s17;break;
  32   2        case 0x0002: temp=s18;break;
  33   2        case 0x0001: temp=s19;break;
  34   2        default:    temp=0; break;
  35   2      }
  36   1      return temp;  
  37   1      }

C51 COMPILATION COMPLETE.  1 WARNING(S),  24 ERROR(S)
